Archive member included because of file (symbol)

/home/ergae/r2p-sdk/tools/gcc-arm-none-eabi-4_9-2014q4/bin/../lib/gcc/arm-none-eabi/4.9.3/armv7e-m/fpu/libgcc.a(_arm_addsubdf3.o)
                              build/obj/chprintf.o (__aeabi_dsub)
/home/ergae/r2p-sdk/tools/gcc-arm-none-eabi-4_9-2014q4/bin/../lib/gcc/arm-none-eabi/4.9.3/armv7e-m/fpu/libgcc.a(_arm_muldivdf3.o)
                              build/obj/chprintf.o (__aeabi_dmul)
/home/ergae/r2p-sdk/tools/gcc-arm-none-eabi-4_9-2014q4/bin/../lib/gcc/arm-none-eabi/4.9.3/armv7e-m/fpu/libgcc.a(_arm_fixdfsi.o)
                              build/obj/chprintf.o (__aeabi_d2iz)
/home/ergae/r2p-sdk/tools/gcc-arm-none-eabi-4_9-2014q4/bin/../lib/gcc/arm-none-eabi/4.9.3/armv7e-m/fpu/libgcc.a(_arm_truncdfsf2.o)
                              build/obj/chprintf.o (__aeabi_d2f)
/home/ergae/r2p-sdk/tools/gcc-arm-none-eabi-4_9-2014q4/bin/../lib/gcc/arm-none-eabi/4.9.3/../../../../arm-none-eabi/lib/armv7e-m/fpu/libg.a(lib_a-aeabi_atexit.o)
                              build/obj/shell_node.o (__aeabi_atexit)
/home/ergae/r2p-sdk/tools/gcc-arm-none-eabi-4_9-2014q4/bin/../lib/gcc/arm-none-eabi/4.9.3/../../../../arm-none-eabi/lib/armv7e-m/fpu/libg.a(lib_a-atof.o)
                              build/obj/shell_node.o (atof)
/home/ergae/r2p-sdk/tools/gcc-arm-none-eabi-4_9-2014q4/bin/../lib/gcc/arm-none-eabi/4.9.3/../../../../arm-none-eabi/lib/armv7e-m/fpu/libg.a(lib_a-cxa_atexit.o)
                              /home/ergae/r2p-sdk/tools/gcc-arm-none-eabi-4_9-2014q4/bin/../lib/gcc/arm-none-eabi/4.9.3/../../../../arm-none-eabi/lib/armv7e-m/fpu/libg.a(lib_a-aeabi_atexit.o) (__cxa_atexit)
/home/ergae/r2p-sdk/tools/gcc-arm-none-eabi-4_9-2014q4/bin/../lib/gcc/arm-none-eabi/4.9.3/../../../../arm-none-eabi/lib/armv7e-m/fpu/libg.a(lib_a-memcpy.o)
                              build/obj/Message.o (memcpy)
/home/ergae/r2p-sdk/tools/gcc-arm-none-eabi-4_9-2014q4/bin/../lib/gcc/arm-none-eabi/4.9.3/../../../../arm-none-eabi/lib/armv7e-m/fpu/libg.a(lib_a-memset.o)
                              build/obj/usb.o (memset)
/home/ergae/r2p-sdk/tools/gcc-arm-none-eabi-4_9-2014q4/bin/../lib/gcc/arm-none-eabi/4.9.3/../../../../arm-none-eabi/lib/armv7e-m/fpu/libg.a(lib_a-strcasecmp.o)
                              build/obj/shell.o (strcasecmp)
/home/ergae/r2p-sdk/tools/gcc-arm-none-eabi-4_9-2014q4/bin/../lib/gcc/arm-none-eabi/4.9.3/../../../../arm-none-eabi/lib/armv7e-m/fpu/libg.a(lib_a-strncmp.o)
                              build/obj/BaseSubscriber.o (strncmp)
/home/ergae/r2p-sdk/tools/gcc-arm-none-eabi-4_9-2014q4/bin/../lib/gcc/arm-none-eabi/4.9.3/../../../../arm-none-eabi/lib/armv7e-m/fpu/libg.a(lib_a-strncpy.o)
                              build/obj/Middleware.o (strncpy)
/home/ergae/r2p-sdk/tools/gcc-arm-none-eabi-4_9-2014q4/bin/../lib/gcc/arm-none-eabi/4.9.3/../../../../arm-none-eabi/lib/armv7e-m/fpu/libg.a(lib_a-strpbrk.o)
                              build/obj/shell.o (strpbrk)
/home/ergae/r2p-sdk/tools/gcc-arm-none-eabi-4_9-2014q4/bin/../lib/gcc/arm-none-eabi/4.9.3/../../../../arm-none-eabi/lib/armv7e-m/fpu/libg.a(lib_a-strspn.o)
                              build/obj/shell.o (strspn)
/home/ergae/r2p-sdk/tools/gcc-arm-none-eabi-4_9-2014q4/bin/../lib/gcc/arm-none-eabi/4.9.3/../../../../arm-none-eabi/lib/armv7e-m/fpu/libg.a(lib_a-strtod.o)
                              /home/ergae/r2p-sdk/tools/gcc-arm-none-eabi-4_9-2014q4/bin/../lib/gcc/arm-none-eabi/4.9.3/../../../../arm-none-eabi/lib/armv7e-m/fpu/libg.a(lib_a-atof.o) (strtod)
/home/ergae/r2p-sdk/tools/gcc-arm-none-eabi-4_9-2014q4/bin/../lib/gcc/arm-none-eabi/4.9.3/../../../../arm-none-eabi/lib/armv7e-m/fpu/libg.a(lib_a-__atexit.o)
                              /home/ergae/r2p-sdk/tools/gcc-arm-none-eabi-4_9-2014q4/bin/../lib/gcc/arm-none-eabi/4.9.3/../../../../arm-none-eabi/lib/armv7e-m/fpu/libg.a(lib_a-cxa_atexit.o) (__register_exitproc)
/home/ergae/r2p-sdk/tools/gcc-arm-none-eabi-4_9-2014q4/bin/../lib/gcc/arm-none-eabi/4.9.3/../../../../arm-none-eabi/lib/armv7e-m/fpu/libg.a(lib_a-ctype_.o)
                              /home/ergae/r2p-sdk/tools/gcc-arm-none-eabi-4_9-2014q4/bin/../lib/gcc/arm-none-eabi/4.9.3/../../../../arm-none-eabi/lib/armv7e-m/fpu/libg.a(lib_a-strcasecmp.o) (__ctype_ptr__)
/home/ergae/r2p-sdk/tools/gcc-arm-none-eabi-4_9-2014q4/bin/../lib/gcc/arm-none-eabi/4.9.3/../../../../arm-none-eabi/lib/armv7e-m/fpu/libg.a(lib_a-gdtoa-gethex.o)
                              /home/ergae/r2p-sdk/tools/gcc-arm-none-eabi-4_9-2014q4/bin/../lib/gcc/arm-none-eabi/4.9.3/../../../../arm-none-eabi/lib/armv7e-m/fpu/libg.a(lib_a-strtod.o) (__gethex)
/home/ergae/r2p-sdk/tools/gcc-arm-none-eabi-4_9-2014q4/bin/../lib/gcc/arm-none-eabi/4.9.3/../../../../arm-none-eabi/lib/armv7e-m/fpu/libg.a(lib_a-gdtoa-hexnan.o)
                              /home/ergae/r2p-sdk/tools/gcc-arm-none-eabi-4_9-2014q4/bin/../lib/gcc/arm-none-eabi/4.9.3/../../../../arm-none-eabi/lib/armv7e-m/fpu/libg.a(lib_a-strtod.o) (__hexnan)
[...]
Memory Configuration

Name             Origin             Length             Attributes
flash            0x08000000         0x00040000
ram              0x20000000         0x0000a000
ccmram           0x10000000         0x00002000
*default*        0x00000000         0xffffffff

Linker script and memory map

LOAD build/obj/crt0.o
LOAD build/obj/vectors.o
LOAD build/obj/chcore.o
LOAD build/obj/chcore_v7m.o
LOAD build/obj/nvic.o
LOAD build/obj/chsys.o
LOAD build/obj/chdebug.o
LOAD build/obj/chlists.o
LOAD build/obj/chvt.o
LOAD build/obj/chschd.o
LOAD build/obj/chthreads.o
LOAD build/obj/chdynamic.o
LOAD build/obj/chregistry.o
LOAD build/obj/chsem.o
LOAD build/obj/chmtx.o
LOAD build/obj/chcond.o
LOAD build/obj/chevents.o
LOAD build/obj/chmsg.o
LOAD build/obj/chmboxes.o
LOAD build/obj/chqueues.o
LOAD build/obj/chmemcore.o
LOAD build/obj/chheap.o
LOAD build/obj/chmempools.o
LOAD build/obj/hal.o
LOAD build/obj/adc.o
LOAD build/obj/can.o
LOAD build/obj/ext.o
LOAD build/obj/gpt.o
LOAD build/obj/i2c.o
LOAD build/obj/icu.o
LOAD build/obj/mac.o
LOAD build/obj/mmc_spi.o
LOAD build/obj/mmcsd.o
LOAD build/obj/pal.o
LOAD build/obj/pwm.o
LOAD build/obj/rtc.o
LOAD build/obj/sdc.o
LOAD build/obj/serial.o
LOAD build/obj/serial_usb.o
LOAD build/obj/spi.o
LOAD build/obj/tm.o
LOAD build/obj/uart.o
LOAD build/obj/usb.o
LOAD build/obj/stm32_dma.o
LOAD build/obj/hal_lld.o
LOAD build/obj/adc_lld.o
LOAD build/obj/ext_lld_isr.o
LOAD build/obj/can_lld.o
LOAD build/obj/ext_lld.o
LOAD build/obj/pal_lld.o
LOAD build/obj/i2c_lld.o
LOAD build/obj/rtc_lld.o
LOAD build/obj/spi_lld.o
LOAD build/obj/gpt_lld.o
LOAD build/obj/icu_lld.o
LOAD build/obj/pwm_lld.o
LOAD build/obj/serial_lld.o
LOAD build/obj/uart_lld.o
LOAD build/obj/usb_lld.o
LOAD build/obj/chprintf.o
LOAD build/obj/evtimer.o
LOAD build/obj/shell.o
LOAD build/obj/syscalls.o
LOAD build/obj/rtcan.o
LOAD build/obj/msgqueue.o
LOAD build/obj/hrt.o
LOAD build/obj/srt.o
LOAD build/obj/rtcan_lld_can.o
LOAD build/obj/rtcan_lld_tim.o
LOAD build/obj/board.o
LOAD build/obj/stubs.o
LOAD build/obj/usbcfg.o
LOAD build/obj/ArrayQueue_.o
LOAD build/obj/SimplePool_.o
LOAD build/obj/StaticList_.o
LOAD build/obj/StaticQueue_.o
LOAD build/obj/BasePublisher.o
LOAD build/obj/BaseSubscriber.o
LOAD build/obj/BaseSubscriberQueue.o
LOAD build/obj/BootMsg.o
LOAD build/obj/Checksummer.o
LOAD build/obj/LocalPublisher.o
LOAD build/obj/LocalSubscriber.o
LOAD build/obj/MessagePtrQueue.o
LOAD build/obj/Message.o
LOAD build/obj/Middleware.o
LOAD build/obj/Node.o
LOAD build/obj/RemotePublisher.o
LOAD build/obj/RemoteSubscriber.o
LOAD build/obj/Time.o
LOAD build/obj/TimestampedMsgPtrQueue.o
LOAD build/obj/Topic.o
LOAD build/obj/Transport.o
LOAD build/obj/Utils.o
LOAD build/obj/RTCANTransport.o
LOAD build/obj/RTCANPublisher.o
LOAD build/obj/RTCANSubscriber.o
LOAD build/obj/Middleware_.o
LOAD build/obj/Time_.o
LOAD build/obj/chnew.o
LOAD build/obj/led.o
LOAD build/obj/shell_node.o
LOAD build/obj/pixy_node.o
LOAD build/obj/follow_node.o
LOAD build/obj/main.o
                0x00000400                __main_stack_size__ = 0x400
                0x00000400                __process_stack_size__ = 0x400
                0x20000000                __ram_start__ = ORIGIN (ram)
                0x0000a000                __ram_size__ = 0xa000
                0x2000a000                __ram_end__ = (__ram_start__ + __ram_size__)
                0x00000000                . = 0x0
                0x00000000                _text = .

startup         0x08000000      0x188
 *(vectors)
 vectors        0x08000000      0x188 build/obj/vectors.o
                0x08000000                _vectors

constructors    0x08000188        0xc
                0x08000188                PROVIDE (__init_array_start, .)
 *(SORT(.init_array.*))
 *(.init_array)
 .init_array    0x08000188        0x4 build/obj/Time.o
 .init_array    0x0800018c        0x4 build/obj/shell_node.o
 .init_array    0x08000190        0x4 build/obj/main.o
                0x08000194                PROVIDE (__init_array_end, .)

destructors     0x08000194        0x0
                0x08000194                PROVIDE (__fini_array_start, .)
 *(.fini_array)
 *(SORT(.fini_array.*))
                0x08000194                PROVIDE (__fini_array_end, .)

.text           0x080001a0    0x1316c
 *(.text.startup.*)
 *(.text)
 .text          0x080001a0      0x370 /home/ergae/r2p-sdk/tools/gcc-arm-none-eabi-4_9-2014q4/bin/../lib/gcc/arm-none-eabi/4.9.3/armv7e-m/fpu/libgcc.a(_arm_addsubdf3.o)
                0x080001a0                __aeabi_drsub
                0x080001a8                __aeabi_dsub
                0x080001a8                __subdf3
                0x080001ac                __adddf3
                0x080001ac                __aeabi_dadd
                0x08000424                __aeabi_ui2d
                0x08000424                __floatunsidf
                0x08000444                __floatsidf
                0x08000444                __aeabi_i2d
                0x08000468                __extendsfdf2
                0x08000468                __aeabi_f2d
                0x080004a4                __aeabi_ul2d
                0x080004a4                __floatundidf
                0x080004b4                __floatdidf
                0x080004b4                __aeabi_l2d
 .text          0x08000510      0x424 /home/ergae/r2p-sdk/tools/gcc-arm-none-eabi-4_9-2014q4/bin/../lib/gcc/arm-none-eabi/4.9.3/armv7e-m/fpu/libgcc.a(_arm_muldivdf3.o)
                0x08000510                __aeabi_dmul
                0x08000510                __muldf3
                0x08000764                __aeabi_ddiv
                0x08000764                __divdf3
 *fill*         0x08000934        0xc 
 .text          0x08000940       0x50 /home/ergae/r2p-sdk/tools/gcc-arm-none-eabi-4_9-2014q4/bin/../lib/gcc/arm-none-eabi/4.9.3/armv7e-m/fpu/libgcc.a(_arm_fixdfsi.o)
                0x08000940                __fixdfsi
                0x08000940                __aeabi_d2iz
 .text          0x08000990       0xa0 /home/ergae/r2p-sdk/tools/gcc-arm-none-eabi-4_9-2014q4/bin/../lib/gcc/arm-none-eabi/4.9.3/armv7e-m/fpu/libgcc.a(_arm_truncdfsf2.o)
                0x08000990                __aeabi_d2f
                0x08000990                __truncdfsf2
 .text          0x08000a30      0x134 /home/ergae/r2p-sdk/tools/gcc-arm-none-eabi-4_9-2014q4/bin/../lib/gcc/arm-none-eabi/4.9.3/../../../../arm-none-eabi/lib/armv7e-m/fpu/libg.a(lib_a-memcpy.o)
                0x08000a30                memcpy
 *fill*         0x08000b64        0xc 
 .text          0x08000b70      0x110 /home/ergae/r2p-sdk/tools/gcc-arm-none-eabi-4_9-2014q4/bin/../lib/gcc/arm-none-eabi/4.9.3/armv7e-m/fpu/libgcc.a(_arm_cmpdf2.o)
                0x08000b70                __gtdf2
                0x08000b70                __gedf2
                0x08000b78                __ltdf2
                0x08000b78                __ledf2
                0x08000b80                __cmpdf2
                0x08000b80                __eqdf2
                0x08000b80                __nedf2
                0x08000bfc                __aeabi_cdrcmple
                0x08000c0c                __aeabi_cdcmple
                0x08000c0c                __aeabi_cdcmpeq
                0x08000c1c                __aeabi_dcmpeq
                0x08000c30                __aeabi_dcmplt
                0x08000c44                __aeabi_dcmple
                0x08000c58                __aeabi_dcmpge
                0x08000c6c                __aeabi_dcmpgt
 .text          0x08000c80       0x40 /home/ergae/r2p-sdk/tools/gcc-arm-none-eabi-4_9-2014q4/bin/../lib/gcc/arm-none-eabi/4.9.3/armv7e-m/fpu/libgcc.a(_arm_fixunsdfsi.o)
                0x08000c80                __fixunsdfsi
                0x08000c80                __aeabi_d2uiz
 *(.text.*)
 .text.__late_init
                0x08000cc0       0x10 build/obj/crt0.o
                0x08000cc0                __late_init
 .text._default_exit
                0x08000cd0       0x10 build/obj/crt0.o
                0x08000cd0                _default_exit
 .text.ResetHandler
                0x08000ce0      0x100 build/obj/crt0.o
                0x08000ce0                ResetHandler
 .text._unhandled_exception
                0x08000de0       0x10 build/obj/vectors.o
                0x08000de0                Vector58
                0x08000de0                VectorE8
                0x08000de0                Vector9C
                0x08000de0                VectorAC
                0x08000de0                Vector5C
                0x08000de0                NMIVector
                0x08000de0                Vector11C
                0x08000de0                Vector110
                0x08000de0                VectorC8
                0x08000de0                VectorA8
                0x08000de0                VectorB4
                0x08000de0                Vector160
                0x08000de0                VectorEC
                0x08000de0                UsageFaultVector
                0x08000de0                DebugMonitorVector
                0x08000de0                Vector40
                0x08000de0                VectorF8
                0x08000de0                Vector108
                0x08000de0                VectorBC
                0x08000de0                Vector150
                0x08000de0                Vector148
                0x08000de0                PendSVVector
                0x08000de0                Vector118
                0x08000de0                Vector64
                0x08000de0                VectorCC
                0x08000de0                Vector54
                0x08000de0                VectorD8
                0x08000de0                Vector138
                0x08000de0                Vector24
                0x08000de0                Vector178
                0x08000de0                BusFaultVector
                0x08000de0                VectorD0
                0x08000de0                Vector140
                0x08000de0                VectorE4
                0x08000de0                VectorC0
                0x08000de0                Vector158
                0x08000de0                HardFaultVector
                0x08000de0                Vector134
                0x08000de0                VectorF0
                0x08000de0                Vector13C
                0x08000de0                Vector100
                0x08000de0                VectorE0
                0x08000de0                VectorF4
                0x08000de0                MemManageVector
                0x08000de0                VectorA0
                0x08000de0                VectorC4
                0x08000de0                Vector180
                0x08000de0                VectorB0
                0x08000de0                Vector114
                0x08000de0                Vector164
                0x08000de0                Vector60
                0x08000de0                Vector1C
                0x08000de0                Vector17C
                0x08000de0                Vector48
                0x08000de0                VectorD4
                0x08000de0                Vector4C
                0x08000de0                Vector144
                0x08000de0                Vector15C
                0x08000de0                Vector68
                0x08000de0                _unhandled_exception
                0x08000de0                Vector170
                0x08000de0                Vector88
                0x08000de0                Vector104
                0x08000de0                Vector184
                0x08000de0                Vector10C
                0x08000de0                Vector14C
                0x08000de0                Vector50
                0x08000de0                Vector154
                0x08000de0                Vector44
                0x08000de0                Vector28
                0x08000de0                VectorB8
                0x08000de0                VectorFC
                0x08000de0                Vector34
                0x08000de0                VectorA4
                0x08000de0                Vector20
                0x08000de0                Vector174
 .text.port_halt
                0x08000df0       0x10 build/obj/chcore.o
                0x08000df0                port_halt
 .text.SysTickVector
                0x08000e00       0x30 build/obj/chcore_v7m.o
                0x08000e00                SysTickVector
 .text.SVCallVector
                0x08000e30       0x30 build/obj/chcore_v7m.o
                0x08000e30                SVCallVector
 .text._port_init
                0x08000e60       0x30 build/obj/chcore_v7m.o
                0x08000e60                _port_init
 .text._port_irq_epilogue
                0x08000e90       0xa0 build/obj/chcore_v7m.o
                0x08000e90                _port_irq_epilogue
 .text._port_switch_from_isr
                0x08000f30       0x10 build/obj/chcore_v7m.o
                0x08000f30                _port_switch_from_isr
 .text._port_switch
                0x08000f40       0x20 build/obj/chcore_v7m.o
                0x08000f40                _port_switch
 .text._port_thread_start
                0x08000f60       0x20 build/obj/chcore_v7m.o
                0x08000f60                _port_thread_start
 .text.nvicEnableVector
                0x08000f80       0x80 build/obj/nvic.o
                0x08000f80                nvicEnableVector
 .text.nvicSetSystemHandlerPriority
                0x08001000       0x50 build/obj/nvic.o
                0x08001000                nvicSetSystemHandlerPriority
 .text._idle_thread
                0x08001050       0x20 build/obj/chsys.o
                0x08001050                _idle_thread
 .text.chSysInit
                0x08001070       0x80 build/obj/chsys.o
                0x08001070                chSysInit
 .text.chSysTimerHandlerI
                0x080010f0       0xb0 build/obj/chsys.o
                0x080010f0                chSysTimerHandlerI
 .text.dbg_check_disable
                0x080011a0       0x30 build/obj/chdebug.o
                0x080011a0                dbg_check_disable
 .text.dbg_check_enable
                0x080011d0       0x30 build/obj/chdebug.o
                0x080011d0                dbg_check_enable
 .text.dbg_check_lock
                0x08001200       0x30 build/obj/chdebug.o
                0x08001200                dbg_check_lock
 .text.dbg_check_unlock
                0x08001230       0x30 build/obj/chdebug.o
                0x08001230                dbg_check_unlock
 .text.dbg_check_lock_from_isr
                0x08001260       0x30 build/obj/chdebug.o
                0x08001260                dbg_check_lock_from_isr
 .text.dbg_check_unlock_from_isr
                0x08001290       0x30 build/obj/chdebug.o
                0x08001290                dbg_check_unlock_from_isr
 .text.dbg_check_enter_isr
                0x080012c0       0x40 build/obj/chdebug.o
                0x080012c0                dbg_check_enter_isr
 .text.dbg_check_leave_isr
                0x08001300       0x40 build/obj/chdebug.o
                0x08001300                dbg_check_leave_isr
 .text.chDbgCheckClassI
                0x08001340       0x30 build/obj/chdebug.o
                0x08001340                chDbgCheckClassI
 .text.chDbgCheckClassS
                0x08001370       0x30 build/obj/chdebug.o
                0x08001370                chDbgCheckClassS
 .text._trace_init
                0x080013a0       0x20 build/obj/chdebug.o
                0x080013a0                _trace_init
 .text.dbg_trace
                0x080013c0       0x60 build/obj/chdebug.o
                0x080013c0                dbg_trace
 .text.chDbgPanic
                0x08001420       0x20 build/obj/chdebug.o
                0x08001420                chDbgPanic
 .text._vt_init
                0x08001440       0x30 build/obj/chvt.o
                0x08001440                _vt_init
 .text.chVTSetI
                0x08001470       0xa0 build/obj/chvt.o
                0x08001470                chVTSetI
 .text.chVTResetI
                0x08001510       0x70 build/obj/chvt.o
                0x08001510                chVTResetI
 .text.fifo_remove
                0x08001580       0x30 build/obj/chschd.o
 .text.dequeue  0x080015b0       0x20 build/obj/chschd.o
 .text._scheduler_init
                0x080015d0       0x30 build/obj/chschd.o
                0x080015d0                _scheduler_init
 .text.chSchReadyI
                0x08001600       0x80 build/obj/chschd.o
                0x08001600                chSchReadyI
 .text.chSchGoSleepS
                0x08001680       0x70 build/obj/chschd.o
                0x08001680                chSchGoSleepS
 .text.wakeup   0x080016f0       0xa0 build/obj/chschd.o
 .text.chSchGoSleepTimeoutS
                0x08001790       0x70 build/obj/chschd.o
                0x08001790                chSchGoSleepTimeoutS
 .text.chSchWakeupS
                0x08001800       0x80 build/obj/chschd.o
                0x08001800                chSchWakeupS
 .text.chSchDoRescheduleBehind
                0x08001880       0x70 build/obj/chschd.o
                0x08001880                chSchDoRescheduleBehind
 .text.chSchDoRescheduleAhead
                0x080018f0       0x90 build/obj/chschd.o
                0x080018f0                chSchDoRescheduleAhead
 .text.chSchDoReschedule
                0x08001980       0x20 build/obj/chschd.o
                0x08001980                chSchDoReschedule
 .text.list_remove
                0x080019a0       0x20 build/obj/chthreads.o
 .text._thread_init
                0x080019c0       0xa0 build/obj/chthreads.o
                0x080019c0                _thread_init
 .text._thread_memfill
                0x08001a60       0x30 build/obj/chthreads.o
                0x08001a60                _thread_memfill
 .text.chThdCreateI
                0x08001a90       0x80 build/obj/chthreads.o
                0x08001a90                chThdCreateI
 .text.chThdCreateStatic
                0x08001b10       0x70 build/obj/chthreads.o
                0x08001b10                chThdCreateStatic
 .text.chThdSleep
                0x08001b80       0x40 build/obj/chthreads.o
                0x08001b80                chThdSleep
 .text.chThdYield
                0x08001bc0       0x30 build/obj/chthreads.o
                0x08001bc0                chThdYield
 .text.chThdExit
                0x08001bf0       0x20 build/obj/chthreads.o
                0x08001bf0                chThdExit
 .text.chThdExitS
                0x08001c10       0x70 build/obj/chthreads.o
                0x08001c10                chThdExitS
 .text.chThdRelease
                0x08001c80       0xc0 build/obj/chdynamic.o
                0x08001c80                chThdRelease
 .text.chThdCreateFromHeap
                0x08001d40       0x90 build/obj/chdynamic.o
                0x08001d40                chThdCreateFromHeap
 .text.prio_insert
                0x08001dd0       0x50 build/obj/chmtx.o
 .text.fifo_remove
                0x08001e20       0x30 build/obj/chmtx.o
 .text.dequeue  0x08001e50       0x20 build/obj/chmtx.o
 .text.chMtxInit
                0x08001e70       0x30 build/obj/chmtx.o
                0x08001e70                chMtxInit
 .text.chMtxLock
                0x08001ea0       0x30 build/obj/chmtx.o
                0x08001ea0                chMtxLock
 .text.chMtxLockS
                0x08001ed0      0x110 build/obj/chmtx.o
                0x08001ed0                chMtxLockS
 .text.chMtxUnlock
                0x08001fe0       0xe0 build/obj/chmtx.o
                0x08001fe0                chMtxUnlock
 .text.chMtxUnlockS
                0x080020c0       0xd0 build/obj/chmtx.o
                0x080020c0                chMtxUnlockS
 .text.chEvtBroadcastFlagsI
                0x08002190       0x60 build/obj/chevents.o
                0x08002190                chEvtBroadcastFlagsI
 .text.chEvtSignalI
                0x080021f0       0x70 build/obj/chevents.o
                0x080021f0                chEvtSignalI
 .text.chEvtWaitAnyTimeout
                0x08002260       0x90 build/obj/chevents.o
                0x08002260                chEvtWaitAnyTimeout
 .text.queue_insert
                0x080022f0       0x30 build/obj/chqueues.o
 .text.fifo_remove
                0x08002320       0x30 build/obj/chqueues.o
 .text.qwait    0x08002350       0x40 build/obj/chqueues.o
 .text.chIQInit
                0x08002390       0x50 build/obj/chqueues.o
                0x08002390                chIQInit
 .text.chIQResetI
                0x080023e0       0x50 build/obj/chqueues.o
                0x080023e0                chIQResetI
 .text.chIQPutI
                0x08002430       0xa0 build/obj/chqueues.o
                0x08002430                chIQPutI
 .text.chIQGetTimeout
                0x080024d0       0x90 build/obj/chqueues.o
                0x080024d0                chIQGetTimeout
 .text.chIQReadTimeout
                0x08002560       0xd0 build/obj/chqueues.o
                0x08002560                chIQReadTimeout
 .text.chOQInit
                0x08002630       0x50 build/obj/chqueues.o
                0x08002630                chOQInit
 .text.chOQResetI
                0x08002680       0x60 build/obj/chqueues.o
                0x08002680                chOQResetI
 .text.chOQPutTimeout
                0x080026e0       0xa0 build/obj/chqueues.o
                0x080026e0                chOQPutTimeout
 .text.chOQGetI
                0x08002780       0x90 build/obj/chqueues.o
                0x08002780                chOQGetI
 .text.chOQWriteTimeout
                0x08002810       0xd0 build/obj/chqueues.o
                0x08002810                chOQWriteTimeout
 .text._core_init
                0x080028e0       0x30 build/obj/chmemcore.o
                0x080028e0                _core_init
 .text.chCoreAlloc
                0x08002910       0x30 build/obj/chmemcore.o
                0x08002910                chCoreAlloc
 .text.chCoreAllocI
                0x08002940       0x50 build/obj/chmemcore.o
                0x08002940                chCoreAllocI
 .text._heap_init
                0x08002990       0x30 build/obj/chheap.o
                0x08002990                _heap_init
 .text.chHeapAlloc
                0x080029c0       0xf0 build/obj/chheap.o
                0x080029c0                chHeapAlloc
 .text.chHeapFree
                0x08002ab0      0x100 build/obj/chheap.o
                0x08002ab0                chHeapFree
 .text.chPoolInit
                0x08002bb0       0x40 build/obj/chmempools.o
                0x08002bb0                chPoolInit
 .text.chPoolLoadArray
                0x08002bf0       0x50 build/obj/chmempools.o
                0x08002bf0                chPoolLoadArray
 .text.chPoolAllocI
                0x08002c40       0x60 build/obj/chmempools.o
                0x08002c40                chPoolAllocI
 .text.chPoolFreeI
                0x08002ca0       0x40 build/obj/chmempools.o
                0x08002ca0                chPoolFreeI
 .text.chPoolFree
                0x08002ce0       0x30 build/obj/chmempools.o
                0x08002ce0                chPoolFree
 .text.halInit  0x08002d10       0x30 build/obj/hal.o
                0x08002d10                halInit
 .text.mmcInit  0x08002d40       0x10 build/obj/mmc_spi.o
                0x08002d40                mmcInit
 .text.write    0x08002d50       0x30 build/obj/serial.o
 .text.read     0x08002d80       0x30 build/obj/serial.o
 .text.put      0x08002db0       0x30 build/obj/serial.o
 .text.get      0x08002de0       0x20 build/obj/serial.o
 .text.putt     0x08002e00       0x30 build/obj/serial.o
 .text.gett     0x08002e30       0x20 build/obj/serial.o
 .text.writet   0x08002e50       0x30 build/obj/serial.o
 .text.readt    0x08002e80       0x30 build/obj/serial.o
 .text.sdInit   0x08002eb0       0x10 build/obj/serial.o
                0x08002eb0                sdInit
 .text.sdObjectInit
                0x08002ec0       0x70 build/obj/serial.o
                0x08002ec0                sdObjectInit
 .text.sdStart  0x08002f30       0x60 build/obj/serial.o
                0x08002f30                sdStart
 .text.sdIncomingDataI
                0x08002f90       0x60 build/obj/serial.o
                0x08002f90                sdIncomingDataI
 .text.write    0x08002ff0       0x30 build/obj/serial_usb.o
 .text.read     0x08003020       0x30 build/obj/serial_usb.o
 .text.put      0x08003050       0x30 build/obj/serial_usb.o
 .text.get      0x08003080       0x20 build/obj/serial_usb.o
 .text.putt     0x080030a0       0x30 build/obj/serial_usb.o
 .text.gett     0x080030d0       0x20 build/obj/serial_usb.o
 .text.writet   0x080030f0       0x30 build/obj/serial_usb.o
 .text.readt    0x08003120       0x30 build/obj/serial_usb.o
 .text.inotify  0x08003150       0xe0 build/obj/serial_usb.o
 .text.onotify  0x08003230       0xc0 build/obj/serial_usb.o
 .text.sduInit  0x080032f0       0x10 build/obj/serial_usb.o
                0x080032f0                sduInit
 .text.sduObjectInit
                0x08003300       0x70 build/obj/serial_usb.o
                0x08003300                sduObjectInit
 .text.sduStart
                0x08003370       0xa0 build/obj/serial_usb.o
                0x08003370                sduStart
 .text.sduConfigureHookI
                0x08003410       0x70 build/obj/serial_usb.o
                0x08003410                sduConfigureHookI
 .text.sduRequestsHook
                0x08003480       0x80 build/obj/serial_usb.o
                0x08003480                sduRequestsHook
 .text.sduDataTransmitted
                0x08003500      0x120 build/obj/serial_usb.o
                0x08003500                sduDataTransmitted
 .text.sduDataReceived
                0x08003620       0xc0 build/obj/serial_usb.o
                0x08003620                sduDataReceived
 .text.sduInterruptTransmitted
                0x080036e0       0x10 build/obj/serial_usb.o
                0x080036e0                sduInterruptTransmitted
 .text.spiInit  0x080036f0       0x10 build/obj/spi.o
                0x080036f0                spiInit
 .text.spiObjectInit
                0x08003700       0x30 build/obj/spi.o
                0x08003700                spiObjectInit
 .text.set_address
                0x08003730       0x40 build/obj/usb.o
 .text.default_handler
                0x08003770      0x390 build/obj/usb.o
 .text.usbInit  0x08003b00       0x10 build/obj/usb.o
                0x08003b00                usbInit
 .text.usbObjectInit
                0x08003b10       0x50 build/obj/usb.o
                0x08003b10                usbObjectInit
 .text.usbStart
                0x08003b60       0x90 build/obj/usb.o
                0x08003b60                usbStart
 .text.usbInitEndpointI
                0x08003bf0       0xb0 build/obj/usb.o
                0x08003bf0                usbInitEndpointI
 .text.usbPrepareReceive
                0x08003ca0       0x50 build/obj/usb.o
                0x08003ca0                usbPrepareReceive
 .text.usbPrepareTransmit
                0x08003cf0       0x50 build/obj/usb.o
                0x08003cf0                usbPrepareTransmit
 .text.usbPrepareQueuedReceive
                0x08003d40       0x50 build/obj/usb.o
                0x08003d40                usbPrepareQueuedReceive
 .text.usbPrepareQueuedTransmit
                0x08003d90       0x50 build/obj/usb.o
                0x08003d90                usbPrepareQueuedTransmit
 .text.usbStartReceiveI
                0x08003de0       0x70 build/obj/usb.o
                0x08003de0                usbStartReceiveI
 .text.usbStartTransmitI
                0x08003e50       0x70 build/obj/usb.o
                0x08003e50                usbStartTransmitI
 .text._usb_reset
                0x08003ec0       0x70 build/obj/usb.o
                0x08003ec0                _usb_reset
 .text._usb_ep0setup
                0x08003f30      0x1b0 build/obj/usb.o
                0x08003f30                _usb_ep0setup
 .text._usb_ep0in
                0x080040e0      0x110 build/obj/usb.o
                0x080040e0                _usb_ep0in
 .text._usb_ep0out
                0x080041f0       0xb0 build/obj/usb.o
                0x080041f0                _usb_ep0out
 .text.Vector6C
                0x080042a0       0x50 build/obj/stm32_dma.o
                0x080042a0                Vector6C
 .text.Vector70
                0x080042f0       0x50 build/obj/stm32_dma.o
                0x080042f0                Vector70
 .text.Vector74
                0x08004340       0x50 build/obj/stm32_dma.o
                0x08004340                Vector74
 .text.Vector78
                0x08004390       0x50 build/obj/stm32_dma.o
                0x08004390                Vector78
 .text.Vector7C
                0x080043e0       0x50 build/obj/stm32_dma.o
                0x080043e0                Vector7C
 .text.Vector80
                0x08004430       0x50 build/obj/stm32_dma.o
                0x08004430                Vector80
 .text.Vector84
                0x08004480       0x50 build/obj/stm32_dma.o
                0x08004480                Vector84
 .text.Vector120
                0x080044d0       0x50 build/obj/stm32_dma.o
                0x080044d0                Vector120
 .text.Vector124
                0x08004520       0x50 build/obj/stm32_dma.o
                0x08004520                Vector124
 .text.Vector128
                0x08004570       0x50 build/obj/stm32_dma.o
                0x08004570                Vector128
 .text.Vector12C
                0x080045c0       0x50 build/obj/stm32_dma.o
                0x080045c0                Vector12C
 .text.Vector130
                0x08004610       0x50 build/obj/stm32_dma.o
                0x08004610                Vector130
 .text.dmaInit  0x08004660       0x60 build/obj/stm32_dma.o
                0x08004660                dmaInit
 .text.hal_lld_backup_domain_init
                0x080046c0       0x30 build/obj/hal_lld.o
 .text.hal_lld_init
                0x080046f0       0xb0 build/obj/hal_lld.o
                0x080046f0                hal_lld_init
 .text.stm32_clock_init
                0x080047a0       0xb0 build/obj/hal_lld.o
                0x080047a0                stm32_clock_init
 .text.initgpio
                0x08004850       0x50 build/obj/pal_lld.o
 .text._pal_lld_init
                0x080048a0       0x80 build/obj/pal_lld.o
                0x080048a0                _pal_lld_init
 .text._pal_lld_setgroupmode
                0x08004920      0x130 build/obj/pal_lld.o
                0x08004920                _pal_lld_setgroupmode
 .text.spi_lld_init
                0x08004a50       0x50 build/obj/spi_lld.o
                0x08004a50                spi_lld_init
 .text.usart_init
                0x08004aa0       0x60 build/obj/serial_lld.o
 .text.set_error
                0x08004b00       0x80 build/obj/serial_lld.o
 .text.serve_interrupt
                0x08004b80      0x150 build/obj/serial_lld.o
 .text.notify3  0x08004cd0       0x20 build/obj/serial_lld.o
 .text.VectorDC
                0x08004cf0       0x20 build/obj/serial_lld.o
                0x08004cf0                VectorDC
 .text.sd_lld_init
                0x08004d10       0x30 build/obj/serial_lld.o
                0x08004d10                sd_lld_init
 .text.sd_lld_start
                0x08004d40       0x50 build/obj/serial_lld.o
                0x08004d40                sd_lld_start
 .text.fifo_remove
                0x08004d90       0x30 build/obj/usb_lld.o
 .text.usb_pm_reset
                0x08004dc0       0x10 build/obj/usb_lld.o
 .text.usb_pm_alloc
                0x08004dd0       0x40 build/obj/usb_lld.o
 .text.usb_packet_read_to_buffer
                0x08004e10       0x50 build/obj/usb_lld.o
 .text.usb_packet_read_to_queue
                0x08004e60      0x100 build/obj/usb_lld.o
 .text.usb_packet_write_from_buffer
                0x08004f60       0x50 build/obj/usb_lld.o
 .text.usb_packet_write_from_queue
                0x08004fb0      0x110 build/obj/usb_lld.o
 .text.Vector168
                0x080050c0       0x10 build/obj/usb_lld.o
                0x080050c0                Vector168
 .text.Vector16C
                0x080050d0      0x3b0 build/obj/usb_lld.o
                0x080050d0                Vector16C
 .text.usb_lld_init
                0x08005480       0x10 build/obj/usb_lld.o
                0x08005480                usb_lld_init
 .text.usb_lld_start
                0x08005490       0x60 build/obj/usb_lld.o
                0x08005490                usb_lld_start
 .text.usb_lld_reset
                0x080054f0       0x60 build/obj/usb_lld.o
                0x080054f0                usb_lld_reset
 .text.usb_lld_set_address
                0x08005550       0x20 build/obj/usb_lld.o
                0x08005550                usb_lld_set_address
 .text.usb_lld_init_endpoint
                0x08005570      0x160 build/obj/usb_lld.o
                0x08005570                usb_lld_init_endpoint
 .text.usb_lld_get_status_out
                0x080056d0       0x40 build/obj/usb_lld.o
                0x080056d0                usb_lld_get_status_out
 .text.usb_lld_get_status_in
                0x08005710       0x40 build/obj/usb_lld.o
                0x08005710                usb_lld_get_status_in
 .text.usb_lld_read_setup
                0x08005750       0x70 build/obj/usb_lld.o
                0x08005750                usb_lld_read_setup
 .text.usb_lld_prepare_receive
                0x080057c0       0x70 build/obj/usb_lld.o
                0x080057c0                usb_lld_prepare_receive
 .text.usb_lld_prepare_transmit
                0x08005830       0xb0 build/obj/usb_lld.o
                0x08005830                usb_lld_prepare_transmit
 .text.usb_lld_start_out
                0x080058e0       0x40 build/obj/usb_lld.o
                0x080058e0                usb_lld_start_out
 .text.usb_lld_start_in
                0x08005920       0x40 build/obj/usb_lld.o
                0x08005920                usb_lld_start_in
 .text.usb_lld_stall_out
                0x08005960       0x40 build/obj/usb_lld.o
                0x08005960                usb_lld_stall_out
 .text.usb_lld_stall_in
                0x080059a0       0x40 build/obj/usb_lld.o
                0x080059a0                usb_lld_stall_in
 .text.usb_lld_clear_out
                0x080059e0       0x50 build/obj/usb_lld.o
                0x080059e0                usb_lld_clear_out
 .text.usb_lld_clear_in
                0x08005a30       0x50 build/obj/usb_lld.o
                0x08005a30                usb_lld_clear_in
 .text.long_to_string_with_divisor
                0x08005a80       0xa0 build/obj/chprintf.o
 .text.ltoa     0x08005b20       0x20 build/obj/chprintf.o
 .text.ftoa     0x08005b40       0xa0 build/obj/chprintf.o
 .text.chvprintf
                0x08005be0      0x490 build/obj/chprintf.o
                0x08005be0                chvprintf
 .text.chprintf
                0x08006070       0x20 build/obj/shell.o
 .text._strtok  0x08006090       0x80 build/obj/shell.o
 .text.usage    0x08006110       0x20 build/obj/shell.o
 .text.list_commands
                0x08006130       0x30 build/obj/shell.o
 .text.cmd_info
                0x08006160       0xd0 build/obj/shell.o
 .text.cmd_systime
                0x08006230       0x40 build/obj/shell.o
 .text.cmdexec  0x08006270       0x50 build/obj/shell.o
 .text.shell_thread
                0x080062c0      0x1b0 build/obj/shell.o
 .text.shellInit
                0x08006470       0x10 build/obj/shell.o
                0x08006470                shellInit
 .text.shellExit
                0x08006480       0x30 build/obj/shell.o
                0x08006480                shellExit
 .text.shellCreate
                0x080064b0       0x30 build/obj/shell.o
                0x080064b0                shellCreate
 .text.shellGetLine
                0x080064e0       0xf0 build/obj/shell.o
                0x080064e0                shellGetLine
 .text._sbrk_r  0x080065d0       0x40 build/obj/syscalls.o
                0x080065d0                _sbrk_r
 .text.stm32_id8
                0x08006610       0x20 build/obj/rtcan.o
                0x08006610                stm32_id8
 .text.rtcan_txok_isr_code
                0x08006630       0xb0 build/obj/rtcan.o
                0x08006630                rtcan_txok_isr_code
 .text.rtcan_alst_isr_code
                0x080066e0       0x70 build/obj/rtcan.o
                0x080066e0                rtcan_alst_isr_code
 .text.rtcan_terr_isr_code
                0x08006750       0x70 build/obj/rtcan.o
                0x08006750                rtcan_terr_isr_code
 .text.rtcan_rx_isr_code
                0x080067c0      0x1b0 build/obj/rtcan.o
                0x080067c0                rtcan_rx_isr_code
 .text.rtcanInit
                0x08006970       0x10 build/obj/rtcan.o
                0x08006970                rtcanInit
 .text.rtcanReset
                0x08006980       0x60 build/obj/rtcan.o
                0x08006980                rtcanReset
 .text.rtcanStart
                0x080069e0       0x80 build/obj/rtcan.o
                0x080069e0                rtcanStart
 .text.rtcanTransmitI
                0x08006a60       0x90 build/obj/rtcan.o
                0x08006a60                rtcanTransmitI
 .text.rtcanReceiveMask
                0x08006af0       0x50 build/obj/rtcan.o
                0x08006af0                rtcanReceiveMask
 .text.rtcan_blinker
                0x08006b40       0x10 build/obj/rtcan.o
                0x08006b40                rtcan_blinker
 .text.msgqueue_init
                0x08006b50       0x10 build/obj/msgqueue.o
                0x08006b50                msgqueue_init
 .text.msgqueue_insert
                0x08006b60       0x60 build/obj/msgqueue.o
                0x08006b60                msgqueue_insert
 .text.msgqueue_get
                0x08006bc0       0x50 build/obj/msgqueue.o
                0x08006bc0                msgqueue_get
 .text.srt_laxity
                0x08006c10       0x40 build/obj/srt.o
                0x08006c10                srt_laxity
 .text.srt_transmit
                0x08006c50      0x110 build/obj/srt.o
                0x08006c50                srt_transmit
 .text.rtcan_lld_can_tx_handler
                0x08006d60       0xd0 build/obj/rtcan_lld_can.o
 .text.rtcan_lld_can_rx0_handler
                0x08006e30       0x50 build/obj/rtcan_lld_can.o
 .text.rtcan_lld_can_rx1_handler
                0x08006e80       0x40 build/obj/rtcan_lld_can.o
 .text.rtcan_lld_can_sce_handler
                0x08006ec0       0x60 build/obj/rtcan_lld_can.o
 .text.Vector8C
                0x08006f20       0x20 build/obj/rtcan_lld_can.o
                0x08006f20                Vector8C
 .text.Vector90
                0x08006f40       0x20 build/obj/rtcan_lld_can.o
                0x08006f40                Vector90
 .text.Vector94
                0x08006f60       0x20 build/obj/rtcan_lld_can.o
                0x08006f60                Vector94
 .text.Vector98
                0x08006f80       0x20 build/obj/rtcan_lld_can.o
                0x08006f80                Vector98
 .text.rtcan_lld_can_init
                0x08006fa0       0x20 build/obj/rtcan_lld_can.o
                0x08006fa0                rtcan_lld_can_init
 .text.rtcan_lld_can_start
                0x08006fc0       0x80 build/obj/rtcan_lld_can.o
                0x08006fc0                rtcan_lld_can_start
 .text.rtcan_lld_can_txe
                0x08007040       0x20 build/obj/rtcan_lld_can.o
                0x08007040                rtcan_lld_can_txe
 .text.rtcan_lld_can_transmit
                0x08007060       0x70 build/obj/rtcan_lld_can.o
                0x08007060                rtcan_lld_can_transmit
 .text.rtcan_lld_can_receive
                0x080070d0      0x110 build/obj/rtcan_lld_can.o
                0x080070d0                rtcan_lld_can_receive
 .text.rtcan_lld_can_addfilter
                0x080071e0       0xd0 build/obj/rtcan_lld_can.o
                0x080071e0                rtcan_lld_can_addfilter
 .text.__early_init
                0x080072b0       0x10 build/obj/board.o
                0x080072b0                __early_init
 .text.boardInit
                0x080072c0       0x10 build/obj/board.o
                0x080072c0                boardInit
 .text.__cxa_pure_virtual
                0x080072d0       0x10 build/obj/stubs.o
                0x080072d0                __cxa_pure_virtual
 .text.get_descriptor
                0x080072e0       0x60 build/obj/usbcfg.o
 .text.usb_event
                0x08007340       0x80 build/obj/usbcfg.o
 .text._ZN3r2p10UncopyableC2Ev
                0x080073c0       0x10 build/obj/SimplePool_.o
                0x080073c0                r2p::Uncopyable::Uncopyable()
                0x080073c0                r2p::Uncopyable::Uncopyable()
 .text._ZN3r2p8SysLock_7acquireEv
                0x080073d0       0x10 build/obj/SimplePool_.o
                0x080073d0                r2p::SysLock_::acquire()
 .text._ZN3r2p8SysLock_7releaseEv
                0x080073e0       0x10 build/obj/SimplePool_.o
                0x080073e0                r2p::SysLock_::release()
 .text._ZN3r2p7SysLock7acquireEv
                0x080073f0       0x10 build/obj/SimplePool_.o
                0x080073f0                r2p::SysLock::acquire()
 .text._ZN3r2p7SysLock7releaseEv
                0x08007400       0x10 build/obj/SimplePool_.o
                0x08007400                r2p::SysLock::release()
 .text._ZN3r2p12StaticQueue_C2Ev
                0x08007410       0x30 build/obj/StaticQueue_.o
                0x08007410                r2p::StaticQueue_::StaticQueue_()
                0x08007410                r2p::StaticQueue_::StaticQueue_()
 .text._ZN3r2p10UncopyableD2Ev
                0x08007440       0x10 build/obj/BasePublisher.o
                0x08007440                r2p::Uncopyable::~Uncopyable()
                0x08007440                r2p::Uncopyable::~Uncopyable()
 .text._ZN3r2p7Message14acquire_unsafeEv
                0x08007450       0x40 build/obj/BasePublisher.o
                0x08007450                r2p::Message::acquire_unsafe()
 .text._ZN3r2p7Message14release_unsafeEv
                0x08007490       0x40 build/obj/BasePublisher.o
                0x08007490                r2p::Message::release_unsafe()
 .text._ZN3r2p11MemoryPool_11free_unsafeEPv
                0x080074d0       0x20 build/obj/BasePublisher.o
                0x080074d0                r2p::MemoryPool_::free_unsafe(void*)
 .text._ZN3r2p11MemoryPool_4freeEPv
                0x080074f0       0x20 build/obj/BasePublisher.o
                0x080074f0                r2p::MemoryPool_::free(void*)
 .text._ZN3r2p5Topic11free_unsafeERNS_7MessageE
                0x08007510       0x20 build/obj/BasePublisher.o
                0x08007510                r2p::Topic::free_unsafe(r2p::Message&)
 .text._ZN3r2p5Topic4freeERNS_7MessageE
                0x08007530       0x20 build/obj/BasePublisher.o
                0x08007530                r2p::Topic::free(r2p::Message&)
 .text._ZN3r2p13BasePublisher22publish_locally_unsafeERNS_7MessageE
                0x08007550       0x70 build/obj/BasePublisher.o
                0x08007550                r2p::BasePublisher::publish_locally_unsafe(r2p::Message&)
 .text._ZN3r2p13BasePublisher7publishERNS_7MessageE
                0x080075c0       0x90 build/obj/BasePublisher.o
                0x080075c0                r2p::BasePublisher::publish(r2p::Message&)
 .text._ZN3r2p13BasePublisherC2Ev
                0x08007650       0x30 build/obj/BasePublisher.o
                0x08007650                r2p::BasePublisher::BasePublisher()
                0x08007650                r2p::BasePublisher::BasePublisher()
 .text._ZN3r2p13BasePublisherD2Ev
                0x08007680       0x30 build/obj/BasePublisher.o
                0x08007680                r2p::BasePublisher::~BasePublisher()
                0x08007680                r2p::BasePublisher::~BasePublisher()
 .text._ZNK3r2p5Topic8get_nameEv
                0x080076b0       0x10 build/obj/BaseSubscriber.o
                0x080076b0                r2p::Topic::get_name() const
 .text._ZN3r2p5Topic8has_nameERKS0_PKc
                0x080076c0       0x40 build/obj/BaseSubscriber.o
                0x080076c0                r2p::Topic::has_name(r2p::Topic const&, char const*)
 .text._ZN3r2p14BaseSubscriber14release_unsafeERNS_7MessageE
                0x08007700       0x50 build/obj/BaseSubscriber.o
                0x08007700                r2p::BaseSubscriber::release_unsafe(r2p::Message&)
 .text._ZN3r2p14BaseSubscriber7releaseERNS_7MessageE
                0x08007750       0x50 build/obj/BaseSubscriber.o
                0x08007750                r2p::BaseSubscriber::release(r2p::Message&)
 .text._ZN3r2p14BaseSubscriberC2Ev
                0x080077a0       0x30 build/obj/BaseSubscriber.o
                0x080077a0                r2p::BaseSubscriber::BaseSubscriber()
                0x080077a0                r2p::BaseSubscriber::BaseSubscriber()
 .text._ZN3r2p14BaseSubscriberD2Ev
                0x080077d0       0x30 build/obj/BaseSubscriber.o
                0x080077d0                r2p::BaseSubscriber::~BaseSubscriber()
                0x080077d0                r2p::BaseSubscriber::~BaseSubscriber()
 .text._ZN3r2p14BaseSubscriber9has_topicERKS0_PKc
                0x08007800       0x20 build/obj/BaseSubscriber.o
                0x08007800                r2p::BaseSubscriber::has_topic(r2p::BaseSubscriber const&, char const*)
 .text._ZN3r2p11StaticQueueINS_14BaseSubscriberEEC2Ev
                0x08007820       0x20 build/obj/BaseSubscriberQueue.o
                0x08007820                r2p::StaticQueue<r2p::BaseSubscriber>::StaticQueue()
                0x08007820                r2p::StaticQueue<r2p::BaseSubscriber>::StaticQueue()
 .text._ZN3r2p19BaseSubscriberQueueC2Ev
                0x08007840       0x20 build/obj/BaseSubscriberQueue.o
                0x08007840                r2p::BaseSubscriberQueue::BaseSubscriberQueue()
                0x08007840                r2p::BaseSubscriberQueue::BaseSubscriberQueue()
 .text._ZN3r2p14LocalPublisherC2Ev
                0x08007860       0x30 build/obj/LocalPublisher.o
                0x08007860                r2p::LocalPublisher::LocalPublisher()
                0x08007860                r2p::LocalPublisher::LocalPublisher()
 .text._ZN3r2p14LocalPublisherD2Ev
                0x08007890       0x30 build/obj/LocalPublisher.o
                0x08007890                r2p::LocalPublisher::~LocalPublisher()
                0x08007890                r2p::LocalPublisher::~LocalPublisher()
 .text._ZN3r2p10StaticListINS_14LocalPublisherEE4LinkC2ERS1_
                0x080078c0       0x20 build/obj/LocalPublisher.o
                0x080078c0                r2p::StaticList<r2p::LocalPublisher>::Link::Link(r2p::LocalPublisher&)
                0x080078c0                r2p::StaticList<r2p::LocalPublisher>::Link::Link(r2p::LocalPublisher&)
 .text._ZN3r2p4TimeaSERKS0_
                0x080078e0       0x20 build/obj/LocalSubscriber.o
                0x080078e0                r2p::Time::operator=(r2p::Time const&)
 .text._ZNK3r2p10SpinEvent_10get_threadEv
                0x08007900       0x10 build/obj/LocalSubscriber.o
                0x08007900                r2p::SpinEvent_::get_thread() const
 .text._ZN3r2p10SpinEvent_13signal_unsafeEj
                0x08007910       0x40 build/obj/LocalSubscriber.o
                0x08007910                r2p::SpinEvent_::signal_unsafe(unsigned int)
 .text._ZNK3r2p9SpinEvent10get_threadEv
                0x08007950       0x20 build/obj/LocalSubscriber.o
                0x08007950                r2p::SpinEvent::get_thread() const
 .text._ZN3r2p9SpinEvent13signal_unsafeEj
                0x08007970       0x20 build/obj/LocalSubscriber.o
                0x08007970                r2p::SpinEvent::signal_unsafe(unsigned int)
 .text._ZNK3r2p4Node11get_enabledEv
                0x08007990       0x30 build/obj/LocalSubscriber.o
                0x08007990                r2p::Node::get_enabled() const
 .text._ZN3r2p4Node13notify_unsafeEj
                0x080079c0       0x20 build/obj/LocalSubscriber.o
                0x080079c0                r2p::Node::notify_unsafe(unsigned int)
 .text._ZNK3r2p15LocalSubscriber16get_queue_lengthEv
                0x080079e0       0x20 build/obj/LocalSubscriber.o
                0x080079e0                r2p::LocalSubscriber::get_queue_length() const
 .text._ZN3r2p15LocalSubscriber12fetch_unsafeERPNS_7MessageERNS_4TimeE
                0x08007a00       0x40 build/obj/LocalSubscriber.o
                0x08007a00                r2p::LocalSubscriber::fetch_unsafe(r2p::Message*&, r2p::Time&)
 .text._ZN3r2p15LocalSubscriber13notify_unsafeERNS_7MessageERKNS_4TimeE
                0x08007a40       0x60 build/obj/LocalSubscriber.o
                0x08007a40                r2p::LocalSubscriber::notify_unsafe(r2p::Message&, r2p::Time const&)
 .text._ZN3r2p15LocalSubscriber5fetchERPNS_7MessageE
                0x08007aa0       0x40 build/obj/LocalSubscriber.o
                0x08007aa0                r2p::LocalSubscriber::fetch(r2p::Message*&)
 .text._ZN3r2p15LocalSubscriber5fetchERPNS_7MessageERNS_4TimeE
                0x08007ae0       0x50 build/obj/LocalSubscriber.o
                0x08007ae0                r2p::LocalSubscriber::fetch(r2p::Message*&, r2p::Time&)
 .text._ZN3r2p15LocalSubscriber6notifyERNS_7MessageERKNS_4TimeE
                0x08007b30       0x50 build/obj/LocalSubscriber.o
                0x08007b30                r2p::LocalSubscriber::notify(r2p::Message&, r2p::Time const&)
 .text._ZN3r2p10ArrayQueueIPNS_7MessageEED2Ev
                0x08007b80       0x20 build/obj/LocalSubscriber.o
                0x08007b80                r2p::ArrayQueue<r2p::Message*>::~ArrayQueue()
                0x08007b80                r2p::ArrayQueue<r2p::Message*>::~ArrayQueue()
 .text._ZN3r2p15MessagePtrQueueD2Ev
                0x08007ba0       0x20 build/obj/LocalSubscriber.o
                0x08007ba0                r2p::MessagePtrQueue::~MessagePtrQueue()
                0x08007ba0                r2p::MessagePtrQueue::~MessagePtrQueue()
 .text._ZN3r2p15LocalSubscriberC2EPPNS_7MessageEjPFbRKS1_E
                0x08007bc0       0x80 build/obj/LocalSubscriber.o
                0x08007bc0                r2p::LocalSubscriber::LocalSubscriber(r2p::Message**, unsigned int, bool (*)(r2p::Message const&))
                0x08007bc0                r2p::LocalSubscriber::LocalSubscriber(r2p::Message**, unsigned int, bool (*)(r2p::Message const&))
 .text._ZN3r2p15LocalSubscriberD2Ev
                0x08007c40       0x40 build/obj/LocalSubscriber.o
                0x08007c40                r2p::LocalSubscriber::~LocalSubscriber()
                0x08007c40                r2p::LocalSubscriber::~LocalSubscriber()
 .text._ZNK3r2p10ArrayQueueIPNS_7MessageEE10get_lengthEv
                0x08007c80       0x10 build/obj/LocalSubscriber.o
                0x08007c80                r2p::ArrayQueue<r2p::Message*>::get_length() const
 .text._ZN3r2p10ArrayQueueIPNS_7MessageEE12fetch_unsafeERS2_
                0x08007c90       0x60 build/obj/LocalSubscriber.o
                0x08007c90                r2p::ArrayQueue<r2p::Message*>::fetch_unsafe(r2p::Message*&)
 .text._ZN3r2p10ArrayQueueIPNS_7MessageEE11post_unsafeES2_
                0x08007cf0       0x60 build/obj/LocalSubscriber.o
                0x08007cf0                r2p::ArrayQueue<r2p::Message*>::post_unsafe(r2p::Message*)
 .text._ZN3r2p10StaticListINS_15LocalSubscriberEE4LinkC2ERS1_
                0x08007d50       0x20 build/obj/LocalSubscriber.o
                0x08007d50                r2p::StaticList<r2p::LocalSubscriber>::Link::Link(r2p::LocalSubscriber&)
                0x08007d50                r2p::StaticList<r2p::LocalSubscriber>::Link::Link(r2p::LocalSubscriber&)
 .text._ZN3r2p15MessagePtrQueueC2EPPNS_7MessageEj
                0x08007d70       0x20 build/obj/MessagePtrQueue.o
                0x08007d70                r2p::MessagePtrQueue::MessagePtrQueue(r2p::Message**, unsigned int)
                0x08007d70                r2p::MessagePtrQueue::MessagePtrQueue(r2p::Message**, unsigned int)
 .text._ZN3r2p10ArrayQueueIPNS_7MessageEEC2EPS2_j
                0x08007d90       0x60 build/obj/MessagePtrQueue.o
                0x08007d90                r2p::ArrayQueue<r2p::Message*>::ArrayQueue(r2p::Message**, unsigned int)
                0x08007d90                r2p::ArrayQueue<r2p::Message*>::ArrayQueue(r2p::Message**, unsigned int)
 .text._ZN3r2p7Message12reset_unsafeEv
                0x08007df0       0x20 build/obj/Message.o
                0x08007df0                r2p::Message::reset_unsafe()
 .text._ZN3r2p7Message7acquireEv
                0x08007e10       0x20 build/obj/Message.o
                0x08007e10                r2p::Message::acquire()
 .text._ZN3r2p7Message7releaseEv
                0x08007e30       0x30 build/obj/Message.o
                0x08007e30                r2p::Message::release()
 .text._ZN3r2p7Message4copyERS0_RKS0_j
                0x08007e60       0x40 build/obj/Message.o
                0x08007e60                r2p::Message::copy(r2p::Message&, r2p::Message const&, unsigned int)
 .text._ZN3r2p7SysLock5ScopeC2Ev
                0x08007ea0       0x20 build/obj/Middleware.o
                0x08007ea0                r2p::SysLock::Scope::Scope()
                0x08007ea0                r2p::SysLock::Scope::Scope()
 .text._ZN3r2p7SysLock5ScopeD2Ev
                0x08007ec0       0x20 build/obj/Middleware.o
                0x08007ec0                r2p::SysLock::Scope::~Scope()
                0x08007ec0                r2p::SysLock::Scope::~Scope()
 .text._ZNK3r2p11MemoryPool_13get_item_sizeEv
                0x08007ee0       0x10 build/obj/Middleware.o
                0x08007ee0                r2p::MemoryPool_::get_item_size() const
 .text._ZN3r2p11MemoryPool_12alloc_unsafeEv
                0x08007ef0       0x20 build/obj/Middleware.o
                0x08007ef0                r2p::MemoryPool_::alloc_unsafe()
 .text._ZN3r2p11MemoryPool_6extendEPvj
                0x08007f10       0x20 build/obj/Middleware.o
                0x08007f10                r2p::MemoryPool_::extend(void*, unsigned int)
 .text._ZNK3r2p4Time8to_s_rawEv
                0x08007f30       0x20 build/obj/Middleware.o
                0x08007f30                r2p::Time::to_s_raw() const
 .text._ZN3r2p4TimeC2Ev
                0x08007f50       0x20 build/obj/Middleware.o
                0x08007f50                r2p::Time::Time()
                0x08007f50                r2p::Time::Time()
 .text._ZN3r2p4TimeC2ERKS0_
                0x08007f70       0x20 build/obj/Middleware.o
                0x08007f70                r2p::Time::Time(r2p::Time const&)
                0x08007f70                r2p::Time::Time(r2p::Time const&)
 .text._ZN3r2p4Time2msEl
                0x08007f90       0x30 build/obj/Middleware.o
                0x08007f90                r2p::Time::ms(long)
 .text._ZN3r2pgeERKNS_4TimeES2_
                0x08007fc0       0x20 build/obj/Middleware.o
                0x08007fc0                r2p::operator>=(r2p::Time const&, r2p::Time const&)
 .text._ZN3r2pplERKNS_4TimeES2_
                0x08007fe0       0x30 build/obj/Middleware.o
                0x08007fe0                r2p::operator+(r2p::Time const&, r2p::Time const&)
 .text._ZN3r2pmiERKNS_4TimeES2_
                0x08008010       0x30 build/obj/Middleware.o
                0x08008010                r2p::operator-(r2p::Time const&, r2p::Time const&)
 .text._ZN3r2p7MessageC2Ev
                0x08008040       0x20 build/obj/Middleware.o
                0x08008040                r2p::Message::Message()
                0x08008040                r2p::Message::Message()
 .text._ZN3r2p7Message16get_payload_sizeEj
                0x08008060       0x10 build/obj/Middleware.o
                0x08008060                r2p::Message::get_payload_size(unsigned int)
 .text._ZNK3r2p13BasePublisher9get_topicEv
                0x08008070       0x10 build/obj/Middleware.o
                0x08008070                r2p::BasePublisher::get_topic() const
 .text._ZN3r2p13BasePublisher17notify_advertisedERNS_5TopicE
                0x08008080       0x30 build/obj/Middleware.o
                0x08008080                r2p::BasePublisher::notify_advertised(r2p::Topic&)
 .text._ZN3r2p13BasePublisher12alloc_unsafeERPNS_7MessageE
                0x080080b0       0x40 build/obj/Middleware.o
                0x080080b0                r2p::BasePublisher::alloc_unsafe(r2p::Message*&)
 .text._ZN3r2p13BasePublisher5allocERPNS_7MessageE
                0x080080f0       0x30 build/obj/Middleware.o
                0x080080f0                r2p::BasePublisher::alloc(r2p::Message*&)
 .text._ZN3r2p13BasePublisher16publish_remotelyERNS_7MessageE
                0x08008120       0x40 build/obj/Middleware.o
                0x08008120                r2p::BasePublisher::publish_remotely(r2p::Message&)
 .text._ZNK3r2p14BaseSubscriber9get_topicEv
                0x08008160       0x10 build/obj/Middleware.o
                0x08008160                r2p::BaseSubscriber::get_topic() const
 .text._ZN3r2p14BaseSubscriber17notify_subscribedERNS_5TopicE
                0x08008170       0x30 build/obj/Middleware.o
                0x08008170                r2p::BaseSubscriber::notify_subscribed(r2p::Topic&)
 .text._ZN3r2p7Thread_13create_staticEPvjmPFlS1_ES1_PKc
                0x080081a0       0x40 build/obj/Middleware.o
                0x080081a0                r2p::Thread_::create_static(void*, unsigned int, unsigned long, long (*)(void*), void*, char const*)
 .text._ZN3r2p7Thread_4selfEv
                0x080081e0       0x10 build/obj/Middleware.o
                0x080081e0                r2p::Thread_::self()
 .text._ZN3r2p7Thread_5sleepERKNS_4TimeE
                0x080081f0       0x70 build/obj/Middleware.o
                0x080081f0                r2p::Thread_::sleep(r2p::Time const&)
 .text._ZN3r2p6Thread13create_staticEPvjmPFlS1_ES1_PKc
                0x08008260       0x30 build/obj/Middleware.o
                0x08008260                r2p::Thread::create_static(void*, unsigned int, unsigned long, long (*)(void*), void*, char const*)
 .text._ZN3r2p6Thread4selfEv
                0x08008290       0x10 build/obj/Middleware.o
                0x08008290                r2p::Thread::self()
 .text._ZN3r2p6Thread5sleepERKNS_4TimeE
                0x080082a0       0x20 build/obj/Middleware.o
                0x080082a0                r2p::Thread::sleep(r2p::Time const&)
 .text._ZN3r2p10SpinEvent_10set_threadEPNS_6ThreadE
                0x080082c0       0x10 build/obj/Middleware.o
                0x080082c0                r2p::SpinEvent_::set_thread(r2p::Thread*)
 .text._ZN3r2p10SpinEvent_6signalEj
                0x080082d0       0x30 build/obj/Middleware.o
                0x080082d0                r2p::SpinEvent_::signal(unsigned int)
 .text._ZN3r2p9SpinEvent10set_threadEPNS_6ThreadE
                0x08008300       0x20 build/obj/Middleware.o
                0x08008300                r2p::SpinEvent::set_thread(r2p::Thread*)
 .text._ZN3r2p9SpinEvent6signalEj
                0x08008320       0x20 build/obj/Middleware.o
                0x08008320                r2p::SpinEvent::signal(unsigned int)
 .text._ZNK3r2p4Node14get_publishersEv
                0x08008340       0x10 build/obj/Middleware.o
                0x08008340                r2p::Node::get_publishers() const
 .text._ZNK3r2p4Node15get_subscribersEv
                0x08008350       0x10 build/obj/Middleware.o
                0x08008350                r2p::Node::get_subscribers() const
 .text._ZN3r2p4Node11set_enabledEb
                0x08008360       0x30 build/obj/Middleware.o
                0x08008360                r2p::Node::set_enabled(bool)
 .text._ZN3r2p4Node11notify_stopEv
                0x08008390       0x20 build/obj/Middleware.o
                0x08008390                r2p::Node::notify_stop()
 .text._ZNK3r2p5Topic16get_payload_sizeEv
                0x080083b0       0x30 build/obj/Middleware.o
                0x080083b0                r2p::Topic::get_payload_size() const
 .text._ZNK3r2p5Topic20get_max_queue_lengthEv
                0x080083e0       0x10 build/obj/Middleware.o
                0x080083e0                r2p::Topic::get_max_queue_length() const
 .text._ZNK3r2p5Topic20has_local_publishersEv
                0x080083f0       0x20 build/obj/Middleware.o
                0x080083f0                r2p::Topic::has_local_publishers() const
 .text._ZNK3r2p5Topic21has_local_subscribersEv
                0x08008410       0x20 build/obj/Middleware.o
                0x08008410                r2p::Topic::has_local_subscribers() const
 .text._ZNK3r2p5Topic23compute_deadline_unsafeERKNS_4TimeE
                0x08008430       0x30 build/obj/Middleware.o
                0x08008430                r2p::Topic::compute_deadline_unsafe(r2p::Time const&) const
 .text._ZN3r2p5Topic12alloc_unsafeEv
                0x08008460       0x30 build/obj/Middleware.o
                0x08008460                r2p::Topic::alloc_unsafe()
 .text._ZNK3r2p5Topic16compute_deadlineERKNS_4TimeE
                0x08008490       0x40 build/obj/Middleware.o
                0x08008490                r2p::Topic::compute_deadline(r2p::Time const&) const
 .text._ZNK3r2p5Topic16compute_deadlineEv
                0x080084d0       0x30 build/obj/Middleware.o
                0x080084d0                r2p::Topic::compute_deadline() const
 .text._ZN3r2p5Topic11extend_poolEPNS_7MessageEj
                0x08008500       0x20 build/obj/Middleware.o
                0x08008500                r2p::Topic::extend_pool(r2p::Message*, unsigned int)
 .text._ZN3r2p6Mutex_10initializeEv
                0x08008520       0x20 build/obj/Middleware.o
                0x08008520                r2p::Mutex_::initialize()
 .text._ZN3r2p6Mutex_14acquire_unsafeEv
                0x08008540       0x20 build/obj/Middleware.o
                0x08008540                r2p::Mutex_::acquire_unsafe()
 .text._ZN3r2p6Mutex_14release_unsafeEv
                0x08008560       0x10 build/obj/Middleware.o
                0x08008560                r2p::Mutex_::release_unsafe()
 .text._ZN3r2p6Mutex_C2Eb
                0x08008570       0x30 build/obj/Middleware.o
                0x08008570                r2p::Mutex_::Mutex_(bool)
                0x08008570                r2p::Mutex_::Mutex_(bool)
 .text._ZN3r2p5Mutex10initializeEv
                0x080085a0       0x20 build/obj/Middleware.o
                0x080085a0                r2p::Mutex::initialize()
 .text._ZN3r2p5Mutex14acquire_unsafeEv
                0x080085c0       0x20 build/obj/Middleware.o
                0x080085c0                r2p::Mutex::acquire_unsafe()
 .text._ZN3r2p5Mutex14release_unsafeEv
                0x080085e0       0x20 build/obj/Middleware.o
                0x080085e0                r2p::Mutex::release_unsafe()
 .text._ZN3r2p5MutexC2Eb
                0x08008600       0x30 build/obj/Middleware.o
                0x08008600                r2p::Mutex::Mutex(bool)
                0x08008600                r2p::Mutex::Mutex(bool)
 .text._ZN3r2p7ReMutex10initializeEv
                0x08008630       0x20 build/obj/Middleware.o
                0x08008630                r2p::ReMutex::initialize()
 .text._ZN3r2p7ReMutex14acquire_unsafeEv
                0x08008650       0x40 build/obj/Middleware.o
                0x08008650                r2p::ReMutex::acquire_unsafe()
 .text._ZN3r2p7ReMutex14release_unsafeEv
                0x08008690       0x50 build/obj/Middleware.o
                0x08008690                r2p::ReMutex::release_unsafe()
 .text._ZN3r2p7ReMutex7acquireEv
                0x080086e0       0x20 build/obj/Middleware.o
                0x080086e0                r2p::ReMutex::acquire()
 .text._ZN3r2p7ReMutex7releaseEv
                0x08008700       0x20 build/obj/Middleware.o
                0x08008700                r2p::ReMutex::release()
 .text._ZN3r2p7ReMutexC2Eb
                0x08008720       0x40 build/obj/Middleware.o
                0x08008720                r2p::ReMutex::ReMutex(bool)
                0x08008720                r2p::ReMutex::ReMutex(bool)
 .text._ZNK3r2p10Middleware10is_stoppedEv
                0x08008760       0x10 build/obj/Middleware.o
                0x08008760                r2p::Middleware::is_stopped() const
 .text._ZN3r2p10Middleware10initializeEPvjmS1_jm
                0x08008770       0x60 build/obj/Middleware.o
                0x08008770                r2p::Middleware::initialize(void*, unsigned int, unsigned long, void*, unsigned int, unsigned long)
 .text._ZN3r2p10Middleware5startEv
                0x080087d0       0xb0 build/obj/Middleware.o
                0x080087d0                r2p::Middleware::start()
 .text._ZN3r2p10Middleware4stopEv
                0x08008880       0xd0 build/obj/Middleware.o
                0x08008880                r2p::Middleware::stop()
 .text._ZN3r2p10Middleware3addERNS_4NodeE
                0x08008950       0x40 build/obj/Middleware.o
                0x08008950                r2p::Middleware::add(r2p::Node&)
 .text._ZN3r2p10Middleware3addERNS_9TransportE
                0x08008990       0x20 build/obj/Middleware.o
                0x08008990                r2p::Middleware::add(r2p::Transport&)
 .text._ZN3r2p10Middleware9advertiseERNS_14LocalPublisherEPKcRKNS_4TimeEj
                0x080089b0       0xf0 build/obj/Middleware.o
                0x080089b0                r2p::Middleware::advertise(r2p::LocalPublisher&, char const*, r2p::Time const&, unsigned int)
 .text._ZN3r2p10Middleware9advertiseERNS_15RemotePublisherEPKcRKNS_4TimeEj
                0x08008aa0       0x60 build/obj/Middleware.o
                0x08008aa0                r2p::Middleware::advertise(r2p::RemotePublisher&, char const*, r2p::Time const&, unsigned int)
 .text._ZN3r2p10Middleware9subscribeERNS_15LocalSubscriberEPKcPNS_7MessageEjj
                0x08008b00      0x140 build/obj/Middleware.o
                0x08008b00                r2p::Middleware::subscribe(r2p::LocalSubscriber&, char const*, r2p::Message*, unsigned int, unsigned int)
 .text._ZN3r2p10Middleware9subscribeERNS_16RemoteSubscriberEPKcPNS_7MessageEjj
                0x08008c40       0x70 build/obj/Middleware.o
                0x08008c40                r2p::Middleware::subscribe(r2p::RemoteSubscriber&, char const*, r2p::Message*, unsigned int, unsigned int)
 .text._ZN3r2p10Middleware12confirm_stopERKNS_4NodeE
                0x08008cb0       0x70 build/obj/Middleware.o
                0x08008cb0                r2p::Middleware::confirm_stop(r2p::Node const&)
 .text._ZN3r2p10Middleware10find_topicEPKc
                0x08008d20       0x40 build/obj/Middleware.o
                0x08008d20                r2p::Middleware::find_topic(char const*)
 .text._ZN3r2p10Middleware11touch_topicEPKcj
                0x08008d60       0x70 build/obj/Middleware.o
                0x08008d60                r2p::Middleware::touch_topic(char const*, unsigned int)
 .text._ZN3r2p10Middleware14do_mgmt_threadEv
                0x08008dd0      0x600 build/obj/Middleware.o
                0x08008dd0                r2p::Middleware::do_mgmt_thread()
 .text._ZN3r2p10Middleware16do_cmd_advertiseERKNS_7MgmtMsgE
                0x080093d0      0x120 build/obj/Middleware.o
                0x080093d0                r2p::Middleware::do_cmd_advertise(r2p::MgmtMsg const&)
 .text._ZN3r2p10Middleware24do_cmd_subscribe_requestERKNS_7MgmtMsgE
                0x080094f0      0x150 build/obj/Middleware.o
                0x080094f0                r2p::Middleware::do_cmd_subscribe_request(r2p::MgmtMsg const&)
 .text._ZN3r2p10Middleware25do_cmd_subscribe_responseERKNS_7MgmtMsgE
                0x08009640       0x90 build/obj/Middleware.o
                0x08009640                r2p::Middleware::do_cmd_subscribe_response(r2p::MgmtMsg const&)
 .text._ZN3r2p7MgmtMsgC2Ev
                0x080096d0       0x20 build/obj/Middleware.o
                0x080096d0                r2p::MgmtMsg::MgmtMsg()
                0x080096d0                r2p::MgmtMsg::MgmtMsg()
 .text._ZN3r2p10MiddlewareC2EPKcS2_PNS0_10PubSubStepEj
                0x080096f0      0x120 build/obj/Middleware.o
                0x080096f0                r2p::Middleware::Middleware(char const*, char const*, r2p::Middleware::PubSubStep*, unsigned int)
                0x080096f0                r2p::Middleware::Middleware(char const*, char const*, r2p::Middleware::PubSubStep*, unsigned int)
 .text._ZN3r2p10Middleware12mgmt_threadfEPv
                0x08009810       0x20 build/obj/Middleware.o
                0x08009810                r2p::Middleware::mgmt_threadf(void*)
 .text._ZN3r2p4TimeC2IlEET_
                0x08009830       0x20 build/obj/Middleware.o
                0x08009830                r2p::Time::Time<long>(long)
                0x08009830                r2p::Time::Time<long>(long)
 .text._ZNK3r2p10StaticListINS_15LocalSubscriberEE15is_empty_unsafeEv
                0x08009850       0x20 build/obj/Middleware.o
                0x08009850                r2p::StaticList<r2p::LocalSubscriber>::is_empty_unsafe() const
 .text._ZN3r2p10StaticListINS_5TopicEE4linkERNS2_4LinkE
                0x08009870       0x20 build/obj/Middleware.o
                0x08009870                r2p::StaticList<r2p::Topic>::link(r2p::StaticList<r2p::Topic>::Link&)
 .text._ZN3r2p10StaticListINS_4NodeEE5beginEv
                0x08009890       0x20 build/obj/Middleware.o
                0x08009890                r2p::StaticList<r2p::Node>::begin()
 .text._ZN3r2p10StaticListINS_4NodeEE3endEv
                0x080098b0       0x20 build/obj/Middleware.o
                0x080098b0                r2p::StaticList<r2p::Node>::end()
 .text._ZNK3r2p10StaticListINS_4NodeEE8IteratorneERKS3_
                0x080098d0       0x20 build/obj/Middleware.o
                0x080098d0                r2p::StaticList<r2p::Node>::Iterator::operator!=(r2p::StaticList<r2p::Node>::Iterator const&) const
 .text._ZN3r2p10StaticListINS_4NodeEE8IteratorppEv
                0x080098f0       0x30 build/obj/Middleware.o
                0x080098f0                r2p::StaticList<r2p::Node>::Iterator::operator++()
 .text._ZNK3r2p10StaticListINS_4NodeEE8IteratorptEv
                0x08009920       0x10 build/obj/Middleware.o
                0x08009920                r2p::StaticList<r2p::Node>::Iterator::operator->() const
 .text._ZN3r2p9PublisherINS_7MgmtMsgEE5allocERPS1_
                0x08009930       0x20 build/obj/Middleware.o
                0x08009930                r2p::Publisher<r2p::MgmtMsg>::alloc(r2p::MgmtMsg*&)
 .text._ZN3r2p10StaticListINS_4NodeEE11link_unsafeERNS2_4LinkE
                0x08009950       0x50 build/obj/Middleware.o
                0x08009950                r2p::StaticList<r2p::Node>::link_unsafe(r2p::StaticList<r2p::Node>::Link&)
 .text._ZN3r2p10StaticListINS_9TransportEE4linkERNS2_4LinkE
                0x080099a0       0x20 build/obj/Middleware.o
                0x080099a0                r2p::StaticList<r2p::Transport>::link(r2p::StaticList<r2p::Transport>::Link&)
 .text._ZN3r2p10StaticListINS_9TransportEE5beginEv
                0x080099c0       0x20 build/obj/Middleware.o
                0x080099c0                r2p::StaticList<r2p::Transport>::begin()
 .text._ZN3r2p10StaticListINS_9TransportEE3endEv
                0x080099e0       0x20 build/obj/Middleware.o
                0x080099e0                r2p::StaticList<r2p::Transport>::end()
 .text._ZNK3r2p10StaticListINS_9TransportEE8IteratorneERKS3_
                0x08009a00       0x20 build/obj/Middleware.o
                0x08009a00                r2p::StaticList<r2p::Transport>::Iterator::operator!=(r2p::StaticList<r2p::Transport>::Iterator const&) const
 .text._ZN3r2p10StaticListINS_9TransportEE8IteratorppEv
                0x08009a20       0x30 build/obj/Middleware.o
                0x08009a20                r2p::StaticList<r2p::Transport>::Iterator::operator++()
 .text._ZNK3r2p10StaticListINS_4NodeEE15contains_unsafeERKS1_
                0x08009a50       0x30 build/obj/Middleware.o
                0x08009a50                r2p::StaticList<r2p::Node>::contains_unsafe(r2p::Node const&) const
 .text._ZN3r2p10StaticListINS_4NodeEE13unlink_unsafeERNS2_4LinkE
                0x08009a80       0x60 build/obj/Middleware.o
                0x08009a80                r2p::StaticList<r2p::Node>::unlink_unsafe(r2p::StaticList<r2p::Node>::Link&)
 .text._ZNK3r2p10StaticListINS_5TopicEE10find_firstIPFbRKS1_PKcEcEEPS1_T_PKT0_
                0x08009ae0       0x20 build/obj/Middleware.o
                0x08009ae0                r2p::Topic* r2p::StaticList<r2p::Topic>::find_first<bool (*)(r2p::Topic const&, char const*), char>(bool (*)(r2p::Topic const&, char const*), char const*) const
 .text._ZN3r2p4Node9advertiseINS_7MgmtMsgEEEbRNS_9PublisherIT_EEPKcRKNS_4TimeE
                0x08009b00       0x30 build/obj/Middleware.o
                0x08009b00                bool r2p::Node::advertise<r2p::MgmtMsg>(r2p::Publisher<r2p::MgmtMsg>&, char const*, r2p::Time const&)
 .text._ZN3r2p4Node9subscribeINS_7MgmtMsgEEEbRNS_16SubscriberExtBufIT_EEPKcPS4_
                0x08009b30       0x30 build/obj/Middleware.o
                0x08009b30                bool r2p::Node::subscribe<r2p::MgmtMsg>(r2p::SubscriberExtBuf<r2p::MgmtMsg>&, char const*, r2p::MgmtMsg*)
 .text._ZN3r2p7Message13reset_payloadINS_7MgmtMsgEEEvRT_
                0x08009b60       0x20 build/obj/Middleware.o
                0x08009b60                void r2p::Message::reset_payload<r2p::MgmtMsg>(r2p::MgmtMsg&)
 .text._ZN3r2p16SubscriberExtBufINS_7MgmtMsgEE5fetchERPS1_RNS_4TimeE
                0x08009b80       0x20 build/obj/Middleware.o
                0x08009b80                r2p::SubscriberExtBuf<r2p::MgmtMsg>::fetch(r2p::MgmtMsg*&, r2p::Time&)
 .text._ZN3r2p16SubscriberExtBufINS_7MgmtMsgEE7releaseERS1_
                0x08009ba0       0x20 build/obj/Middleware.o
                0x08009ba0                r2p::SubscriberExtBuf<r2p::MgmtMsg>::release(r2p::MgmtMsg&)
 .text._ZNK3r2p10StaticListINS_4NodeEE13ConstIterator8is_validEv
                0x08009bc0       0x20 build/obj/Middleware.o
                0x08009bc0                r2p::StaticList<r2p::Node>::ConstIterator::is_valid() const
 .text._ZNK3r2p10StaticListINS_4NodeEE7restartERNS2_13ConstIteratorE
                0x08009be0       0x30 build/obj/Middleware.o
                0x08009be0                r2p::StaticList<r2p::Node>::restart(r2p::StaticList<r2p::Node>::ConstIterator&) const
 .text._ZNK3r2p10StaticListINS_4NodeEE13ConstIteratordeEv
                0x08009c10       0x10 build/obj/Middleware.o
                0x08009c10                r2p::StaticList<r2p::Node>::ConstIterator::operator*() const
 .text._ZN3r2p10StaticListINS_4NodeEE13ConstIteratorppEv
                0x08009c20       0x30 build/obj/Middleware.o
                0x08009c20                r2p::StaticList<r2p::Node>::ConstIterator::operator++()
 .text._ZNK3r2p10StaticListINS_4NodeEE13ConstIteratorptEv
                0x08009c50       0x10 build/obj/Middleware.o
                0x08009c50                r2p::StaticList<r2p::Node>::ConstIterator::operator->() const
 .text._ZNK3r2p10StaticListINS_14LocalPublisherEE7restartERNS2_13ConstIteratorE
                0x08009c60       0x30 build/obj/Middleware.o
                0x08009c60                r2p::StaticList<r2p::LocalPublisher>::restart(r2p::StaticList<r2p::LocalPublisher>::ConstIterator&) const
 .text._ZNK3r2p10StaticListINS_15LocalSubscriberEE7restartERNS2_13ConstIteratorE
                0x08009c90       0x30 build/obj/Middleware.o
                0x08009c90                r2p::StaticList<r2p::LocalSubscriber>::restart(r2p::StaticList<r2p::LocalSubscriber>::ConstIterator&) const
 .text._ZNK3r2p10StaticListINS_14LocalPublisherEE13ConstIterator8is_validEv
                0x08009cc0       0x20 build/obj/Middleware.o
                0x08009cc0                r2p::StaticList<r2p::LocalPublisher>::ConstIterator::is_valid() const
 .text._ZNK3r2p10StaticListINS_14LocalPublisherEE13ConstIteratorptEv
                0x08009ce0       0x10 build/obj/Middleware.o
                0x08009ce0                r2p::StaticList<r2p::LocalPublisher>::ConstIterator::operator->() const
 .text._ZN3r2p10StaticListINS_14LocalPublisherEE13ConstIteratorppEv
                0x08009cf0       0x30 build/obj/Middleware.o
                0x08009cf0                r2p::StaticList<r2p::LocalPublisher>::ConstIterator::operator++()
 .text._ZNK3r2p10StaticListINS_15LocalSubscriberEE13ConstIterator8is_validEv
                0x08009d20       0x20 build/obj/Middleware.o
                0x08009d20                r2p::StaticList<r2p::LocalSubscriber>::ConstIterator::is_valid() const
 .text._ZNK3r2p10StaticListINS_15LocalSubscriberEE13ConstIteratorptEv
                0x08009d40       0x10 build/obj/Middleware.o
                0x08009d40                r2p::StaticList<r2p::LocalSubscriber>::ConstIterator::operator->() const
 .text._ZN3r2p10StaticListINS_15LocalSubscriberEE13ConstIteratorppEv
                0x08009d50       0x30 build/obj/Middleware.o
                0x08009d50                r2p::StaticList<r2p::LocalSubscriber>::ConstIterator::operator++()
 .text._ZNK3r2p10StaticListINS_9TransportEE5countEv
                0x08009d80       0x40 build/obj/Middleware.o
                0x08009d80                r2p::StaticList<r2p::Transport>::count() const
 .text._ZNK3r2p10StaticListINS_9TransportEE8IteratorptEv
                0x08009dc0       0x10 build/obj/Middleware.o
                0x08009dc0                r2p::StaticList<r2p::Transport>::Iterator::operator->() const
 .text._ZN3r2p10StaticListINS_4NodeEEC2Ev
                0x08009dd0       0x20 build/obj/Middleware.o
                0x08009dd0                r2p::StaticList<r2p::Node>::StaticList()
                0x08009dd0                r2p::StaticList<r2p::Node>::StaticList()
 .text._ZN3r2p10StaticListINS_5TopicEEC2Ev
                0x08009df0       0x20 build/obj/Middleware.o
                0x08009df0                r2p::StaticList<r2p::Topic>::StaticList()
                0x08009df0                r2p::StaticList<r2p::Topic>::StaticList()
 .text._ZN3r2p10StaticListINS_9TransportEEC2Ev
                0x08009e10       0x20 build/obj/Middleware.o
                0x08009e10                r2p::StaticList<r2p::Transport>::StaticList()
                0x08009e10                r2p::StaticList<r2p::Transport>::StaticList()
 .text._ZN3r2p9PublisherINS_7MgmtMsgEEC2Ev
                0x08009e30       0x30 build/obj/Middleware.o
                0x08009e30                r2p::Publisher<r2p::MgmtMsg>::Publisher()
                0x08009e30                r2p::Publisher<r2p::MgmtMsg>::Publisher()
 .text._ZN3r2p9PublisherINS_7MgmtMsgEED2Ev
                0x08009e60       0x30 build/obj/Middleware.o
                0x08009e60                r2p::Publisher<r2p::MgmtMsg>::~Publisher()
                0x08009e60                r2p::Publisher<r2p::MgmtMsg>::~Publisher()
 .text._ZN3r2p9PublisherINS_7MgmtMsgEED0Ev
                0x08009e90       0x20 build/obj/Middleware.o
                0x08009e90                r2p::Publisher<r2p::MgmtMsg>::~Publisher()
 .text._ZN3r2p16SubscriberExtBufINS_7MgmtMsgEEC2EPPS1_jPFbRKS1_E
                0x08009eb0       0x30 build/obj/Middleware.o
                0x08009eb0                r2p::SubscriberExtBuf<r2p::MgmtMsg>::SubscriberExtBuf(r2p::MgmtMsg**, unsigned int, bool (*)(r2p::MgmtMsg const&))
                0x08009eb0                r2p::SubscriberExtBuf<r2p::MgmtMsg>::SubscriberExtBuf(r2p::MgmtMsg**, unsigned int, bool (*)(r2p::MgmtMsg const&))
 .text._ZN3r2p16SubscriberExtBufINS_7MgmtMsgEED2Ev
                0x08009ee0       0x30 build/obj/Middleware.o
                0x08009ee0                r2p::SubscriberExtBuf<r2p::MgmtMsg>::~SubscriberExtBuf()
                0x08009ee0                r2p::SubscriberExtBuf<r2p::MgmtMsg>::~SubscriberExtBuf()
 .text._ZN3r2p16SubscriberExtBufINS_7MgmtMsgEED0Ev
                0x08009f10       0x20 build/obj/Middleware.o
                0x08009f10                r2p::SubscriberExtBuf<r2p::MgmtMsg>::~SubscriberExtBuf()
 .text._ZN3r2p10StaticListINS_4NodeEE13ConstIteratorC2Ev
                0x08009f30       0x20 build/obj/Middleware.o
                0x08009f30                r2p::StaticList<r2p::Node>::ConstIterator::ConstIterator()
                0x08009f30                r2p::StaticList<r2p::Node>::ConstIterator::ConstIterator()
 .text._ZN3r2p10StaticListINS_14LocalPublisherEE13ConstIteratorC2Ev
                0x08009f50       0x20 build/obj/Middleware.o
                0x08009f50                r2p::StaticList<r2p::LocalPublisher>::ConstIterator::ConstIterator()
                0x08009f50                r2p::StaticList<r2p::LocalPublisher>::ConstIterator::ConstIterator()
 .text._ZN3r2p10StaticListINS_15LocalSubscriberEE13ConstIteratorC2Ev
                0x08009f70       0x20 build/obj/Middleware.o
                0x08009f70                r2p::StaticList<r2p::LocalSubscriber>::ConstIterator::ConstIterator()
                0x08009f70                r2p::StaticList<r2p::LocalSubscriber>::ConstIterator::ConstIterator()
 .text._ZN3r2p10StaticListINS_5TopicEE16link_tail_unsafeERNS2_4LinkE
                0x08009f90       0x70 build/obj/Middleware.o
                0x08009f90                r2p::StaticList<r2p::Topic>::link_tail_unsafe(r2p::StaticList<r2p::Topic>::Link&)
 .text._ZNK3r2p10StaticListINS_4NodeEE8get_headEv
                0x0800a000       0x20 build/obj/Middleware.o
                0x0800a000                r2p::StaticList<r2p::Node>::get_head() const
 .text._ZN3r2p10StaticListINS_4NodeEE8IteratorC2EPKNS2_4LinkE
                0x0800a020       0x20 build/obj/Middleware.o
                0x0800a020                r2p::StaticList<r2p::Node>::Iterator::Iterator(r2p::StaticList<r2p::Node>::Link const*)
                0x0800a020                r2p::StaticList<r2p::Node>::Iterator::Iterator(r2p::StaticList<r2p::Node>::Link const*)
 .text._ZN3r2p10StaticListINS_9TransportEE16link_tail_unsafeERNS2_4LinkE
                0x0800a040       0x70 build/obj/Middleware.o
                0x0800a040                r2p::StaticList<r2p::Transport>::link_tail_unsafe(r2p::StaticList<r2p::Transport>::Link&)
 .text._ZNK3r2p10StaticListINS_9TransportEE8get_headEv
                0x0800a0b0       0x20 build/obj/Middleware.o
                0x0800a0b0                r2p::StaticList<r2p::Transport>::get_head() const
 .text._ZN3r2p10StaticListINS_9TransportEE8IteratorC2EPKNS2_4LinkE
                0x0800a0d0       0x20 build/obj/Middleware.o
                0x0800a0d0                r2p::StaticList<r2p::Transport>::Iterator::Iterator(r2p::StaticList<r2p::Transport>::Link const*)
                0x0800a0d0                r2p::StaticList<r2p::Transport>::Iterator::Iterator(r2p::StaticList<r2p::Transport>::Link const*)
 .text._ZNK3r2p10StaticListINS_5TopicEE10find_firstEPFbRKS1_PKvES6_
                0x0800a0f0       0x60 build/obj/Middleware.o
                0x0800a0f0                r2p::StaticList<r2p::Topic>::find_first(bool (*)(r2p::Topic const&, void const*), void const*) const
 .text._ZN3r2p7Message16get_payload_sizeINS_7MgmtMsgEEEjv
                0x0800a150       0x10 build/obj/Middleware.o
                0x0800a150                unsigned int r2p::Message::get_payload_size<r2p::MgmtMsg>()
 .text._ZNK3r2p10StaticListINS_4NodeEE5beginEv
                0x0800a160       0x20 build/obj/Middleware.o
                0x0800a160                r2p::StaticList<r2p::Node>::begin() const
 .text._ZN3r2p10StaticListINS_4NodeEE13ConstIteratoraSERKS3_
                0x0800a180       0x20 build/obj/Middleware.o
                0x0800a180                r2p::StaticList<r2p::Node>::ConstIterator::operator=(r2p::StaticList<r2p::Node>::ConstIterator const&)
 .text._ZNK3r2p10StaticListINS_14LocalPublisherEE5beginEv
                0x0800a1a0       0x20 build/obj/Middleware.o
                0x0800a1a0                r2p::StaticList<r2p::LocalPublisher>::begin() const
 .text._ZN3r2p10StaticListINS_14LocalPublisherEE13ConstIteratoraSERKS3_
                0x0800a1c0       0x20 build/obj/Middleware.o
                0x0800a1c0                r2p::StaticList<r2p::LocalPublisher>::ConstIterator::operator=(r2p::StaticList<r2p::LocalPublisher>::ConstIterator const&)
 .text._ZNK3r2p10StaticListINS_15LocalSubscriberEE5beginEv
                0x0800a1e0       0x20 build/obj/Middleware.o
                0x0800a1e0                r2p::StaticList<r2p::LocalSubscriber>::begin() const
 .text._ZN3r2p10StaticListINS_15LocalSubscriberEE13ConstIteratoraSERKS3_
                0x0800a200       0x20 build/obj/Middleware.o
                0x0800a200                r2p::StaticList<r2p::LocalSubscriber>::ConstIterator::operator=(r2p::StaticList<r2p::LocalSubscriber>::ConstIterator const&)
 .text._ZN3r2p10StaticListINS_5TopicEE13unlink_unsafeERNS2_4LinkE
                0x0800a220       0x60 build/obj/Middleware.o
                0x0800a220                r2p::StaticList<r2p::Topic>::unlink_unsafe(r2p::StaticList<r2p::Topic>::Link&)
 .text._ZNK3r2p10StaticListINS_5TopicEE15is_empty_unsafeEv
                0x0800a280       0x20 build/obj/Middleware.o
                0x0800a280                r2p::StaticList<r2p::Topic>::is_empty_unsafe() const
 .text._ZNK3r2p10StaticListINS_4NodeEE15get_head_unsafeEv
                0x0800a2a0       0x10 build/obj/Middleware.o
                0x0800a2a0                r2p::StaticList<r2p::Node>::get_head_unsafe() const
 .text._ZN3r2p10StaticListINS_9TransportEE13unlink_unsafeERNS2_4LinkE
                0x0800a2b0       0x60 build/obj/Middleware.o
                0x0800a2b0                r2p::StaticList<r2p::Transport>::unlink_unsafe(r2p::StaticList<r2p::Transport>::Link&)
 .text._ZNK3r2p10StaticListINS_9TransportEE15is_empty_unsafeEv
                0x0800a310       0x20 build/obj/Middleware.o
                0x0800a310                r2p::StaticList<r2p::Transport>::is_empty_unsafe() const
 .text._ZNK3r2p10StaticListINS_9TransportEE15get_head_unsafeEv
                0x0800a330       0x10 build/obj/Middleware.o
                0x0800a330                r2p::StaticList<r2p::Transport>::get_head_unsafe() const
 .text._ZN3r2p10StaticListINS_4NodeEE13ConstIteratorC2EPKNS2_9ConstLinkE
                0x0800a340       0x20 build/obj/Middleware.o
                0x0800a340                r2p::StaticList<r2p::Node>::ConstIterator::ConstIterator(r2p::StaticList<r2p::Node>::ConstLink const*)
                0x0800a340                r2p::StaticList<r2p::Node>::ConstIterator::ConstIterator(r2p::StaticList<r2p::Node>::ConstLink const*)
 .text._ZNK3r2p10StaticListINS_14LocalPublisherEE15get_head_unsafeEv
                0x0800a360       0x10 build/obj/Middleware.o
                0x0800a360                r2p::StaticList<r2p::LocalPublisher>::get_head_unsafe() const
 .text._ZN3r2p10StaticListINS_14LocalPublisherEE13ConstIteratorC2EPKNS2_9ConstLinkE
                0x0800a370       0x20 build/obj/Middleware.o
                0x0800a370                r2p::StaticList<r2p::LocalPublisher>::ConstIterator::ConstIterator(r2p::StaticList<r2p::LocalPublisher>::ConstLink const*)
                0x0800a370                r2p::StaticList<r2p::LocalPublisher>::ConstIterator::ConstIterator(r2p::StaticList<r2p::LocalPublisher>::ConstLink const*)
 .text._ZNK3r2p10StaticListINS_15LocalSubscriberEE15get_head_unsafeEv
                0x0800a390       0x10 build/obj/Middleware.o
                0x0800a390                r2p::StaticList<r2p::LocalSubscriber>::get_head_unsafe() const
 .text._ZN3r2p10StaticListINS_15LocalSubscriberEE13ConstIteratorC2EPKNS2_9ConstLinkE
                0x0800a3a0       0x20 build/obj/Middleware.o
                0x0800a3a0                r2p::StaticList<r2p::LocalSubscriber>::ConstIterator::ConstIterator(r2p::StaticList<r2p::LocalSubscriber>::ConstLink const*)
                0x0800a3a0                r2p::StaticList<r2p::LocalSubscriber>::ConstIterator::ConstIterator(r2p::StaticList<r2p::LocalSubscriber>::ConstLink const*)
 .text._ZNK3r2p4Time9to_us_rawEv
                0x0800a3c0       0x10 build/obj/Node.o
                0x0800a3c0                r2p::Time::to_us_raw() const
 .text._ZNK3r2p4Time9to_ms_rawEv
                0x0800a3d0       0x20 build/obj/Node.o
                0x0800a3d0                r2p::Time::to_ms_raw() const
 .text._ZN3r2peqERKNS_4TimeES2_
                0x0800a3f0       0x20 build/obj/Node.o
                0x0800a3f0                r2p::operator==(r2p::Time const&, r2p::Time const&)
 .text._ZN3r2p10SpinEvent_4waitERKNS_4TimeE
                0x0800a410       0xc0 build/obj/Node.o
                0x0800a410                r2p::SpinEvent_::wait(r2p::Time const&)
 .text._ZN3r2p10SpinEvent_C2EPNS_6ThreadE
                0x0800a4d0       0x20 build/obj/Node.o
                0x0800a4d0                r2p::SpinEvent_::SpinEvent_(r2p::Thread*)
                0x0800a4d0                r2p::SpinEvent_::SpinEvent_(r2p::Thread*)
 .text._ZN3r2p9SpinEvent4waitERKNS_4TimeE
                0x0800a4f0       0x20 build/obj/Node.o
                0x0800a4f0                r2p::SpinEvent::wait(r2p::Time const&)
 .text._ZN3r2p9SpinEventC2EPNS_6ThreadE
                0x0800a510       0x30 build/obj/Node.o
                0x0800a510                r2p::SpinEvent::SpinEvent(r2p::Thread*)
                0x0800a510                r2p::SpinEvent::SpinEvent(r2p::Thread*)
 .text._ZNK3r2p15LocalSubscriber12get_callbackEv
                0x0800a540       0x10 build/obj/Node.o
                0x0800a540                r2p::LocalSubscriber::get_callback() const
 .text._ZN3r2p4Node9advertiseERNS_14LocalPublisherEPKcRKNS_4TimeEj
                0x0800a550       0x60 build/obj/Node.o
                0x0800a550                r2p::Node::advertise(r2p::LocalPublisher&, char const*, r2p::Time const&, unsigned int)
 .text._ZN3r2p4Node9subscribeERNS_15LocalSubscriberEPKcPNS_7MessageEj
                0x0800a5b0       0xd0 build/obj/Node.o
                0x0800a5b0                r2p::Node::subscribe(r2p::LocalSubscriber&, char const*, r2p::Message*, unsigned int)
 .text._ZN3r2p4Node4spinERKNS_4TimeE
                0x0800a680      0x100 build/obj/Node.o
                0x0800a680                r2p::Node::spin(r2p::Time const&)
 .text._ZN3r2p10StaticListINS_14LocalPublisherEED2Ev
                0x0800a780       0x20 build/obj/Node.o
                0x0800a780                r2p::StaticList<r2p::LocalPublisher>::~StaticList()
                0x0800a780                r2p::StaticList<r2p::LocalPublisher>::~StaticList()
 .text._ZN3r2p10StaticListINS_15LocalSubscriberEED2Ev
                0x0800a7a0       0x20 build/obj/Node.o
                0x0800a7a0                r2p::StaticList<r2p::LocalSubscriber>::~StaticList()
                0x0800a7a0                r2p::StaticList<r2p::LocalSubscriber>::~StaticList()
 .text._ZN3r2p9SpinEventD2Ev
                0x0800a7c0       0x20 build/obj/Node.o
                0x0800a7c0                r2p::SpinEvent::~SpinEvent()
                0x0800a7c0                r2p::SpinEvent::~SpinEvent()
 .text._ZN3r2p4NodeC2EPKcb
                0x0800a7e0       0xa0 build/obj/Node.o
                0x0800a7e0                r2p::Node::Node(char const*, bool)
                0x0800a7e0                r2p::Node::Node(char const*, bool)
 .text._ZN3r2p4NodeD2Ev
                0x0800a880       0x40 build/obj/Node.o
                0x0800a880                r2p::Node::~Node()
                0x0800a880                r2p::Node::~Node()
 .text._ZN3r2p10StaticListINS_14LocalPublisherEE4linkERNS2_4LinkE
                0x0800a8c0       0x20 build/obj/Node.o
                0x0800a8c0                r2p::StaticList<r2p::LocalPublisher>::link(r2p::StaticList<r2p::LocalPublisher>::Link&)
 .text._ZNK3r2p10StaticListINS_15LocalSubscriberEE5countEv
                0x0800a8e0       0x40 build/obj/Node.o
                0x0800a8e0                r2p::StaticList<r2p::LocalSubscriber>::count() const
 .text._ZN3r2p10StaticListINS_15LocalSubscriberEE4linkERNS2_4LinkE
                0x0800a920       0x20 build/obj/Node.o
                0x0800a920                r2p::StaticList<r2p::LocalSubscriber>::link(r2p::StaticList<r2p::LocalSubscriber>::Link&)
 .text._ZN3r2p10StaticListINS_15LocalSubscriberEE6unlinkERNS2_4LinkE
                0x0800a940       0x30 build/obj/Node.o
                0x0800a940                r2p::StaticList<r2p::LocalSubscriber>::unlink(r2p::StaticList<r2p::LocalSubscriber>::Link&)
 .text._ZN3r2p10StaticListINS_15LocalSubscriberEE5beginEv
                0x0800a970       0x20 build/obj/Node.o
                0x0800a970                r2p::StaticList<r2p::LocalSubscriber>::begin()
 .text._ZN3r2p10StaticListINS_15LocalSubscriberEE3endEv
                0x0800a990       0x20 build/obj/Node.o
                0x0800a990                r2p::StaticList<r2p::LocalSubscriber>::end()
 .text._ZNK3r2p10StaticListINS_15LocalSubscriberEE8IteratorneERKS3_
                0x0800a9b0       0x20 build/obj/Node.o
                0x0800a9b0                r2p::StaticList<r2p::LocalSubscriber>::Iterator::operator!=(r2p::StaticList<r2p::LocalSubscriber>::Iterator const&) const
 .text._ZN3r2p10StaticListINS_15LocalSubscriberEE8IteratorppEv
                0x0800a9d0       0x30 build/obj/Node.o
                0x0800a9d0                r2p::StaticList<r2p::LocalSubscriber>::Iterator::operator++()
 .text._ZNK3r2p10StaticListINS_15LocalSubscriberEE8IteratorptEv
                0x0800aa00       0x10 build/obj/Node.o
                0x0800aa00                r2p::StaticList<r2p::LocalSubscriber>::Iterator::operator->() const
 .text._ZN3r2p10StaticListINS_14LocalPublisherEEC2Ev
                0x0800aa10       0x20 build/obj/Node.o
                0x0800aa10                r2p::StaticList<r2p::LocalPublisher>::StaticList()
                0x0800aa10                r2p::StaticList<r2p::LocalPublisher>::StaticList()
 .text._ZN3r2p10StaticListINS_15LocalSubscriberEEC2Ev
                0x0800aa30       0x20 build/obj/Node.o
                0x0800aa30                r2p::StaticList<r2p::LocalSubscriber>::StaticList()
                0x0800aa30                r2p::StaticList<r2p::LocalSubscriber>::StaticList()
 .text._ZN3r2p10StaticListINS_4NodeEE4LinkC2ERS1_
                0x0800aa50       0x20 build/obj/Node.o
                0x0800aa50                r2p::StaticList<r2p::Node>::Link::Link(r2p::Node&)