Archive member included because of file (symbol)

/home/denny/r2p-sdk/tools/gcc-arm-none-eabi-4_9-2014q4/bin/../lib/gcc/arm-none-eabi/4.9.3/../../../../arm-none-eabi/lib/armv7e-m/fpu/libg.a(lib_a-aeabi_atexit.o)
                              build/obj/main.o (__aeabi_atexit)
/home/denny/r2p-sdk/tools/gcc-arm-none-eabi-4_9-2014q4/bin/../lib/gcc/arm-none-eabi/4.9.3/../../../../arm-none-eabi/lib/armv7e-m/fpu/libg.a(lib_a-cxa_atexit.o)
                              /home/denny/r2p-sdk/tools/gcc-arm-none-eabi-4_9-2014q4/bin/../lib/gcc/arm-none-eabi/4.9.3/../../../../arm-none-eabi/lib/armv7e-m/fpu/libg.a(lib_a-aeabi_atexit.o) (__cxa_atexit)
/home/denny/r2p-sdk/tools/gcc-arm-none-eabi-4_9-2014q4/bin/../lib/gcc/arm-none-eabi/4.9.3/../../../../arm-none-eabi/lib/armv7e-m/fpu/libg.a(lib_a-memcpy.o)
                              build/obj/Message.o (memcpy)
/home/denny/r2p-sdk/tools/gcc-arm-none-eabi-4_9-2014q4/bin/../lib/gcc/arm-none-eabi/4.9.3/../../../../arm-none-eabi/lib/armv7e-m/fpu/libg.a(lib_a-memset.o)
                              build/obj/syscalls.o (memset)
/home/denny/r2p-sdk/tools/gcc-arm-none-eabi-4_9-2014q4/bin/../lib/gcc/arm-none-eabi/4.9.3/../../../../arm-none-eabi/lib/armv7e-m/fpu/libg.a(lib_a-strncmp.o)
                              build/obj/BaseSubscriber.o (strncmp)
/home/denny/r2p-sdk/tools/gcc-arm-none-eabi-4_9-2014q4/bin/../lib/gcc/arm-none-eabi/4.9.3/../../../../arm-none-eabi/lib/armv7e-m/fpu/libg.a(lib_a-strncpy.o)
                              build/obj/Middleware.o (strncpy)
/home/denny/r2p-sdk/tools/gcc-arm-none-eabi-4_9-2014q4/bin/../lib/gcc/arm-none-eabi/4.9.3/../../../../arm-none-eabi/lib/armv7e-m/fpu/libg.a(lib_a-__atexit.o)
                              /home/denny/r2p-sdk/tools/gcc-arm-none-eabi-4_9-2014q4/bin/../lib/gcc/arm-none-eabi/4.9.3/../../../../arm-none-eabi/lib/armv7e-m/fpu/libg.a(lib_a-cxa_atexit.o) (__register_exitproc)
/home/denny/r2p-sdk/tools/gcc-arm-none-eabi-4_9-2014q4/bin/../lib/gcc/arm-none-eabi/4.9.3/../../../../arm-none-eabi/lib/armv7e-m/fpu/libg.a(lib_a-impure.o)
                              /home/denny/r2p-sdk/tools/gcc-arm-none-eabi-4_9-2014q4/bin/../lib/gcc/arm-none-eabi/4.9.3/../../../../arm-none-eabi/lib/armv7e-m/fpu/libg.a(lib_a-__atexit.o) (_global_impure_ptr)

Discarded input sections

 .text          0x00000000        0x0 build/obj/crt0.o
 .data          0x00000000        0x0 build/obj/crt0.o
 .bss           0x00000000        0x0 build/obj/crt0.o
 .text.__early_init
                0x00000000       0x10 build/obj/crt0.o
 .text          0x00000000        0x0 build/obj/vectors.o
 .data          0x00000000        0x0 build/obj/vectors.o
 .bss           0x00000000        0x0 build/obj/vectors.o
 .text          0x00000000        0x0 build/obj/chcore.o
 .data          0x00000000        0x0 build/obj/chcore.o
 .bss           0x00000000        0x0 build/obj/chcore.o
 .text          0x00000000        0x0 build/obj/chcore_v7m.o
 .data          0x00000000        0x0 build/obj/chcore_v7m.o
 .bss           0x00000000        0x0 build/obj/chcore_v7m.o
 .text          0x00000000        0x0 build/obj/nvic.o
 .data          0x00000000        0x0 build/obj/nvic.o
 .bss           0x00000000        0x0 build/obj/nvic.o
 .text.nvicDisableVector
                0x00000000       0x60 build/obj/nvic.o
 .text          0x00000000        0x0 build/obj/chsys.o
 .data          0x00000000        0x0 build/obj/chsys.o
 .bss           0x00000000        0x0 build/obj/chsys.o
 .text          0x00000000        0x0 build/obj/chdebug.o
 .data          0x00000000        0x0 build/obj/chdebug.o
 .bss           0x00000000        0x0 build/obj/chdebug.o
 .text.dbg_check_suspend
                0x00000000       0x30 build/obj/chdebug.o
 .text          0x00000000        0x0 build/obj/chlists.o
 .data          0x00000000        0x0 build/obj/chlists.o
 .bss           0x00000000        0x0 build/obj/chlists.o
 .debug_info    0x00000000       0x75 build/obj/chlists.o
 .debug_abbrev  0x00000000       0x24 build/obj/chlists.o
 .debug_aranges
                0x00000000       0x18 build/obj/chlists.o
 .debug_line    0x00000000       0x1d build/obj/chlists.o
 .debug_str     0x00000000      0x1ea build/obj/chlists.o
 .comment       0x00000000       0x71 build/obj/chlists.o
 .ARM.attributes
                0x00000000       0x39 build/obj/chlists.o
 .text          0x00000000        0x0 build/obj/chvt.o
 .data          0x00000000        0x0 build/obj/chvt.o
 .bss           0x00000000        0x0 build/obj/chvt.o
 .text          0x00000000        0x0 build/obj/chschd.o
 .data          0x00000000        0x0 build/obj/chschd.o
 .bss           0x00000000        0x0 build/obj/chschd.o
 .text.chSchRescheduleS
                0x00000000       0x20 build/obj/chschd.o
 .text          0x00000000        0x0 build/obj/chthreads.o
 .data          0x00000000        0x0 build/obj/chthreads.o
 .bss           0x00000000        0x0 build/obj/chthreads.o
 .text.list_insert
[...]
Memory Configuration

Name             Origin             Length             Attributes
flash            0x08000000         0x00040000
ram              0x20000000         0x0000a000
ccmram           0x10000000         0x00002000
*default*        0x00000000         0xffffffff

Linker script and memory map

LOAD build/obj/crt0.o
LOAD build/obj/vectors.o
LOAD build/obj/chcore.o
LOAD build/obj/chcore_v7m.o
LOAD build/obj/nvic.o
LOAD build/obj/chsys.o
LOAD build/obj/chdebug.o
LOAD build/obj/chlists.o
LOAD build/obj/chvt.o
LOAD build/obj/chschd.o
LOAD build/obj/chthreads.o
LOAD build/obj/chdynamic.o
LOAD build/obj/chregistry.o
LOAD build/obj/chsem.o
LOAD build/obj/chmtx.o
LOAD build/obj/chcond.o
LOAD build/obj/chevents.o
LOAD build/obj/chmsg.o
LOAD build/obj/chmboxes.o
LOAD build/obj/chqueues.o
LOAD build/obj/chmemcore.o
LOAD build/obj/chheap.o
LOAD build/obj/chmempools.o
LOAD build/obj/hal.o
LOAD build/obj/adc.o
LOAD build/obj/can.o
LOAD build/obj/ext.o
LOAD build/obj/gpt.o
LOAD build/obj/i2c.o
LOAD build/obj/icu.o
LOAD build/obj/mac.o
LOAD build/obj/mmc_spi.o
LOAD build/obj/mmcsd.o
LOAD build/obj/pal.o
LOAD build/obj/pwm.o
LOAD build/obj/rtc.o
LOAD build/obj/sdc.o
LOAD build/obj/serial.o
LOAD build/obj/serial_usb.o
LOAD build/obj/spi.o
LOAD build/obj/tm.o
LOAD build/obj/uart.o
LOAD build/obj/usb.o
LOAD build/obj/stm32_dma.o
LOAD build/obj/hal_lld.o
LOAD build/obj/adc_lld.o
LOAD build/obj/ext_lld_isr.o
LOAD build/obj/can_lld.o
LOAD build/obj/ext_lld.o
LOAD build/obj/pal_lld.o
LOAD build/obj/i2c_lld.o
LOAD build/obj/rtc_lld.o
LOAD build/obj/spi_lld.o
LOAD build/obj/gpt_lld.o
LOAD build/obj/icu_lld.o
LOAD build/obj/pwm_lld.o
LOAD build/obj/serial_lld.o
LOAD build/obj/uart_lld.o
LOAD build/obj/usb_lld.o
LOAD build/obj/evtimer.o
LOAD build/obj/syscalls.o
LOAD build/obj/rtcan.o
LOAD build/obj/msgqueue.o
LOAD build/obj/hrt.o
LOAD build/obj/srt.o
LOAD build/obj/rtcan_lld_can.o
LOAD build/obj/rtcan_lld_tim.o
LOAD build/obj/board.o
LOAD build/obj/stubs.o
LOAD build/obj/qei.o
LOAD build/obj/qei_lld.o
LOAD build/obj/ArrayQueue_.o
LOAD build/obj/SimplePool_.o
LOAD build/obj/StaticList_.o
LOAD build/obj/StaticQueue_.o
LOAD build/obj/BasePublisher.o
LOAD build/obj/BaseSubscriber.o
LOAD build/obj/BaseSubscriberQueue.o
LOAD build/obj/BootMsg.o
LOAD build/obj/Checksummer.o
LOAD build/obj/LocalPublisher.o
LOAD build/obj/LocalSubscriber.o
LOAD build/obj/MessagePtrQueue.o
LOAD build/obj/Message.o
LOAD build/obj/Middleware.o
LOAD build/obj/Node.o
LOAD build/obj/RemotePublisher.o
LOAD build/obj/RemoteSubscriber.o
LOAD build/obj/Time.o
LOAD build/obj/TimestampedMsgPtrQueue.o
LOAD build/obj/Topic.o
LOAD build/obj/Transport.o
LOAD build/obj/Utils.o
LOAD build/obj/RTCANTransport.o
LOAD build/obj/RTCANPublisher.o
LOAD build/obj/RTCANSubscriber.o
LOAD build/obj/Middleware_.o
LOAD build/obj/Time_.o
LOAD build/obj/chnew.o
LOAD build/obj/led.o
LOAD build/obj/pid_node.o
LOAD build/obj/encoder_node.o
LOAD build/obj/main.o
                0x00000400                __main_stack_size__ = 0x400
                0x00000400                __process_stack_size__ = 0x400
                0x20000000                __ram_start__ = ORIGIN (ram)
                0x0000a000                __ram_size__ = 0xa000
                0x2000a000                __ram_end__ = (__ram_start__ + __ram_size__)
                0x00000000                . = 0x0
                0x00000000                _text = .

startup         0x08000000      0x188
 *(vectors)
 vectors        0x08000000      0x188 build/obj/vectors.o
                0x08000000                _vectors

constructors    0x08000188        0xc
                0x08000188                PROVIDE (__init_array_start, .)
 *(SORT(.init_array.*))
 *(.init_array)
 .init_array    0x08000188        0x4 build/obj/Time.o
 .init_array    0x0800018c        0x4 build/obj/pid_node.o
 .init_array    0x08000190        0x4 build/obj/main.o
                0x08000194                PROVIDE (__init_array_end, .)

destructors     0x08000194        0x0
                0x08000194                PROVIDE (__fini_array_start, .)
 *(.fini_array)
 *(SORT(.fini_array.*))
                0x08000194                PROVIDE (__fini_array_end, .)

.text           0x080001a0     0xb374
 *(.text.startup.*)
 *(.text)
 .text          0x080001a0      0x134 /home/denny/r2p-sdk/tools/gcc-arm-none-eabi-4_9-2014q4/bin/../lib/gcc/arm-none-eabi/4.9.3/../../../../arm-none-eabi/lib/armv7e-m/fpu/libg.a(lib_a-memcpy.o)
                0x080001a0                memcpy
 *(.text.*)
 *fill*         0x080002d4        0xc 
 .text.__late_init
                0x080002e0       0x10 build/obj/crt0.o
                0x080002e0                __late_init
 .text._default_exit
                0x080002f0       0x10 build/obj/crt0.o
                0x080002f0                _default_exit
 .text.ResetHandler
                0x08000300      0x100 build/obj/crt0.o
                0x08000300                ResetHandler
 .text._unhandled_exception
                0x08000400       0x10 build/obj/vectors.o
                0x08000400                NMIVector
                0x08000400                Vector11C
                0x08000400                VectorDC
                0x08000400                Vector168
                0x08000400                Vector110
                0x08000400                VectorC8
                0x08000400                VectorA8
                0x08000400                VectorB4
                0x08000400                Vector160
                0x08000400                VectorEC
                0x08000400                UsageFaultVector
                0x08000400                DebugMonitorVector
                0x08000400                Vector40
                0x08000400                VectorF8
                0x08000400                Vector108
                0x08000400                VectorBC
                0x08000400                Vector150
                0x08000400                Vector148
                0x08000400                PendSVVector
                0x08000400                Vector118
                0x08000400                VectorCC
                0x08000400                Vector54
                0x08000400                VectorD8
                0x08000400                Vector138
                0x08000400                Vector24
                0x08000400                Vector178
                0x08000400                BusFaultVector
                0x08000400                VectorD0
                0x08000400                VectorC0
                0x08000400                Vector158
                0x08000400                HardFaultVector
                0x08000400                Vector134
                0x08000400                VectorF0
                0x08000400                Vector13C
                0x08000400                Vector100
                0x08000400                VectorF4
                0x08000400                MemManageVector
                0x08000400                VectorA0
                0x08000400                VectorC4
                0x08000400                Vector180
                0x08000400                VectorB0
                0x08000400                Vector114
                0x08000400                Vector164
                0x08000400                Vector1C
                0x08000400                Vector17C
                0x08000400                Vector16C
                0x08000400                VectorD4
                0x08000400                Vector15C
                0x08000400                _unhandled_exception
                0x08000400                Vector170
                0x08000400                Vector104
                0x08000400                Vector184
                0x08000400                Vector10C
                0x08000400                Vector14C
                0x08000400                Vector50
                0x08000400                Vector154
                0x08000400                Vector28
                0x08000400                VectorB8
                0x08000400                VectorFC
                0x08000400                Vector34
                0x08000400                Vector20
                0x08000400                Vector174
 .text.port_halt
                0x08000410       0x10 build/obj/chcore.o
                0x08000410                port_halt
 .text.SysTickVector
                0x08000420       0x30 build/obj/chcore_v7m.o
                0x08000420                SysTickVector
 .text.SVCallVector
                0x08000450       0x30 build/obj/chcore_v7m.o
                0x08000450                SVCallVector
 .text._port_init
                0x08000480       0x30 build/obj/chcore_v7m.o
                0x08000480                _port_init
 .text._port_irq_epilogue
                0x080004b0       0xa0 build/obj/chcore_v7m.o
                0x080004b0                _port_irq_epilogue
 .text._port_switch_from_isr
                0x08000550       0x10 build/obj/chcore_v7m.o
                0x08000550                _port_switch_from_isr
 .text._port_switch
                0x08000560       0x20 build/obj/chcore_v7m.o
                0x08000560                _port_switch
 .text._port_thread_start
                0x08000580       0x20 build/obj/chcore_v7m.o
                0x08000580                _port_thread_start
 .text.nvicEnableVector
                0x080005a0       0x80 build/obj/nvic.o
                0x080005a0                nvicEnableVector
 .text.nvicSetSystemHandlerPriority
                0x08000620       0x50 build/obj/nvic.o
                0x08000620                nvicSetSystemHandlerPriority
 .text._idle_thread
                0x08000670       0x20 build/obj/chsys.o
                0x08000670                _idle_thread
 .text.chSysInit
                0x08000690       0x80 build/obj/chsys.o
                0x08000690                chSysInit
 .text.chSysTimerHandlerI
                0x08000710       0xb0 build/obj/chsys.o
                0x08000710                chSysTimerHandlerI
 .text.dbg_check_disable
                0x080007c0       0x30 build/obj/chdebug.o
                0x080007c0                dbg_check_disable
 .text.dbg_check_enable
                0x080007f0       0x30 build/obj/chdebug.o
                0x080007f0                dbg_check_enable
 .text.dbg_check_lock
                0x08000820       0x30 build/obj/chdebug.o
                0x08000820                dbg_check_lock
 .text.dbg_check_unlock
                0x08000850       0x30 build/obj/chdebug.o
                0x08000850                dbg_check_unlock
 .text.dbg_check_lock_from_isr
                0x08000880       0x30 build/obj/chdebug.o
                0x08000880                dbg_check_lock_from_isr
 .text.dbg_check_unlock_from_isr
                0x080008b0       0x30 build/obj/chdebug.o
                0x080008b0                dbg_check_unlock_from_isr
 .text.dbg_check_enter_isr
                0x080008e0       0x40 build/obj/chdebug.o
                0x080008e0                dbg_check_enter_isr
 .text.dbg_check_leave_isr
                0x08000920       0x40 build/obj/chdebug.o
                0x08000920                dbg_check_leave_isr
 .text.chDbgCheckClassI
                0x08000960       0x30 build/obj/chdebug.o
                0x08000960                chDbgCheckClassI
 .text.chDbgCheckClassS
                0x08000990       0x30 build/obj/chdebug.o
                0x08000990                chDbgCheckClassS
 .text._trace_init
                0x080009c0       0x20 build/obj/chdebug.o
                0x080009c0                _trace_init
 .text.dbg_trace
                0x080009e0       0x60 build/obj/chdebug.o
                0x080009e0                dbg_trace
 .text.chDbgPanic
                0x08000a40       0x20 build/obj/chdebug.o
                0x08000a40                chDbgPanic
 .text._vt_init
                0x08000a60       0x30 build/obj/chvt.o
                0x08000a60                _vt_init
 .text.chVTSetI
                0x08000a90       0xa0 build/obj/chvt.o
                0x08000a90                chVTSetI
 .text.chVTResetI
                0x08000b30       0x70 build/obj/chvt.o
                0x08000b30                chVTResetI
 .text.fifo_remove
                0x08000ba0       0x30 build/obj/chschd.o
 .text.dequeue  0x08000bd0       0x20 build/obj/chschd.o
 .text._scheduler_init
                0x08000bf0       0x30 build/obj/chschd.o
                0x08000bf0                _scheduler_init
 .text.chSchReadyI
                0x08000c20       0x80 build/obj/chschd.o
                0x08000c20                chSchReadyI
 .text.chSchGoSleepS
                0x08000ca0       0x70 build/obj/chschd.o
                0x08000ca0                chSchGoSleepS
 .text.wakeup   0x08000d10       0xa0 build/obj/chschd.o
 .text.chSchGoSleepTimeoutS
                0x08000db0       0x70 build/obj/chschd.o
                0x08000db0                chSchGoSleepTimeoutS
 .text.chSchWakeupS
                0x08000e20       0x80 build/obj/chschd.o
                0x08000e20                chSchWakeupS
 .text.chSchDoRescheduleBehind
                0x08000ea0       0x70 build/obj/chschd.o
                0x08000ea0                chSchDoRescheduleBehind
 .text.chSchDoRescheduleAhead
                0x08000f10       0x90 build/obj/chschd.o
                0x08000f10                chSchDoRescheduleAhead
 .text.chSchDoReschedule
                0x08000fa0       0x20 build/obj/chschd.o
                0x08000fa0                chSchDoReschedule
 .text.list_remove
                0x08000fc0       0x20 build/obj/chthreads.o
 .text._thread_init
                0x08000fe0       0xa0 build/obj/chthreads.o
                0x08000fe0                _thread_init
 .text._thread_memfill
                0x08001080       0x30 build/obj/chthreads.o
                0x08001080                _thread_memfill
 .text.chThdCreateI
                0x080010b0       0x80 build/obj/chthreads.o
                0x080010b0                chThdCreateI
 .text.chThdCreateStatic
                0x08001130       0x70 build/obj/chthreads.o
                0x08001130                chThdCreateStatic
 .text.chThdSleep
                0x080011a0       0x40 build/obj/chthreads.o
                0x080011a0                chThdSleep
 .text.chThdSleepUntil
                0x080011e0       0x40 build/obj/chthreads.o
                0x080011e0                chThdSleepUntil
 .text.chThdYield
                0x08001220       0x30 build/obj/chthreads.o
                0x08001220                chThdYield
 .text.chThdExit
                0x08001250       0x20 build/obj/chthreads.o
                0x08001250                chThdExit
 .text.chThdExitS
                0x08001270       0x70 build/obj/chthreads.o
                0x08001270                chThdExitS
 .text.chThdCreateFromHeap
                0x080012e0       0x90 build/obj/chdynamic.o
                0x080012e0                chThdCreateFromHeap
 .text.prio_insert
                0x08001370       0x50 build/obj/chmtx.o
 .text.fifo_remove
                0x080013c0       0x30 build/obj/chmtx.o
 .text.dequeue  0x080013f0       0x20 build/obj/chmtx.o
 .text.chMtxInit
                0x08001410       0x30 build/obj/chmtx.o
                0x08001410                chMtxInit
 .text.chMtxLock
                0x08001440       0x30 build/obj/chmtx.o
                0x08001440                chMtxLock
 .text.chMtxLockS
                0x08001470      0x110 build/obj/chmtx.o
                0x08001470                chMtxLockS
 .text.chMtxUnlock
                0x08001580       0xe0 build/obj/chmtx.o
                0x08001580                chMtxUnlock
 .text.chMtxUnlockS
                0x08001660       0xd0 build/obj/chmtx.o
                0x08001660                chMtxUnlockS
 .text.chEvtSignalI
                0x08001730       0x70 build/obj/chevents.o
                0x08001730                chEvtSignalI
 .text.chEvtWaitAnyTimeout
                0x080017a0       0x90 build/obj/chevents.o
                0x080017a0                chEvtWaitAnyTimeout
 .text._core_init
                0x08001830       0x30 build/obj/chmemcore.o
                0x08001830                _core_init
 .text.chCoreAlloc
                0x08001860       0x30 build/obj/chmemcore.o
                0x08001860                chCoreAlloc
 .text.chCoreAllocI
                0x08001890       0x50 build/obj/chmemcore.o
                0x08001890                chCoreAllocI
 .text._heap_init
                0x080018e0       0x30 build/obj/chheap.o
                0x080018e0                _heap_init
 .text.chHeapAlloc
                0x08001910       0xf0 build/obj/chheap.o
                0x08001910                chHeapAlloc
 .text.chHeapFree
                0x08001a00      0x100 build/obj/chheap.o
                0x08001a00                chHeapFree
 .text.chPoolInit
                0x08001b00       0x40 build/obj/chmempools.o
                0x08001b00                chPoolInit
 .text.chPoolLoadArray
                0x08001b40       0x50 build/obj/chmempools.o
                0x08001b40                chPoolLoadArray
 .text.chPoolAllocI
                0x08001b90       0x60 build/obj/chmempools.o
                0x08001b90                chPoolAllocI
 .text.chPoolFreeI
                0x08001bf0       0x40 build/obj/chmempools.o
                0x08001bf0                chPoolFreeI
 .text.chPoolFree
                0x08001c30       0x30 build/obj/chmempools.o
                0x08001c30                chPoolFree
 .text.halInit  0x08001c60       0x30 build/obj/hal.o
                0x08001c60                halInit
 .text.adcInit  0x08001c90       0x10 build/obj/adc.o
                0x08001c90                adcInit
 .text.adcObjectInit
                0x08001ca0       0x40 build/obj/adc.o
                0x08001ca0                adcObjectInit
 .text.extInit  0x08001ce0       0x10 build/obj/ext.o
                0x08001ce0                extInit
 .text.extObjectInit
                0x08001cf0       0x20 build/obj/ext.o
                0x08001cf0                extObjectInit
 .text.pwmInit  0x08001d10       0x10 build/obj/pwm.o
                0x08001d10                pwmInit
 .text.pwmObjectInit
                0x08001d20       0x20 build/obj/pwm.o
                0x08001d20                pwmObjectInit
 .text.pwmStart
                0x08001d40       0x70 build/obj/pwm.o
                0x08001d40                pwmStart
 .text.Vector6C
                0x08001db0       0x50 build/obj/stm32_dma.o
                0x08001db0                Vector6C
 .text.Vector70
                0x08001e00       0x50 build/obj/stm32_dma.o
                0x08001e00                Vector70
 .text.Vector74
                0x08001e50       0x50 build/obj/stm32_dma.o
                0x08001e50                Vector74
 .text.Vector78
                0x08001ea0       0x50 build/obj/stm32_dma.o
                0x08001ea0                Vector78
 .text.Vector7C
                0x08001ef0       0x50 build/obj/stm32_dma.o
                0x08001ef0                Vector7C
 .text.Vector80
                0x08001f40       0x50 build/obj/stm32_dma.o
                0x08001f40                Vector80
 .text.Vector84
                0x08001f90       0x50 build/obj/stm32_dma.o
                0x08001f90                Vector84
 .text.Vector120
                0x08001fe0       0x50 build/obj/stm32_dma.o
                0x08001fe0                Vector120
 .text.Vector124
                0x08002030       0x50 build/obj/stm32_dma.o
                0x08002030                Vector124
 .text.Vector128
                0x08002080       0x50 build/obj/stm32_dma.o
                0x08002080                Vector128
 .text.Vector12C
                0x080020d0       0x50 build/obj/stm32_dma.o
                0x080020d0                Vector12C
 .text.Vector130
                0x08002120       0x50 build/obj/stm32_dma.o
                0x08002120                Vector130
 .text.dmaInit  0x08002170       0x60 build/obj/stm32_dma.o
                0x08002170                dmaInit
 .text.hal_lld_backup_domain_init
                0x080021d0       0x30 build/obj/hal_lld.o
 .text.hal_lld_init
                0x08002200       0xb0 build/obj/hal_lld.o
                0x08002200                hal_lld_init
 .text.stm32_clock_init
                0x080022b0       0xb0 build/obj/hal_lld.o
                0x080022b0                stm32_clock_init
 .text.adc_lld_stop_adc
                0x08002360       0x40 build/obj/adc_lld.o
 .text.adc_lld_serve_interrupt
                0x080023a0      0x200 build/obj/adc_lld.o
 .text.Vector88
                0x080025a0       0x40 build/obj/adc_lld.o
                0x080025a0                Vector88
 .text.adc_lld_init
                0x080025e0       0x40 build/obj/adc_lld.o
                0x080025e0                adc_lld_init
 .text.adc_lld_stop_conversion
                0x08002620       0x40 build/obj/adc_lld.o
                0x08002620                adc_lld_stop_conversion
 .text.Vector58
                0x08002660       0x30 build/obj/ext_lld_isr.o
                0x08002660                Vector58
 .text.Vector5C
                0x08002690       0x30 build/obj/ext_lld_isr.o
                0x08002690                Vector5C
 .text.Vector60
                0x080026c0       0x30 build/obj/ext_lld_isr.o
                0x080026c0                Vector60
 .text.Vector64
                0x080026f0       0x30 build/obj/ext_lld_isr.o
                0x080026f0                Vector64
 .text.Vector68
                0x08002720       0x30 build/obj/ext_lld_isr.o
                0x08002720                Vector68
 .text.Vector9C
                0x08002750       0xa0 build/obj/ext_lld_isr.o
                0x08002750                Vector9C
 .text.VectorE0
                0x080027f0       0xc0 build/obj/ext_lld_isr.o
                0x080027f0                VectorE0
 .text.Vector44
                0x080028b0       0x30 build/obj/ext_lld_isr.o
                0x080028b0                Vector44
 .text.VectorE4
                0x080028e0       0x30 build/obj/ext_lld_isr.o
                0x080028e0                VectorE4
 .text.VectorE8
                0x08002910       0x30 build/obj/ext_lld_isr.o
                0x08002910                VectorE8
 .text.Vector48
                0x08002940       0x30 build/obj/ext_lld_isr.o
                0x08002940                Vector48
 .text.Vector4C
                0x08002970       0x30 build/obj/ext_lld_isr.o
                0x08002970                Vector4C
 .text.Vector140
                0x080029a0       0x80 build/obj/ext_lld_isr.o
                0x080029a0                Vector140
 .text.Vector144
                0x08002a20       0x90 build/obj/ext_lld_isr.o
                0x08002a20                Vector144
 .text.ext_lld_init
                0x08002ab0       0x10 build/obj/ext_lld.o
                0x08002ab0                ext_lld_init
 .text.initgpio
                0x08002ac0       0x50 build/obj/pal_lld.o
 .text._pal_lld_init
                0x08002b10       0x80 build/obj/pal_lld.o
                0x08002b10                _pal_lld_init
 .text.VectorA4
                0x08002b90       0x30 build/obj/pwm_lld.o
                0x08002b90                VectorA4
 .text.VectorAC
                0x08002bc0       0xa0 build/obj/pwm_lld.o
                0x08002bc0                VectorAC
 .text.pwm_lld_init
                0x08002c60       0x20 build/obj/pwm_lld.o
                0x08002c60                pwm_lld_init
 .text.pwm_lld_start
                0x08002c80      0x210 build/obj/pwm_lld.o
                0x08002c80                pwm_lld_start
 .text.pwm_lld_enable_channel
                0x08002e90       0x80 build/obj/pwm_lld.o
                0x08002e90                pwm_lld_enable_channel
 .text.pwm_lld_disable_channel
                0x08002f10       0x40 build/obj/pwm_lld.o
                0x08002f10                pwm_lld_disable_channel
 .text.stm32_id8
                0x08002f50       0x20 build/obj/rtcan.o
                0x08002f50                stm32_id8
 .text.rtcan_txok_isr_code
                0x08002f70       0xb0 build/obj/rtcan.o
                0x08002f70                rtcan_txok_isr_code
 .text.rtcan_alst_isr_code
                0x08003020       0x70 build/obj/rtcan.o
                0x08003020                rtcan_alst_isr_code
 .text.rtcan_terr_isr_code
                0x08003090       0x70 build/obj/rtcan.o
                0x08003090                rtcan_terr_isr_code
 .text.rtcan_rx_isr_code
                0x08003100      0x1b0 build/obj/rtcan.o
                0x08003100                rtcan_rx_isr_code
 .text.rtcanInit
                0x080032b0       0x10 build/obj/rtcan.o
                0x080032b0                rtcanInit
 .text.rtcanReset
                0x080032c0       0x60 build/obj/rtcan.o
                0x080032c0                rtcanReset
 .text.rtcanStart
                0x08003320       0x80 build/obj/rtcan.o
                0x08003320                rtcanStart
 .text.rtcanTransmitI
                0x080033a0       0x90 build/obj/rtcan.o
                0x080033a0                rtcanTransmitI
 .text.rtcanReceiveMask
                0x08003430       0x50 build/obj/rtcan.o
                0x08003430                rtcanReceiveMask
 .text.rtcan_blinker
                0x08003480       0x10 build/obj/rtcan.o
                0x08003480                rtcan_blinker
 .text.msgqueue_init
                0x08003490       0x10 build/obj/msgqueue.o
                0x08003490                msgqueue_init
 .text.msgqueue_insert
                0x080034a0       0x60 build/obj/msgqueue.o
                0x080034a0                msgqueue_insert
 .text.msgqueue_get
                0x08003500       0x50 build/obj/msgqueue.o
                0x08003500                msgqueue_get
 .text.srt_laxity
                0x08003550       0x40 build/obj/srt.o
                0x08003550                srt_laxity
 .text.srt_transmit
                0x08003590      0x110 build/obj/srt.o
                0x08003590                srt_transmit
 .text.rtcan_lld_can_tx_handler
                0x080036a0       0xd0 build/obj/rtcan_lld_can.o
 .text.rtcan_lld_can_rx0_handler
                0x08003770       0x50 build/obj/rtcan_lld_can.o
 .text.rtcan_lld_can_rx1_handler
                0x080037c0       0x40 build/obj/rtcan_lld_can.o
 .text.rtcan_lld_can_sce_handler
                0x08003800       0x60 build/obj/rtcan_lld_can.o
 .text.Vector8C
                0x08003860       0x20 build/obj/rtcan_lld_can.o
                0x08003860                Vector8C
 .text.Vector90
                0x08003880       0x20 build/obj/rtcan_lld_can.o
                0x08003880                Vector90
 .text.Vector94
                0x080038a0       0x20 build/obj/rtcan_lld_can.o
                0x080038a0                Vector94
 .text.Vector98
                0x080038c0       0x20 build/obj/rtcan_lld_can.o
                0x080038c0                Vector98
 .text.rtcan_lld_can_init
                0x080038e0       0x20 build/obj/rtcan_lld_can.o
                0x080038e0                rtcan_lld_can_init
 .text.rtcan_lld_can_start
                0x08003900       0x80 build/obj/rtcan_lld_can.o
                0x08003900                rtcan_lld_can_start
 .text.rtcan_lld_can_txe
                0x08003980       0x20 build/obj/rtcan_lld_can.o
                0x08003980                rtcan_lld_can_txe
 .text.rtcan_lld_can_transmit
                0x080039a0       0x70 build/obj/rtcan_lld_can.o
                0x080039a0                rtcan_lld_can_transmit
 .text.rtcan_lld_can_receive
                0x08003a10      0x110 build/obj/rtcan_lld_can.o
                0x08003a10                rtcan_lld_can_receive
 .text.rtcan_lld_can_addfilter
                0x08003b20       0xd0 build/obj/rtcan_lld_can.o
                0x08003b20                rtcan_lld_can_addfilter
 .text.__early_init
                0x08003bf0       0x10 build/obj/board.o
                0x08003bf0                __early_init
 .text.boardInit
                0x08003c00       0x10 build/obj/board.o
                0x08003c00                boardInit
 .text.__cxa_pure_virtual
                0x08003c10       0x10 build/obj/stubs.o
                0x08003c10                __cxa_pure_virtual
 .text.qeiInit  0x08003c20       0x10 build/obj/qei.o
                0x08003c20                qeiInit
 .text.qeiObjectInit
                0x08003c30       0x20 build/obj/qei.o
                0x08003c30                qeiObjectInit
 .text.qeiStart
                0x08003c50       0x70 build/obj/qei.o
                0x08003c50                qeiStart
 .text.qeiEnable
                0x08003cc0       0x50 build/obj/qei.o
                0x08003cc0                qeiEnable
 .text.qeiUpdate
                0x08003d10       0x40 build/obj/qei.o
                0x08003d10                qeiUpdate
 .text.qeiUpdateI
                0x08003d50       0x70 build/obj/qei.o
                0x08003d50                qeiUpdateI
 .text.qei_lld_init
                0x08003dc0       0x20 build/obj/qei_lld.o
                0x08003dc0                qei_lld_init
 .text.qei_lld_start
                0x08003de0       0xe0 build/obj/qei_lld.o
                0x08003de0                qei_lld_start
 .text.qei_lld_enable
                0x08003ec0       0x10 build/obj/qei_lld.o
                0x08003ec0                qei_lld_enable
 .text._ZN3r2p10UncopyableC2Ev
                0x08003ed0       0x10 build/obj/SimplePool_.o
                0x08003ed0                r2p::Uncopyable::Uncopyable()
                0x08003ed0                r2p::Uncopyable::Uncopyable()
 .text._ZN3r2p8SysLock_7acquireEv
                0x08003ee0       0x10 build/obj/SimplePool_.o
                0x08003ee0                r2p::SysLock_::acquire()
 .text._ZN3r2p8SysLock_7releaseEv
                0x08003ef0       0x10 build/obj/SimplePool_.o
                0x08003ef0                r2p::SysLock_::release()
 .text._ZN3r2p7SysLock7acquireEv
                0x08003f00       0x10 build/obj/SimplePool_.o
                0x08003f00                r2p::SysLock::acquire()
 .text._ZN3r2p7SysLock7releaseEv
                0x08003f10       0x10 build/obj/SimplePool_.o
                0x08003f10                r2p::SysLock::release()
 .text._ZN3r2p12StaticQueue_C2Ev
                0x08003f20       0x30 build/obj/StaticQueue_.o
                0x08003f20                r2p::StaticQueue_::StaticQueue_()
                0x08003f20                r2p::StaticQueue_::StaticQueue_()
 .text._ZN3r2p10UncopyableD2Ev
                0x08003f50       0x10 build/obj/BasePublisher.o
                0x08003f50                r2p::Uncopyable::~Uncopyable()
                0x08003f50                r2p::Uncopyable::~Uncopyable()
 .text._ZN3r2p7Message14acquire_unsafeEv
                0x08003f60       0x40 build/obj/BasePublisher.o
                0x08003f60                r2p::Message::acquire_unsafe()
 .text._ZN3r2p7Message14release_unsafeEv
                0x08003fa0       0x40 build/obj/BasePublisher.o
                0x08003fa0                r2p::Message::release_unsafe()
 .text._ZN3r2p11MemoryPool_11free_unsafeEPv
                0x08003fe0       0x20 build/obj/BasePublisher.o
                0x08003fe0                r2p::MemoryPool_::free_unsafe(void*)
 .text._ZN3r2p11MemoryPool_4freeEPv
                0x08004000       0x20 build/obj/BasePublisher.o
                0x08004000                r2p::MemoryPool_::free(void*)
 .text._ZN3r2p5Topic11free_unsafeERNS_7MessageE
                0x08004020       0x20 build/obj/BasePublisher.o
                0x08004020                r2p::Topic::free_unsafe(r2p::Message&)
 .text._ZN3r2p5Topic4freeERNS_7MessageE
                0x08004040       0x20 build/obj/BasePublisher.o
                0x08004040                r2p::Topic::free(r2p::Message&)
 .text._ZN3r2p13BasePublisher22publish_locally_unsafeERNS_7MessageE
                0x08004060       0x70 build/obj/BasePublisher.o
                0x08004060                r2p::BasePublisher::publish_locally_unsafe(r2p::Message&)
 .text._ZN3r2p13BasePublisher7publishERNS_7MessageE
                0x080040d0       0x90 build/obj/BasePublisher.o
                0x080040d0                r2p::BasePublisher::publish(r2p::Message&)
 .text._ZN3r2p13BasePublisherC2Ev
                0x08004160       0x30 build/obj/BasePublisher.o
                0x08004160                r2p::BasePublisher::BasePublisher()
                0x08004160                r2p::BasePublisher::BasePublisher()
 .text._ZN3r2p13BasePublisherD2Ev
                0x08004190       0x30 build/obj/BasePublisher.o
                0x08004190                r2p::BasePublisher::~BasePublisher()
                0x08004190                r2p::BasePublisher::~BasePublisher()
 .text._ZNK3r2p5Topic8get_nameEv
                0x080041c0       0x10 build/obj/BaseSubscriber.o
                0x080041c0                r2p::Topic::get_name() const
 .text._ZN3r2p5Topic8has_nameERKS0_PKc
                0x080041d0       0x40 build/obj/BaseSubscriber.o
                0x080041d0                r2p::Topic::has_name(r2p::Topic const&, char const*)
 .text._ZN3r2p14BaseSubscriber14release_unsafeERNS_7MessageE
                0x08004210       0x50 build/obj/BaseSubscriber.o
                0x08004210                r2p::BaseSubscriber::release_unsafe(r2p::Message&)
 .text._ZN3r2p14BaseSubscriber7releaseERNS_7MessageE
                0x08004260       0x50 build/obj/BaseSubscriber.o
                0x08004260                r2p::BaseSubscriber::release(r2p::Message&)
 .text._ZN3r2p14BaseSubscriberC2Ev
                0x080042b0       0x30 build/obj/BaseSubscriber.o
                0x080042b0                r2p::BaseSubscriber::BaseSubscriber()
                0x080042b0                r2p::BaseSubscriber::BaseSubscriber()
 .text._ZN3r2p14BaseSubscriberD2Ev
                0x080042e0       0x30 build/obj/BaseSubscriber.o
                0x080042e0                r2p::BaseSubscriber::~BaseSubscriber()
                0x080042e0                r2p::BaseSubscriber::~BaseSubscriber()
 .text._ZN3r2p14BaseSubscriber9has_topicERKS0_PKc
                0x08004310       0x20 build/obj/BaseSubscriber.o
                0x08004310                r2p::BaseSubscriber::has_topic(r2p::BaseSubscriber const&, char const*)
 .text._ZN3r2p11StaticQueueINS_14BaseSubscriberEEC2Ev
                0x08004330       0x20 build/obj/BaseSubscriberQueue.o
                0x08004330                r2p::StaticQueue<r2p::BaseSubscriber>::StaticQueue()
                0x08004330                r2p::StaticQueue<r2p::BaseSubscriber>::StaticQueue()
 .text._ZN3r2p19BaseSubscriberQueueC2Ev
                0x08004350       0x20 build/obj/BaseSubscriberQueue.o
                0x08004350                r2p::BaseSubscriberQueue::BaseSubscriberQueue()
                0x08004350                r2p::BaseSubscriberQueue::BaseSubscriberQueue()
 .text._ZN3r2p14LocalPublisherC2Ev
                0x08004370       0x30 build/obj/LocalPublisher.o
                0x08004370                r2p::LocalPublisher::LocalPublisher()
                0x08004370                r2p::LocalPublisher::LocalPublisher()
 .text._ZN3r2p14LocalPublisherD2Ev
                0x080043a0       0x30 build/obj/LocalPublisher.o
                0x080043a0                r2p::LocalPublisher::~LocalPublisher()
                0x080043a0                r2p::LocalPublisher::~LocalPublisher()
 .text._ZN3r2p10StaticListINS_14LocalPublisherEE4LinkC2ERS1_
                0x080043d0       0x20 build/obj/LocalPublisher.o
                0x080043d0                r2p::StaticList<r2p::LocalPublisher>::Link::Link(r2p::LocalPublisher&)
                0x080043d0                r2p::StaticList<r2p::LocalPublisher>::Link::Link(r2p::LocalPublisher&)
 .text._ZN3r2p4TimeaSERKS0_
                0x080043f0       0x20 build/obj/LocalSubscriber.o
                0x080043f0                r2p::Time::operator=(r2p::Time const&)
 .text._ZNK3r2p10SpinEvent_10get_threadEv
                0x08004410       0x10 build/obj/LocalSubscriber.o
                0x08004410                r2p::SpinEvent_::get_thread() const
 .text._ZN3r2p10SpinEvent_13signal_unsafeEj
                0x08004420       0x40 build/obj/LocalSubscriber.o
                0x08004420                r2p::SpinEvent_::signal_unsafe(unsigned int)
 .text._ZNK3r2p9SpinEvent10get_threadEv
                0x08004460       0x20 build/obj/LocalSubscriber.o
                0x08004460                r2p::SpinEvent::get_thread() const
 .text._ZN3r2p9SpinEvent13signal_unsafeEj
                0x08004480       0x20 build/obj/LocalSubscriber.o
                0x08004480                r2p::SpinEvent::signal_unsafe(unsigned int)
 .text._ZNK3r2p4Node11get_enabledEv
                0x080044a0       0x30 build/obj/LocalSubscriber.o
                0x080044a0                r2p::Node::get_enabled() const
 .text._ZN3r2p4Node13notify_unsafeEj
                0x080044d0       0x20 build/obj/LocalSubscriber.o
                0x080044d0                r2p::Node::notify_unsafe(unsigned int)
 .text._ZNK3r2p15LocalSubscriber16get_queue_lengthEv
                0x080044f0       0x20 build/obj/LocalSubscriber.o
                0x080044f0                r2p::LocalSubscriber::get_queue_length() const
 .text._ZN3r2p15LocalSubscriber12fetch_unsafeERPNS_7MessageERNS_4TimeE
                0x08004510       0x40 build/obj/LocalSubscriber.o
                0x08004510                r2p::LocalSubscriber::fetch_unsafe(r2p::Message*&, r2p::Time&)
 .text._ZN3r2p15LocalSubscriber13notify_unsafeERNS_7MessageERKNS_4TimeE
                0x08004550       0x60 build/obj/LocalSubscriber.o
                0x08004550                r2p::LocalSubscriber::notify_unsafe(r2p::Message&, r2p::Time const&)
 .text._ZN3r2p15LocalSubscriber5fetchERPNS_7MessageE
                0x080045b0       0x40 build/obj/LocalSubscriber.o
                0x080045b0                r2p::LocalSubscriber::fetch(r2p::Message*&)
 .text._ZN3r2p15LocalSubscriber5fetchERPNS_7MessageERNS_4TimeE
                0x080045f0       0x50 build/obj/LocalSubscriber.o
                0x080045f0                r2p::LocalSubscriber::fetch(r2p::Message*&, r2p::Time&)
 .text._ZN3r2p15LocalSubscriber6notifyERNS_7MessageERKNS_4TimeE
                0x08004640       0x50 build/obj/LocalSubscriber.o
                0x08004640                r2p::LocalSubscriber::notify(r2p::Message&, r2p::Time const&)
 .text._ZN3r2p10ArrayQueueIPNS_7MessageEED2Ev
                0x08004690       0x20 build/obj/LocalSubscriber.o
                0x08004690                r2p::ArrayQueue<r2p::Message*>::~ArrayQueue()
                0x08004690                r2p::ArrayQueue<r2p::Message*>::~ArrayQueue()
 .text._ZN3r2p15MessagePtrQueueD2Ev
                0x080046b0       0x20 build/obj/LocalSubscriber.o
                0x080046b0                r2p::MessagePtrQueue::~MessagePtrQueue()
                0x080046b0                r2p::MessagePtrQueue::~MessagePtrQueue()
 .text._ZN3r2p15LocalSubscriberC2EPPNS_7MessageEjPFbRKS1_E
                0x080046d0       0x80 build/obj/LocalSubscriber.o
                0x080046d0                r2p::LocalSubscriber::LocalSubscriber(r2p::Message**, unsigned int, bool (*)(r2p::Message const&))
                0x080046d0                r2p::LocalSubscriber::LocalSubscriber(r2p::Message**, unsigned int, bool (*)(r2p::Message const&))
 .text._ZN3r2p15LocalSubscriberD2Ev
                0x08004750       0x40 build/obj/LocalSubscriber.o
                0x08004750                r2p::LocalSubscriber::~LocalSubscriber()
                0x08004750                r2p::LocalSubscriber::~LocalSubscriber()
 .text._ZNK3r2p10ArrayQueueIPNS_7MessageEE10get_lengthEv
                0x08004790       0x10 build/obj/LocalSubscriber.o
                0x08004790                r2p::ArrayQueue<r2p::Message*>::get_length() const
 .text._ZN3r2p10ArrayQueueIPNS_7MessageEE12fetch_unsafeERS2_
                0x080047a0       0x60 build/obj/LocalSubscriber.o
                0x080047a0                r2p::ArrayQueue<r2p::Message*>::fetch_unsafe(r2p::Message*&)
 .text._ZN3r2p10ArrayQueueIPNS_7MessageEE11post_unsafeES2_
                0x08004800       0x60 build/obj/LocalSubscriber.o
                0x08004800                r2p::ArrayQueue<r2p::Message*>::post_unsafe(r2p::Message*)
 .text._ZN3r2p10StaticListINS_15LocalSubscriberEE4LinkC2ERS1_
                0x08004860       0x20 build/obj/LocalSubscriber.o
                0x08004860                r2p::StaticList<r2p::LocalSubscriber>::Link::Link(r2p::LocalSubscriber&)
                0x08004860                r2p::StaticList<r2p::LocalSubscriber>::Link::Link(r2p::LocalSubscriber&)
 .text._ZN3r2p15MessagePtrQueueC2EPPNS_7MessageEj
                0x08004880       0x20 build/obj/MessagePtrQueue.o
                0x08004880                r2p::MessagePtrQueue::MessagePtrQueue(r2p::Message**, unsigned int)
                0x08004880                r2p::MessagePtrQueue::MessagePtrQueue(r2p::Message**, unsigned int)
 .text._ZN3r2p10ArrayQueueIPNS_7MessageEEC2EPS2_j
                0x080048a0       0x60 build/obj/MessagePtrQueue.o
                0x080048a0                r2p::ArrayQueue<r2p::Message*>::ArrayQueue(r2p::Message**, unsigned int)
                0x080048a0                r2p::ArrayQueue<r2p::Message*>::ArrayQueue(r2p::Message**, unsigned int)
 .text._ZN3r2p7Message12reset_unsafeEv
                0x08004900       0x20 build/obj/Message.o
                0x08004900                r2p::Message::reset_unsafe()
 .text._ZN3r2p7Message7acquireEv
                0x08004920       0x20 build/obj/Message.o
                0x08004920                r2p::Message::acquire()
 .text._ZN3r2p7Message7releaseEv
                0x08004940       0x30 build/obj/Message.o
                0x08004940                r2p::Message::release()
 .text._ZN3r2p7Message4copyERS0_RKS0_j
                0x08004970       0x40 build/obj/Message.o
                0x08004970                r2p::Message::copy(r2p::Message&, r2p::Message const&, unsigned int)
 .text._ZN3r2p7SysLock5ScopeC2Ev
                0x080049b0       0x20 build/obj/Middleware.o
                0x080049b0                r2p::SysLock::Scope::Scope()
                0x080049b0                r2p::SysLock::Scope::Scope()
 .text._ZN3r2p7SysLock5ScopeD2Ev
                0x080049d0       0x20 build/obj/Middleware.o
                0x080049d0                r2p::SysLock::Scope::~Scope()
                0x080049d0                r2p::SysLock::Scope::~Scope()
 .text._ZNK3r2p11MemoryPool_13get_item_sizeEv
                0x080049f0       0x10 build/obj/Middleware.o
                0x080049f0                r2p::MemoryPool_::get_item_size() const
 .text._ZN3r2p11MemoryPool_12alloc_unsafeEv
                0x08004a00       0x20 build/obj/Middleware.o
                0x08004a00                r2p::MemoryPool_::alloc_unsafe()
 .text._ZN3r2p11MemoryPool_6extendEPvj
                0x08004a20       0x20 build/obj/Middleware.o
                0x08004a20                r2p::MemoryPool_::extend(void*, unsigned int)
 .text._ZNK3r2p4Time8to_s_rawEv
                0x08004a40       0x20 build/obj/Middleware.o
                0x08004a40                r2p::Time::to_s_raw() const
 .text._ZN3r2p4TimeC2Ev
                0x08004a60       0x20 build/obj/Middleware.o
                0x08004a60                r2p::Time::Time()
                0x08004a60                r2p::Time::Time()
 .text._ZN3r2p4TimeC2ERKS0_
                0x08004a80       0x20 build/obj/Middleware.o
                0x08004a80                r2p::Time::Time(r2p::Time const&)
                0x08004a80                r2p::Time::Time(r2p::Time const&)
 .text._ZN3r2p4Time2msEl
                0x08004aa0       0x30 build/obj/Middleware.o
                0x08004aa0                r2p::Time::ms(long)
 .text._ZN3r2pgeERKNS_4TimeES2_
                0x08004ad0       0x20 build/obj/Middleware.o
                0x08004ad0                r2p::operator>=(r2p::Time const&, r2p::Time const&)
 .text._ZN3r2pplERKNS_4TimeES2_
                0x08004af0       0x30 build/obj/Middleware.o
                0x08004af0                r2p::operator+(r2p::Time const&, r2p::Time const&)
 .text._ZN3r2pmiERKNS_4TimeES2_
                0x08004b20       0x30 build/obj/Middleware.o
                0x08004b20                r2p::operator-(r2p::Time const&, r2p::Time const&)
 .text._ZN3r2p7MessageC2Ev
                0x08004b50       0x20 build/obj/Middleware.o
                0x08004b50                r2p::Message::Message()
                0x08004b50                r2p::Message::Message()
 .text._ZN3r2p7Message16get_payload_sizeEj
                0x08004b70       0x10 build/obj/Middleware.o
                0x08004b70                r2p::Message::get_payload_size(unsigned int)
 .text._ZNK3r2p13BasePublisher9get_topicEv
                0x08004b80       0x10 build/obj/Middleware.o
                0x08004b80                r2p::BasePublisher::get_topic() const
 .text._ZN3r2p13BasePublisher17notify_advertisedERNS_5TopicE
                0x08004b90       0x30 build/obj/Middleware.o
                0x08004b90                r2p::BasePublisher::notify_advertised(r2p::Topic&)
 .text._ZN3r2p13BasePublisher12alloc_unsafeERPNS_7MessageE
                0x08004bc0       0x40 build/obj/Middleware.o
                0x08004bc0                r2p::BasePublisher::alloc_unsafe(r2p::Message*&)
 .text._ZN3r2p13BasePublisher5allocERPNS_7MessageE
                0x08004c00       0x30 build/obj/Middleware.o
                0x08004c00                r2p::BasePublisher::alloc(r2p::Message*&)
 .text._ZN3r2p13BasePublisher16publish_remotelyERNS_7MessageE
                0x08004c30       0x40 build/obj/Middleware.o
                0x08004c30                r2p::BasePublisher::publish_remotely(r2p::Message&)
 .text._ZNK3r2p14BaseSubscriber9get_topicEv
                0x08004c70       0x10 build/obj/Middleware.o
                0x08004c70                r2p::BaseSubscriber::get_topic() const
 .text._ZN3r2p14BaseSubscriber17notify_subscribedERNS_5TopicE
                0x08004c80       0x30 build/obj/Middleware.o
                0x08004c80                r2p::BaseSubscriber::notify_subscribed(r2p::Topic&)
 .text._ZN3r2p7Thread_13create_staticEPvjmPFlS1_ES1_PKc
                0x08004cb0       0x40 build/obj/Middleware.o
                0x08004cb0                r2p::Thread_::create_static(void*, unsigned int, unsigned long, long (*)(void*), void*, char const*)
 .text._ZN3r2p7Thread_4selfEv
                0x08004cf0       0x10 build/obj/Middleware.o
                0x08004cf0                r2p::Thread_::self()
 .text._ZN3r2p7Thread_5sleepERKNS_4TimeE
                0x08004d00       0x70 build/obj/Middleware.o
                0x08004d00                r2p::Thread_::sleep(r2p::Time const&)
 .text._ZN3r2p6Thread13create_staticEPvjmPFlS1_ES1_PKc
                0x08004d70       0x30 build/obj/Middleware.o
                0x08004d70                r2p::Thread::create_static(void*, unsigned int, unsigned long, long (*)(void*), void*, char const*)
 .text._ZN3r2p6Thread4selfEv
                0x08004da0       0x10 build/obj/Middleware.o
                0x08004da0                r2p::Thread::self()
 .text._ZN3r2p6Thread5sleepERKNS_4TimeE
                0x08004db0       0x20 build/obj/Middleware.o
                0x08004db0                r2p::Thread::sleep(r2p::Time const&)
 .text._ZN3r2p10SpinEvent_10set_threadEPNS_6ThreadE
                0x08004dd0       0x10 build/obj/Middleware.o
                0x08004dd0                r2p::SpinEvent_::set_thread(r2p::Thread*)
 .text._ZN3r2p10SpinEvent_6signalEj
                0x08004de0       0x30 build/obj/Middleware.o
                0x08004de0                r2p::SpinEvent_::signal(unsigned int)
 .text._ZN3r2p9SpinEvent10set_threadEPNS_6ThreadE
                0x08004e10       0x20 build/obj/Middleware.o
                0x08004e10                r2p::SpinEvent::set_thread(r2p::Thread*)
 .text._ZN3r2p9SpinEvent6signalEj
                0x08004e30       0x20 build/obj/Middleware.o
                0x08004e30                r2p::SpinEvent::signal(unsigned int)
 .text._ZNK3r2p4Node14get_publishersEv
                0x08004e50       0x10 build/obj/Middleware.o
                0x08004e50                r2p::Node::get_publishers() const
 .text._ZNK3r2p4Node15get_subscribersEv
                0x08004e60       0x10 build/obj/Middleware.o
                0x08004e60                r2p::Node::get_subscribers() const
 .text._ZN3r2p4Node11set_enabledEb
                0x08004e70       0x30 build/obj/Middleware.o
                0x08004e70                r2p::Node::set_enabled(bool)
 .text._ZN3r2p4Node11notify_stopEv
                0x08004ea0       0x20 build/obj/Middleware.o
                0x08004ea0                r2p::Node::notify_stop()
 .text._ZNK3r2p5Topic16get_payload_sizeEv
                0x08004ec0       0x30 build/obj/Middleware.o
                0x08004ec0                r2p::Topic::get_payload_size() const
 .text._ZNK3r2p5Topic20get_max_queue_lengthEv
                0x08004ef0       0x10 build/obj/Middleware.o
                0x08004ef0                r2p::Topic::get_max_queue_length() const
 .text._ZNK3r2p5Topic20has_local_publishersEv
                0x08004f00       0x20 build/obj/Middleware.o
                0x08004f00                r2p::Topic::has_local_publishers() const
 .text._ZNK3r2p5Topic21has_local_subscribersEv
                0x08004f20       0x20 build/obj/Middleware.o
                0x08004f20                r2p::Topic::has_local_subscribers() const
 .text._ZNK3r2p5Topic23compute_deadline_unsafeERKNS_4TimeE
                0x08004f40       0x30 build/obj/Middleware.o
                0x08004f40                r2p::Topic::compute_deadline_unsafe(r2p::Time const&) const
 .text._ZN3r2p5Topic12alloc_unsafeEv
                0x08004f70       0x30 build/obj/Middleware.o
                0x08004f70                r2p::Topic::alloc_unsafe()
 .text._ZNK3r2p5Topic16compute_deadlineERKNS_4TimeE
                0x08004fa0       0x40 build/obj/Middleware.o
                0x08004fa0                r2p::Topic::compute_deadline(r2p::Time const&) const
 .text._ZNK3r2p5Topic16compute_deadlineEv
                0x08004fe0       0x30 build/obj/Middleware.o
                0x08004fe0                r2p::Topic::compute_deadline() const
 .text._ZN3r2p5Topic11extend_poolEPNS_7MessageEj
                0x08005010       0x20 build/obj/Middleware.o
                0x08005010                r2p::Topic::extend_pool(r2p::Message*, unsigned int)
 .text._ZN3r2p6Mutex_10initializeEv
                0x08005030       0x20 build/obj/Middleware.o
                0x08005030                r2p::Mutex_::initialize()
 .text._ZN3r2p6Mutex_14acquire_unsafeEv
                0x08005050       0x20 build/obj/Middleware.o
                0x08005050                r2p::Mutex_::acquire_unsafe()
 .text._ZN3r2p6Mutex_14release_unsafeEv
                0x08005070       0x10 build/obj/Middleware.o
                0x08005070                r2p::Mutex_::release_unsafe()
 .text._ZN3r2p6Mutex_C2Eb
                0x08005080       0x30 build/obj/Middleware.o
                0x08005080                r2p::Mutex_::Mutex_(bool)
                0x08005080                r2p::Mutex_::Mutex_(bool)
 .text._ZN3r2p5Mutex10initializeEv
                0x080050b0       0x20 build/obj/Middleware.o
                0x080050b0                r2p::Mutex::initialize()
 .text._ZN3r2p5Mutex14acquire_unsafeEv
                0x080050d0       0x20 build/obj/Middleware.o
                0x080050d0                r2p::Mutex::acquire_unsafe()
 .text._ZN3r2p5Mutex14release_unsafeEv
                0x080050f0       0x20 build/obj/Middleware.o
                0x080050f0                r2p::Mutex::release_unsafe()
 .text._ZN3r2p5MutexC2Eb
                0x08005110       0x30 build/obj/Middleware.o
                0x08005110                r2p::Mutex::Mutex(bool)
                0x08005110                r2p::Mutex::Mutex(bool)
 .text._ZN3r2p7ReMutex10initializeEv
                0x08005140       0x20 build/obj/Middleware.o
                0x08005140                r2p::ReMutex::initialize()
 .text._ZN3r2p7ReMutex14acquire_unsafeEv
                0x08005160       0x40 build/obj/Middleware.o
                0x08005160                r2p::ReMutex::acquire_unsafe()
 .text._ZN3r2p7ReMutex14release_unsafeEv
                0x080051a0       0x50 build/obj/Middleware.o
                0x080051a0                r2p::ReMutex::release_unsafe()
 .text._ZN3r2p7ReMutex7acquireEv
                0x080051f0       0x20 build/obj/Middleware.o
                0x080051f0                r2p::ReMutex::acquire()
 .text._ZN3r2p7ReMutex7releaseEv
                0x08005210       0x20 build/obj/Middleware.o
                0x08005210                r2p::ReMutex::release()
 .text._ZN3r2p7ReMutexC2Eb
                0x08005230       0x40 build/obj/Middleware.o
                0x08005230                r2p::ReMutex::ReMutex(bool)
                0x08005230                r2p::ReMutex::ReMutex(bool)
 .text._ZNK3r2p10Middleware10is_stoppedEv
                0x08005270       0x10 build/obj/Middleware.o
                0x08005270                r2p::Middleware::is_stopped() const
 .text._ZN3r2p10Middleware10initializeEPvjmS1_jm
                0x08005280       0x60 build/obj/Middleware.o
                0x08005280                r2p::Middleware::initialize(void*, unsigned int, unsigned long, void*, unsigned int, unsigned long)
 .text._ZN3r2p10Middleware5startEv
                0x080052e0       0xb0 build/obj/Middleware.o
                0x080052e0                r2p::Middleware::start()
 .text._ZN3r2p10Middleware4stopEv
                0x08005390       0xd0 build/obj/Middleware.o
                0x08005390                r2p::Middleware::stop()
 .text._ZN3r2p10Middleware3addERNS_4NodeE
                0x08005460       0x40 build/obj/Middleware.o
                0x08005460                r2p::Middleware::add(r2p::Node&)
 .text._ZN3r2p10Middleware3addERNS_9TransportE
                0x080054a0       0x20 build/obj/Middleware.o
                0x080054a0                r2p::Middleware::add(r2p::Transport&)
 .text._ZN3r2p10Middleware9advertiseERNS_14LocalPublisherEPKcRKNS_4TimeEj
                0x080054c0       0xf0 build/obj/Middleware.o
                0x080054c0                r2p::Middleware::advertise(r2p::LocalPublisher&, char const*, r2p::Time const&, unsigned int)
 .text._ZN3r2p10Middleware9advertiseERNS_15RemotePublisherEPKcRKNS_4TimeEj
                0x080055b0       0x60 build/obj/Middleware.o
                0x080055b0                r2p::Middleware::advertise(r2p::RemotePublisher&, char const*, r2p::Time const&, unsigned int)
 .text._ZN3r2p10Middleware9subscribeERNS_15LocalSubscriberEPKcPNS_7MessageEjj
                0x08005610      0x140 build/obj/Middleware.o
                0x08005610                r2p::Middleware::subscribe(r2p::LocalSubscriber&, char const*, r2p::Message*, unsigned int, unsigned int)
 .text._ZN3r2p10Middleware9subscribeERNS_16RemoteSubscriberEPKcPNS_7MessageEjj
                0x08005750       0x70 build/obj/Middleware.o
                0x08005750                r2p::Middleware::subscribe(r2p::RemoteSubscriber&, char const*, r2p::Message*, unsigned int, unsigned int)
 .text._ZN3r2p10Middleware12confirm_stopERKNS_4NodeE
                0x080057c0       0x70 build/obj/Middleware.o
                0x080057c0                r2p::Middleware::confirm_stop(r2p::Node const&)
 .text._ZN3r2p10Middleware10find_topicEPKc
                0x08005830       0x40 build/obj/Middleware.o
                0x08005830                r2p::Middleware::find_topic(char const*)
 .text._ZN3r2p10Middleware11touch_topicEPKcj
                0x08005870       0x70 build/obj/Middleware.o
                0x08005870                r2p::Middleware::touch_topic(char const*, unsigned int)
 .text._ZN3r2p10Middleware14do_mgmt_threadEv
                0x080058e0      0x600 build/obj/Middleware.o
                0x080058e0                r2p::Middleware::do_mgmt_thread()
 .text._ZN3r2p10Middleware16do_cmd_advertiseERKNS_7MgmtMsgE
                0x08005ee0      0x120 build/obj/Middleware.o
                0x08005ee0                r2p::Middleware::do_cmd_advertise(r2p::MgmtMsg const&)
 .text._ZN3r2p10Middleware24do_cmd_subscribe_requestERKNS_7MgmtMsgE
                0x08006000      0x150 build/obj/Middleware.o
                0x08006000                r2p::Middleware::do_cmd_subscribe_request(r2p::MgmtMsg const&)
 .text._ZN3r2p10Middleware25do_cmd_subscribe_responseERKNS_7MgmtMsgE
                0x08006150       0x90 build/obj/Middleware.o
                0x08006150                r2p::Middleware::do_cmd_subscribe_response(r2p::MgmtMsg const&)
 .text._ZN3r2p7MgmtMsgC2Ev
                0x080061e0       0x20 build/obj/Middleware.o
                0x080061e0                r2p::MgmtMsg::MgmtMsg()
                0x080061e0                r2p::MgmtMsg::MgmtMsg()
 .text._ZN3r2p10MiddlewareC2EPKcS2_PNS0_10PubSubStepEj
                0x08006200      0x120 build/obj/Middleware.o
                0x08006200                r2p::Middleware::Middleware(char const*, char const*, r2p::Middleware::PubSubStep*, unsigned int)
                0x08006200                r2p::Middleware::Middleware(char const*, char const*, r2p::Middleware::PubSubStep*, unsigned int)
 .text._ZN3r2p10Middleware12mgmt_threadfEPv
                0x08006320       0x20 build/obj/Middleware.o
                0x08006320                r2p::Middleware::mgmt_threadf(void*)
 .text._ZN3r2p4TimeC2IlEET_
                0x08006340       0x20 build/obj/Middleware.o
                0x08006340                r2p::Time::Time<long>(long)
                0x08006340                r2p::Time::Time<long>(long)
 .text._ZNK3r2p10StaticListINS_15LocalSubscriberEE15is_empty_unsafeEv
                0x08006360       0x20 build/obj/Middleware.o
                0x08006360                r2p::StaticList<r2p::LocalSubscriber>::is_empty_unsafe() const
 .text._ZN3r2p10StaticListINS_5TopicEE4linkERNS2_4LinkE
                0x08006380       0x20 build/obj/Middleware.o
                0x08006380                r2p::StaticList<r2p::Topic>::link(r2p::StaticList<r2p::Topic>::Link&)
 .text._ZN3r2p10StaticListINS_4NodeEE5beginEv
                0x080063a0       0x20 build/obj/Middleware.o
                0x080063a0                r2p::StaticList<r2p::Node>::begin()
 .text._ZN3r2p10StaticListINS_4NodeEE3endEv
                0x080063c0       0x20 build/obj/Middleware.o
                0x080063c0                r2p::StaticList<r2p::Node>::end()
 .text._ZNK3r2p10StaticListINS_4NodeEE8IteratorneERKS3_
                0x080063e0       0x20 build/obj/Middleware.o
                0x080063e0                r2p::StaticList<r2p::Node>::Iterator::operator!=(r2p::StaticList<r2p::Node>::Iterator const&) const
 .text._ZN3r2p10StaticListINS_4NodeEE8IteratorppEv
                0x08006400       0x30 build/obj/Middleware.o
                0x08006400                r2p::StaticList<r2p::Node>::Iterator::operator++()
 .text._ZNK3r2p10StaticListINS_4NodeEE8IteratorptEv
                0x08006430       0x10 build/obj/Middleware.o
                0x08006430                r2p::StaticList<r2p::Node>::Iterator::operator->() const
 .text._ZN3r2p9PublisherINS_7MgmtMsgEE5allocERPS1_
                0x08006440       0x20 build/obj/Middleware.o
                0x08006440                r2p::Publisher<r2p::MgmtMsg>::alloc(r2p::MgmtMsg*&)
 .text._ZN3r2p10StaticListINS_4NodeEE11link_unsafeERNS2_4LinkE
                0x08006460       0x50 build/obj/Middleware.o
                0x08006460                r2p::StaticList<r2p::Node>::link_unsafe(r2p::StaticList<r2p::Node>::Link&)
 .text._ZN3r2p10StaticListINS_9TransportEE4linkERNS2_4LinkE
                0x080064b0       0x20 build/obj/Middleware.o
                0x080064b0                r2p::StaticList<r2p::Transport>::link(r2p::StaticList<r2p::Transport>::Link&)
 .text._ZN3r2p10StaticListINS_9TransportEE5beginEv
                0x080064d0       0x20 build/obj/Middleware.o
                0x080064d0                r2p::StaticList<r2p::Transport>::begin()
 .text._ZN3r2p10StaticListINS_9TransportEE3endEv
                0x080064f0       0x20 build/obj/Middleware.o
                0x080064f0                r2p::StaticList<r2p::Transport>::end()
 .text._ZNK3r2p10StaticListINS_9TransportEE8IteratorneERKS3_
                0x08006510       0x20 build/obj/Middleware.o
                0x08006510                r2p::StaticList<r2p::Transport>::Iterator::operator!=(r2p::StaticList<r2p::Transport>::Iterator const&) const
 .text._ZN3r2p10StaticListINS_9TransportEE8IteratorppEv
                0x08006530       0x30 build/obj/Middleware.o
                0x08006530                r2p::StaticList<r2p::Transport>::Iterator::operator++()
 .text._ZNK3r2p10StaticListINS_4NodeEE15contains_unsafeERKS1_
                0x08006560       0x30 build/obj/Middleware.o
                0x08006560                r2p::StaticList<r2p::Node>::contains_unsafe(r2p::Node const&) const
 .text._ZN3r2p10StaticListINS_4NodeEE13unlink_unsafeERNS2_4LinkE
                0x08006590       0x60 build/obj/Middleware.o
                0x08006590                r2p::StaticList<r2p::Node>::unlink_unsafe(r2p::StaticList<r2p::Node>::Link&)
 .text._ZNK3r2p10StaticListINS_5TopicEE10find_firstIPFbRKS1_PKcEcEEPS1_T_PKT0_
                0x080065f0       0x20 build/obj/Middleware.o
                0x080065f0                r2p::Topic* r2p::StaticList<r2p::Topic>::find_first<bool (*)(r2p::Topic const&, char const*), char>(bool (*)(r2p::Topic const&, char const*), char const*) const
 .text._ZN3r2p4Node9advertiseINS_7MgmtMsgEEEbRNS_9PublisherIT_EEPKcRKNS_4TimeE
                0x08006610       0x30 build/obj/Middleware.o
                0x08006610                bool r2p::Node::advertise<r2p::MgmtMsg>(r2p::Publisher<r2p::MgmtMsg>&, char const*, r2p::Time const&)
 .text._ZN3r2p4Node9subscribeINS_7MgmtMsgEEEbRNS_16SubscriberExtBufIT_EEPKcPS4_
                0x08006640       0x30 build/obj/Middleware.o
                0x08006640                bool r2p::Node::subscribe<r2p::MgmtMsg>(r2p::SubscriberExtBuf<r2p::MgmtMsg>&, char const*, r2p::MgmtMsg*)
 .text._ZN3r2p7Message13reset_payloadINS_7MgmtMsgEEEvRT_
                0x08006670       0x20 build/obj/Middleware.o
                0x08006670                void r2p::Message::reset_payload<r2p::MgmtMsg>(r2p::MgmtMsg&)
 .text._ZN3r2p16SubscriberExtBufINS_7MgmtMsgEE5fetchERPS1_RNS_4TimeE
                0x08006690       0x20 build/obj/Middleware.o
                0x08006690                r2p::SubscriberExtBuf<r2p::MgmtMsg>::fetch(r2p::MgmtMsg*&, r2p::Time&)
 .text._ZN3r2p16SubscriberExtBufINS_7MgmtMsgEE7releaseERS1_
                0x080066b0       0x20 build/obj/Middleware.o
                0x080066b0                r2p::SubscriberExtBuf<r2p::MgmtMsg>::release(r2p::MgmtMsg&)
 .text._ZNK3r2p10StaticListINS_4NodeEE13ConstIterator8is_validEv
                0x080066d0       0x20 build/obj/Middleware.o
                0x080066d0                r2p::StaticList<r2p::Node>::ConstIterator::is_valid() const
 .text._ZNK3r2p10StaticListINS_4NodeEE7restartERNS2_13ConstIteratorE
                0x080066f0       0x30 build/obj/Middleware.o
                0x080066f0                r2p::StaticList<r2p::Node>::restart(r2p::StaticList<r2p::Node>::ConstIterator&) const
 .text._ZNK3r2p10StaticListINS_4NodeEE13ConstIteratordeEv
                0x08006720       0x10 build/obj/Middleware.o
                0x08006720                r2p::StaticList<r2p::Node>::ConstIterator::operator*() const
 .text._ZN3r2p10StaticListINS_4NodeEE13ConstIteratorppEv
                0x08006730       0x30 build/obj/Middleware.o
                0x08006730                r2p::StaticList<r2p::Node>::ConstIterator::operator++()
 .text._ZNK3r2p10StaticListINS_4NodeEE13ConstIteratorptEv
                0x08006760       0x10 build/obj/Middleware.o
                0x08006760                r2p::StaticList<r2p::Node>::ConstIterator::operator->() const
 .text._ZNK3r2p10StaticListINS_14LocalPublisherEE7restartERNS2_13ConstIteratorE
                0x08006770       0x30 build/obj/Middleware.o
                0x08006770                r2p::StaticList<r2p::LocalPublisher>::restart(r2p::StaticList<r2p::LocalPublisher>::ConstIterator&) const
 .text._ZNK3r2p10StaticListINS_15LocalSubscriberEE7restartERNS2_13ConstIteratorE
                0x080067a0       0x30 build/obj/Middleware.o
                0x080067a0                r2p::StaticList<r2p::LocalSubscriber>::restart(r2p::StaticList<r2p::LocalSubscriber>::ConstIterator&) const
 .text._ZNK3r2p10StaticListINS_14LocalPublisherEE13ConstIterator8is_validEv
                0x080067d0       0x20 build/obj/Middleware.o
                0x080067d0                r2p::StaticList<r2p::LocalPublisher>::ConstIterator::is_valid() const
 .text._ZNK3r2p10StaticListINS_14LocalPublisherEE13ConstIteratorptEv
                0x080067f0       0x10 build/obj/Middleware.o
                0x080067f0                r2p::StaticList<r2p::LocalPublisher>::ConstIterator::operator->() const
 .text._ZN3r2p10StaticListINS_14LocalPublisherEE13ConstIteratorppEv
                0x08006800       0x30 build/obj/Middleware.o
                0x08006800                r2p::StaticList<r2p::LocalPublisher>::ConstIterator::operator++()
 .text._ZNK3r2p10StaticListINS_15LocalSubscriberEE13ConstIterator8is_validEv
                0x08006830       0x20 build/obj/Middleware.o
                0x08006830                r2p::StaticList<r2p::LocalSubscriber>::ConstIterator::is_valid() const
 .text._ZNK3r2p10StaticListINS_15LocalSubscriberEE13ConstIteratorptEv
                0x08006850       0x10 build/obj/Middleware.o
                0x08006850                r2p::StaticList<r2p::LocalSubscriber>::ConstIterator::operator->() const
 .text._ZN3r2p10StaticListINS_15LocalSubscriberEE13ConstIteratorppEv
                0x08006860       0x30 build/obj/Middleware.o
                0x08006860                r2p::StaticList<r2p::LocalSubscriber>::ConstIterator::operator++()
 .text._ZNK3r2p10StaticListINS_9TransportEE5countEv
                0x08006890       0x40 build/obj/Middleware.o
                0x08006890                r2p::StaticList<r2p::Transport>::count() const
 .text._ZNK3r2p10StaticListINS_9TransportEE8IteratorptEv
                0x080068d0       0x10 build/obj/Middleware.o
                0x080068d0                r2p::StaticList<r2p::Transport>::Iterator::operator->() const
 .text._ZN3r2p10StaticListINS_4NodeEEC2Ev
                0x080068e0       0x20 build/obj/Middleware.o
                0x080068e0                r2p::StaticList<r2p::Node>::StaticList()
                0x080068e0                r2p::StaticList<r2p::Node>::StaticList()
 .text._ZN3r2p10StaticListINS_5TopicEEC2Ev
                0x08006900       0x20 build/obj/Middleware.o
                0x08006900                r2p::StaticList<r2p::Topic>::StaticList()
                0x08006900                r2p::StaticList<r2p::Topic>::StaticList()
 .text._ZN3r2p10StaticListINS_9TransportEEC2Ev
                0x08006920       0x20 build/obj/Middleware.o
                0x08006920                r2p::StaticList<r2p::Transport>::StaticList()
                0x08006920                r2p::StaticList<r2p::Transport>::StaticList()
 .text._ZN3r2p9PublisherINS_7MgmtMsgEEC2Ev
                0x08006940       0x30 build/obj/Middleware.o
                0x08006940                r2p::Publisher<r2p::MgmtMsg>::Publisher()
                0x08006940                r2p::Publisher<r2p::MgmtMsg>::Publisher()
 .text._ZN3r2p9PublisherINS_7MgmtMsgEED2Ev
                0x08006970       0x30 build/obj/Middleware.o
                0x08006970                r2p::Publisher<r2p::MgmtMsg>::~Publisher()
                0x08006970                r2p::Publisher<r2p::MgmtMsg>::~Publisher()
 .text._ZN3r2p9PublisherINS_7MgmtMsgEED0Ev
                0x080069a0       0x20 build/obj/Middleware.o
                0x080069a0                r2p::Publisher<r2p::MgmtMsg>::~Publisher()
 .text._ZN3r2p16SubscriberExtBufINS_7MgmtMsgEEC2EPPS1_jPFbRKS1_E
                0x080069c0       0x30 build/obj/Middleware.o
                0x080069c0                r2p::SubscriberExtBuf<r2p::MgmtMsg>::SubscriberExtBuf(r2p::MgmtMsg**, unsigned int, bool (*)(r2p::MgmtMsg const&))
                0x080069c0                r2p::SubscriberExtBuf<r2p::MgmtMsg>::SubscriberExtBuf(r2p::MgmtMsg**, unsigned int, bool (*)(r2p::MgmtMsg const&))
 .text._ZN3r2p16SubscriberExtBufINS_7MgmtMsgEED2Ev
                0x080069f0       0x30 build/obj/Middleware.o
                0x080069f0                r2p::SubscriberExtBuf<r2p::MgmtMsg>::~SubscriberExtBuf()
                0x080069f0                r2p::SubscriberExtBuf<r2p::MgmtMsg>::~SubscriberExtBuf()
 .text._ZN3r2p16SubscriberExtBufINS_7MgmtMsgEED0Ev
                0x08006a20       0x20 build/obj/Middleware.o
                0x08006a20                r2p::SubscriberExtBuf<r2p::MgmtMsg>::~SubscriberExtBuf()
 .text._ZN3r2p10StaticListINS_4NodeEE13ConstIteratorC2Ev
                0x08006a40       0x20 build/obj/Middleware.o
                0x08006a40                r2p::StaticList<r2p::Node>::ConstIterator::ConstIterator()
                0x08006a40                r2p::StaticList<r2p::Node>::ConstIterator::ConstIterator()
 .text._ZN3r2p10StaticListINS_14LocalPublisherEE13ConstIteratorC2Ev
                0x08006a60       0x20 build/obj/Middleware.o
                0x08006a60                r2p::StaticList<r2p::LocalPublisher>::ConstIterator::ConstIterator()
                0x08006a60                r2p::StaticList<r2p::LocalPublisher>::ConstIterator::ConstIterator()
 .text._ZN3r2p10StaticListINS_15LocalSubscriberEE13ConstIteratorC2Ev
                0x08006a80       0x20 build/obj/Middleware.o
                0x08006a80                r2p::StaticList<r2p::LocalSubscriber>::ConstIterator::ConstIterator()
                0x08006a80                r2p::StaticList<r2p::LocalSubscriber>::ConstIterator::ConstIterator()
 .text._ZN3r2p10StaticListINS_5TopicEE16link_tail_unsafeERNS2_4LinkE
                0x08006aa0       0x70 build/obj/Middleware.o
                0x08006aa0                r2p::StaticList<r2p::Topic>::link_tail_unsafe(r2p::StaticList<r2p::Topic>::Link&)
 .text._ZNK3r2p10StaticListINS_4NodeEE8get_headEv
                0x08006b10       0x20 build/obj/Middleware.o
                0x08006b10                r2p::StaticList<r2p::Node>::get_head() const
 .text._ZN3r2p10StaticListINS_4NodeEE8IteratorC2EPKNS2_4LinkE
                0x08006b30       0x20 build/obj/Middleware.o
                0x08006b30                r2p::StaticList<r2p::Node>::Iterator::Iterator(r2p::StaticList<r2p::Node>::Link const*)
                0x08006b30                r2p::StaticList<r2p::Node>::Iterator::Iterator(r2p::StaticList<r2p::Node>::Link const*)
 .text._ZN3r2p10StaticListINS_9TransportEE16link_tail_unsafeERNS2_4LinkE
                0x08006b50       0x70 build/obj/Middleware.o
                0x08006b50                r2p::StaticList<r2p::Transport>::link_tail_unsafe(r2p::StaticList<r2p::Transport>::Link&)
 .text._ZNK3r2p10StaticListINS_9TransportEE8get_headEv
                0x08006bc0       0x20 build/obj/Middleware.o
                0x08006bc0                r2p::StaticList<r2p::Transport>::get_head() const
 .text._ZN3r2p10StaticListINS_9TransportEE8IteratorC2EPKNS2_4LinkE
                0x08006be0       0x20 build/obj/Middleware.o
                0x08006be0                r2p::StaticList<r2p::Transport>::Iterator::Iterator(r2p::StaticList<r2p::Transport>::Link const*)
                0x08006be0                r2p::StaticList<r2p::Transport>::Iterator::Iterator(r2p::StaticList<r2p::Transport>::Link const*)
 .text._ZNK3r2p10StaticListINS_5TopicEE10find_firstEPFbRKS1_PKvES6_
                0x08006c00       0x60 build/obj/Middleware.o
                0x08006c00                r2p::StaticList<r2p::Topic>::find_first(bool (*)(r2p::Topic const&, void const*), void const*) const
 .text._ZN3r2p7Message16get_payload_sizeINS_7MgmtMsgEEEjv
                0x08006c60       0x10 build/obj/Middleware.o
                0x08006c60                unsigned int r2p::Message::get_payload_size<r2p::MgmtMsg>()
 .text._ZNK3r2p10StaticListINS_4NodeEE5beginEv
                0x08006c70       0x20 build/obj/Middleware.o
                0x08006c70                r2p::StaticList<r2p::Node>::begin() const
 .text._ZN3r2p10StaticListINS_4NodeEE13ConstIteratoraSERKS3_
                0x08006c90       0x20 build/obj/Middleware.o
                0x08006c90                r2p::StaticList<r2p::Node>::ConstIterator::operator=(r2p::StaticList<r2p::Node>::ConstIterator const&)
 .text._ZNK3r2p10StaticListINS_14LocalPublisherEE5beginEv
                0x08006cb0       0x20 build/obj/Middleware.o
                0x08006cb0                r2p::StaticList<r2p::LocalPublisher>::begin() const
 .text._ZN3r2p10StaticListINS_14LocalPublisherEE13ConstIteratoraSERKS3_
                0x08006cd0       0x20 build/obj/Middleware.o
                0x08006cd0                r2p::StaticList<r2p::LocalPublisher>::ConstIterator::operator=(r2p::StaticList<r2p::LocalPublisher>::ConstIterator const&)
 .text._ZNK3r2p10StaticListINS_15LocalSubscriberEE5beginEv
                0x08006cf0       0x20 build/obj/Middleware.o
                0x08006cf0                r2p::StaticList<r2p::LocalSubscriber>::begin() const
 .text._ZN3r2p10StaticListINS_15LocalSubscriberEE13ConstIteratoraSERKS3_
                0x08006d10       0x20 build/obj/Middleware.o
                0x08006d10                r2p::StaticList<r2p::LocalSubscriber>::ConstIterator::operator=(r2p::StaticList<r2p::LocalSubscriber>::ConstIterator const&)
 .text._ZN3r2p10StaticListINS_5TopicEE13unlink_unsafeERNS2_4LinkE
                0x08006d30       0x60 build/obj/Middleware.o
                0x08006d30                r2p::StaticList<r2p::Topic>::unlink_unsafe(r2p::StaticList<r2p::Topic>::Link&)
 .text._ZNK3r2p10StaticListINS_5TopicEE15is_empty_unsafeEv
                0x08006d90       0x20 build/obj/Middleware.o
                0x08006d90                r2p::StaticList<r2p::Topic>::is_empty_unsafe() const
 .text._ZNK3r2p10StaticListINS_4NodeEE15get_head_unsafeEv
                0x08006db0       0x10 build/obj/Middleware.o
                0x08006db0                r2p::StaticList<r2p::Node>::get_head_unsafe() const
 .text._ZN3r2p10StaticListINS_9TransportEE13unlink_unsafeERNS2_4LinkE
                0x08006dc0       0x60 build/obj/Middleware.o
                0x08006dc0                r2p::StaticList<r2p::Transport>::unlink_unsafe(r2p::StaticList<r2p::Transport>::Link&)
 .text._ZNK3r2p10StaticListINS_9TransportEE15is_empty_unsafeEv
                0x08006e20       0x20 build/obj/Middleware.o
                0x08006e20                r2p::StaticList<r2p::Transport>::is_empty_unsafe() const
 .text._ZNK3r2p10StaticListINS_9TransportEE15get_head_unsafeEv
                0x08006e40       0x10 build/obj/Middleware.o
                0x08006e40                r2p::StaticList<r2p::Transport>::get_head_unsafe() const
 .text._ZN3r2p10StaticListINS_4NodeEE13ConstIteratorC2EPKNS2_9ConstLinkE
                0x08006e50       0x20 build/obj/Middleware.o
                0x08006e50                r2p::StaticList<r2p::Node>::ConstIterator::ConstIterator(r2p::StaticList<r2p::Node>::ConstLink const*)
                0x08006e50                r2p::StaticList<r2p::Node>::ConstIterator::ConstIterator(r2p::StaticList<r2p::Node>::ConstLink const*)
 .text._ZNK3r2p10StaticListINS_14LocalPublisherEE15get_head_unsafeEv
                0x08006e70       0x10 build/obj/Middleware.o
                0x08006e70                r2p::StaticList<r2p::LocalPublisher>::get_head_unsafe() const
 .text._ZN3r2p10StaticListINS_14LocalPublisherEE13ConstIteratorC2EPKNS2_9ConstLinkE
                0x08006e80       0x20 build/obj/Middleware.o
                0x08006e80                r2p::StaticList<r2p::LocalPublisher>::ConstIterator::ConstIterator(r2p::StaticList<r2p::LocalPublisher>::ConstLink const*)
                0x08006e80                r2p::StaticList<r2p::LocalPublisher>::ConstIterator::ConstIterator(r2p::StaticList<r2p::LocalPublisher>::ConstLink const*)
 .text._ZNK3r2p10StaticListINS_15LocalSubscriberEE15get_head_unsafeEv
                0x08006ea0       0x10 build/obj/Middleware.o
                0x08006ea0                r2p::StaticList<r2p::LocalSubscriber>::get_head_unsafe() const
 .text._ZN3r2p10StaticListINS_15LocalSubscriberEE13ConstIteratorC2EPKNS2_9ConstLinkE
                0x08006eb0       0x20 build/obj/Middleware.o
                0x08006eb0                r2p::StaticList<r2p::LocalSubscriber>::ConstIterator::ConstIterator(r2p::StaticList<r2p::LocalSubscriber>::ConstLink const*)
                0x08006eb0                r2p::StaticList<r2p::LocalSubscriber>::ConstIterator::ConstIterator(r2p::StaticList<r2p::LocalSubscriber>::ConstLink const*)
 .text._ZNK3r2p4Time9to_us_rawEv
                0x08006ed0       0x10 build/obj/Node.o
                0x08006ed0                r2p::Time::to_us_raw() const
 .text._ZNK3r2p4Time9to_ms_rawEv
                0x08006ee0       0x20 build/obj/Node.o
                0x08006ee0                r2p::Time::to_ms_raw() const
 .text._ZN3r2peqERKNS_4TimeES2_
                0x08006f00       0x20 build/obj/Node.o
                0x08006f00                r2p::operator==(r2p::Time const&, r2p::Time const&)
 .text._ZN3r2p10SpinEvent_4waitERKNS_4TimeE
                0x08006f20       0xc0 build/obj/Node.o
                0x08006f20                r2p::SpinEvent_::wait(r2p::Time const&)
 .text._ZN3r2p10SpinEvent_C2EPNS_6ThreadE
                0x08006fe0       0x20 build/obj/Node.o
                0x08006fe0                r2p::SpinEvent_::SpinEvent_(r2p::Thread*)
                0x08006fe0                r2p::SpinEvent_::SpinEvent_(r2p::Thread*)
 .text._ZN3r2p9SpinEvent4waitERKNS_4TimeE
                0x08007000       0x20 build/obj/Node.o
                0x08007000                r2p::SpinEvent::wait(r2p::Time const&)
 .text._ZN3r2p9SpinEventC2EPNS_6ThreadE
                0x08007020       0x30 build/obj/Node.o
                0x08007020                r2p::SpinEvent::SpinEvent(r2p::Thread*)
                0x08007020                r2p::SpinEvent::SpinEvent(r2p::Thread*)
 .text._ZNK3r2p15LocalSubscriber12get_callbackEv
                0x08007050       0x10 build/obj/Node.o
                0x08007050                r2p::LocalSubscriber::get_callback() const
 .text._ZN3r2p4Node9advertiseERNS_14LocalPublisherEPKcRKNS_4TimeEj
                0x08007060       0x60 build/obj/Node.o
                0x08007060                r2p::Node::advertise(r2p::LocalPublisher&, char const*, r2p::Time const&, unsigned int)
 .text._ZN3r2p4Node9subscribeERNS_15LocalSubscriberEPKcPNS_7MessageEj
                0x080070c0       0xd0 build/obj/Node.o
                0x080070c0                r2p::Node::subscribe(r2p::LocalSubscriber&, char const*, r2p::Message*, unsigned int)
 .text._ZN3r2p4Node4spinERKNS_4TimeE
                0x08007190      0x100 build/obj/Node.o
                0x08007190                r2p::Node::spin(r2p::Time const&)
 .text._ZN3r2p10StaticListINS_14LocalPublisherEED2Ev
                0x08007290       0x20 build/obj/Node.o
                0x08007290                r2p::StaticList<r2p::LocalPublisher>::~StaticList()
                0x08007290                r2p::StaticList<r2p::LocalPublisher>::~StaticList()
 .text._ZN3r2p10StaticListINS_15LocalSubscriberEED2Ev
                0x080072b0       0x20 build/obj/Node.o
                0x080072b0                r2p::StaticList<r2p::LocalSubscriber>::~StaticList()
                0x080072b0                r2p::StaticList<r2p::LocalSubscriber>::~StaticList()
 .text._ZN3r2p9SpinEventD2Ev
                0x080072d0       0x20 build/obj/Node.o
                0x080072d0                r2p::SpinEvent::~SpinEvent()
                0x080072d0                r2p::SpinEvent::~SpinEvent()
 .text._ZN3r2p4NodeC2EPKcb
                0x080072f0       0xa0 build/obj/Node.o
                0x080072f0                r2p::Node::Node(char const*, bool)
                0x080072f0                r2p::Node::Node(char const*, bool)
 .text._ZN3r2p4NodeD2Ev
                0x08007390       0x40 build/obj/Node.o
                0x08007390                r2p::Node::~Node()
                0x08007390                r2p::Node::~Node()
 .text._ZN3r2p10StaticListINS_14LocalPublisherEE4linkERNS2_4LinkE
                0x080073d0       0x20 build/obj/Node.o
                0x080073d0                r2p::StaticList<r2p::LocalPublisher>::link(r2p::StaticList<r2p::LocalPublisher>::Link&)
 .text._ZNK3r2p10StaticListINS_15LocalSubscriberEE5countEv
                0x080073f0       0x40 build/obj/Node.o
                0x080073f0                r2p::StaticList<r2p::LocalSubscriber>::count() const
 .text._ZN3r2p10StaticListINS_15LocalSubscriberEE4linkERNS2_4LinkE
                0x08007430       0x20 build/obj/Node.o
                0x08007430                r2p::StaticList<r2p::LocalSubscriber>::link(r2p::StaticList<r2p::LocalSubscriber>::Link&)
 .text._ZN3r2p10StaticListINS_15LocalSubscriberEE6unlinkERNS2_4LinkE
                0x08007450       0x30 build/obj/Node.o
                0x08007450                r2p::StaticList<r2p::LocalSubscriber>::unlink(r2p::StaticList<r2p::LocalSubscriber>::Link&)
 .text._ZN3r2p10StaticListINS_15LocalSubscriberEE5beginEv
                0x08007480       0x20 build/obj/Node.o
                0x08007480                r2p::StaticList<r2p::LocalSubscriber>::begin()
 .text._ZN3r2p10StaticListINS_15LocalSubscriberEE3endEv
                0x080074a0       0x20 build/obj/Node.o
                0x080074a0                r2p::StaticList<r2p::LocalSubscriber>::end()
 .text._ZNK3r2p10StaticListINS_15LocalSubscriberEE8IteratorneERKS3_
                0x080074c0       0x20 build/obj/Node.o
                0x080074c0                r2p::StaticList<r2p::LocalSubscriber>::Iterator::operator!=(r2p::StaticList<r2p::LocalSubscriber>::Iterator const&) const
 .text._ZN3r2p10StaticListINS_15LocalSubscriberEE8IteratorppEv
                0x080074e0       0x30 build/obj/Node.o
                0x080074e0                r2p::StaticList<r2p::LocalSubscriber>::Iterator::operator++()
 .text._ZNK3r2p10StaticListINS_15LocalSubscriberEE8IteratorptEv
                0x08007510       0x10 build/obj/Node.o
                0x08007510                r2p::StaticList<r2p::LocalSubscriber>::Iterator::operator->() const
 .text._ZN3r2p10StaticListINS_14LocalPublisherEEC2Ev
                0x08007520       0x20 build/obj/Node.o
                0x08007520                r2p::StaticList<r2p::LocalPublisher>::StaticList()
                0x08007520                r2p::StaticList<r2p::LocalPublisher>::StaticList()
 .text._ZN3r2p10StaticListINS_15LocalSubscriberEEC2Ev
                0x08007540       0x20 build/obj/Node.o
                0x08007540                r2p::StaticList<r2p::LocalSubscriber>::StaticList()
                0x08007540                r2p::StaticList<r2p::LocalSubscriber>::StaticList()
 .text._ZN3r2p10StaticListINS_4NodeEE4LinkC2ERS1_
                0x08007560       0x20 build/obj/Node.o
                0x08007560                r2p::StaticList<r2p::Node>::Link::Link(r2p::Node&)
                0x08007560                r2p::StaticList<r2p::Node>::Link::Link(r2p::Node&)
 .text._ZN3r2p10StaticListINS_14LocalPublisherEE16link_tail_unsafeERNS2_4LinkE
                0x08007580       0x70 build/obj/Node.o
                0x08007580                r2p::StaticList<r2p::LocalPublisher>::link_tail_unsafe(r2p::StaticList<r2p::LocalPublisher>::Link&)
 .text._ZN3r2p10StaticListINS_15LocalSubscriberEE16link_tail_unsafeERNS2_4LinkE
                0x080075f0       0x70 build/obj/Node.o
                0x080075f0                r2p::StaticList<r2p::LocalSubscriber>::link_tail_unsafe(r2p::StaticList<r2p::LocalSubscriber>::Link&)
 .text._ZN3r2p10StaticListINS_15LocalSubscriberEE13unlink_unsafeERNS2_4LinkE
                0x08007660       0x60 build/obj/Node.o
                0x08007660                r2p::StaticList<r2p::LocalSubscriber>::unlink_unsafe(r2p::StaticList<r2p::LocalSubscriber>::Link&)
 .text._ZNK3r2p10StaticListINS_15LocalSubscriberEE8get_headEv
                0x080076c0       0x20 build/obj/Node.o
                0x080076c0                r2p::StaticList<r2p::LocalSubscriber>::get_head() const
 .text._ZN3r2p10StaticListINS_15LocalSubscriberEE8IteratorC2EPKNS2_4LinkE
                0x080076e0       0x20 build/obj/Node.o
                0x080076e0                r2p::StaticList<r2p::LocalSubscriber>::Iterator::Iterator(r2p::StaticList<r2p::LocalSubscriber>::Link const*)
                0x080076e0                r2p::StaticList<r2p::LocalSubscriber>::Iterator::Iterator(r2p::StaticList<r2p::LocalSubscriber>::Link const*)
 .text._ZN3r2p10StaticListINS_14LocalPublisherEE13unlink_unsafeERNS2_4LinkE
                0x08007700       0x60 build/obj/Node.o
                0x08007700                r2p::StaticList<r2p::LocalPublisher>::unlink_unsafe(r2p::StaticList<r2p::LocalPublisher>::Link&)
 .text._ZNK3r2p10StaticListINS_14LocalPublisherEE15is_empty_unsafeEv
                0x08007760       0x20 build/obj/Node.o
                0x08007760                r2p::StaticList<r2p::LocalPublisher>::is_empty_unsafe() const
 .text._ZN3r2p15RemotePublisherC2ERNS_9TransportE
                0x08007780       0x40 build/obj/RemotePublisher.o
                0x08007780                r2p::RemotePublisher::RemotePublisher(r2p::Transport&)
                0x08007780                r2p::RemotePublisher::RemotePublisher(r2p::Transport&)
 .text._ZN3r2p15RemotePublisherD2Ev
                0x080077c0       0x30 build/obj/RemotePublisher.o
                0x080077c0                r2p::RemotePublisher::~RemotePublisher()
                0x080077c0                r2p::RemotePublisher::~RemotePublisher()
 .text._ZN3r2p10StaticListINS_15RemotePublisherEE4LinkC2ERS1_
                0x080077f0       0x20 build/obj/RemotePublisher.o
                0x080077f0                r2p::StaticList<r2p::RemotePublisher>::Link::Link(r2p::RemotePublisher&)
                0x080077f0                r2p::StaticList<r2p::RemotePublisher>::Link::Link(r2p::RemotePublisher&)
 .text._ZN3r2p16RemoteSubscriberC2ERNS_9TransportE
                0x08007810       0x50 build/obj/RemoteSubscriber.o
                0x08007810                r2p::RemoteSubscriber::RemoteSubscriber(r2p::Transport&)
                0x08007810                r2p::RemoteSubscriber::RemoteSubscriber(r2p::Transport&)
 .text._ZN3r2p16RemoteSubscriberD2Ev
                0x08007860       0x30 build/obj/RemoteSubscriber.o
                0x08007860                r2p::RemoteSubscriber::~RemoteSubscriber()
                0x08007860                r2p::RemoteSubscriber::~RemoteSubscriber()
 .text._ZN3r2p10StaticListINS_16RemoteSubscriberEE4LinkC2ERS1_
                0x08007890       0x20 build/obj/RemoteSubscriber.o
                0x08007890                r2p::StaticList<r2p::RemoteSubscriber>::Link::Link(r2p::RemoteSubscriber&)
                0x08007890                r2p::StaticList<r2p::RemoteSubscriber>::Link::Link(r2p::RemoteSubscriber&)
 .text._ZN3r2p4TimeC2IiEET_
                0x080078b0       0x20 build/obj/Time.o
                0x080078b0                r2p::Time::Time<int>(int)
                0x080078b0                r2p::Time::Time<int>(int)
 .text._Z41__static_initialization_and_destruction_0ii
                0x080078d0       0x50 build/obj/Time.o
 .text._GLOBAL__sub_I__ZN3r2p4Time9IMMEDIATEE
                0x08007920       0x10 build/obj/Time.o
 .text._ZN3r2p11MemoryPool_C2Ej
                0x08007930       0x30 build/obj/Topic.o
                0x08007930                r2p::MemoryPool_::MemoryPool_(unsigned int)
                0x08007930                r2p::MemoryPool_::MemoryPool_(unsigned int)
 .text._ZN3r2pgtERKNS_4TimeES2_
                0x08007960       0x20 build/obj/Topic.o
                0x08007960                r2p::operator>(r2p::Time const&, r2p::Time const&)
 .text._ZNK3r2p16RemoteSubscriber13get_transportEv
                0x08007980       0x10 build/obj/Topic.o
                0x08007980                r2p::RemoteSubscriber::get_transport() const
 .text._ZNK3r2p5Topic13get_type_sizeEv
                0x08007990       0x20 build/obj/Topic.o
                0x08007990                r2p::Topic::get_type_size() const
 .text._ZNK3r2p5Topic22has_remote_subscribersEv
                0x080079b0       0x20 build/obj/Topic.o
                0x080079b0                r2p::Topic::has_remote_subscribers() const
 .text._ZN3r2p10Middleware14get_mgmt_topicEv
                0x080079d0       0x10 build/obj/Topic.o
                0x080079d0                r2p::Middleware::get_mgmt_topic()
 .text._ZN3r2p5Topic20notify_locals_unsafeERNS_7MessageERKNS_4TimeE
                0x080079e0       0x90 build/obj/Topic.o
                0x080079e0                r2p::Topic::notify_locals_unsafe(r2p::Message&, r2p::Time const&)
 .text._ZN3r2p5Topic5allocEv
                0x08007a70       0x20 build/obj/Topic.o
                0x08007a70                r2p::Topic::alloc()
 .text._ZN3r2p5Topic13notify_localsERNS_7MessageERKNS_4TimeE
                0x08007a90       0x90 build/obj/Topic.o
                0x08007a90                r2p::Topic::notify_locals(r2p::Message&, r2p::Time const&)
 .text._ZN3r2p5Topic14notify_remotesERNS_7MessageERKNS_4TimeE
                0x08007b20       0xb0 build/obj/Topic.o
                0x08007b20                r2p::Topic::notify_remotes(r2p::Message&, r2p::Time const&)
 .text._ZN3r2p5Topic12forward_copyERKNS_7MessageERKNS_4TimeE
                0x08007bd0       0xe0 build/obj/Topic.o
                0x08007bd0                r2p::Topic::forward_copy(r2p::Message const&, r2p::Time const&)
 .text._ZN3r2p5Topic9advertiseERNS_14LocalPublisherERKNS_4TimeE
                0x08007cb0       0x40 build/obj/Topic.o
                0x08007cb0                r2p::Topic::advertise(r2p::LocalPublisher&, r2p::Time const&)
 .text._ZN3r2p5Topic9advertiseERNS_15RemotePublisherERKNS_4TimeE
                0x08007cf0       0x40 build/obj/Topic.o
                0x08007cf0                r2p::Topic::advertise(r2p::RemotePublisher&, r2p::Time const&)
 .text._ZN3r2p5Topic9subscribeERNS_15LocalSubscriberEj
                0x08007d30       0x40 build/obj/Topic.o
                0x08007d30                r2p::Topic::subscribe(r2p::LocalSubscriber&, unsigned int)
 .text._ZN3r2p5Topic9subscribeERNS_16RemoteSubscriberEj
                0x08007d70       0x40 build/obj/Topic.o
                0x08007d70                r2p::Topic::subscribe(r2p::RemoteSubscriber&, unsigned int)
 .text._ZNK3r2p5Topic16patch_pubsub_msgERNS_7MessageERNS_9TransportE
                0x08007db0       0x70 build/obj/Topic.o
                0x08007db0                r2p::Topic::patch_pubsub_msg(r2p::Message&, r2p::Transport&) const
 .text._ZN3r2p5TopicC2EPKcjb
                0x08007e20       0x90 build/obj/Topic.o
                0x08007e20                r2p::Topic::Topic(char const*, unsigned int, bool)
                0x08007e20                r2p::Topic::Topic(char const*, unsigned int, bool)
 .text._ZNK3r2p10StaticListINS_16RemoteSubscriberEE15is_empty_unsafeEv
                0x08007eb0       0x20 build/obj/Topic.o
                0x08007eb0                r2p::StaticList<r2p::RemoteSubscriber>::is_empty_unsafe() const
 .text._ZN3r2p10StaticListINS_15LocalSubscriberEE12begin_unsafeEv
                0x08007ed0       0x20 build/obj/Topic.o
                0x08007ed0                r2p::StaticList<r2p::LocalSubscriber>::begin_unsafe()
 .text._ZN3r2p10StaticListINS_15LocalSubscriberEE10end_unsafeEv
                0x08007ef0       0x20 build/obj/Topic.o
                0x08007ef0                r2p::StaticList<r2p::LocalSubscriber>::end_unsafe()
 .text._ZNK3r2p10StaticListINS_15LocalSubscriberEE14IteratorUnsafeneERKS3_
                0x08007f10       0x20 build/obj/Topic.o
                0x08007f10                r2p::StaticList<r2p::LocalSubscriber>::IteratorUnsafe::operator!=(r2p::StaticList<r2p::LocalSubscriber>::IteratorUnsafe const&) const
 .text._ZN3r2p10StaticListINS_15LocalSubscriberEE14IteratorUnsafeppEv
                0x08007f30       0x20 build/obj/Topic.o
                0x08007f30                r2p::StaticList<r2p::LocalSubscriber>::IteratorUnsafe::operator++()
 .text._ZNK3r2p10StaticListINS_15LocalSubscriberEE14IteratorUnsafeptEv
                0x08007f50       0x10 build/obj/Topic.o
                0x08007f50                r2p::StaticList<r2p::LocalSubscriber>::IteratorUnsafe::operator->() const
 .text._ZN3r2p10StaticListINS_16RemoteSubscriberEE5beginEv
                0x08007f60       0x20 build/obj/Topic.o
                0x08007f60                r2p::StaticList<r2p::RemoteSubscriber>::begin()
 .text._ZN3r2p10StaticListINS_16RemoteSubscriberEE3endEv
                0x08007f80       0x20 build/obj/Topic.o
                0x08007f80                r2p::StaticList<r2p::RemoteSubscriber>::end()
 .text._ZNK3r2p10StaticListINS_16RemoteSubscriberEE8IteratorneERKS3_
                0x08007fa0       0x20 build/obj/Topic.o
                0x08007fa0                r2p::StaticList<r2p::RemoteSubscriber>::Iterator::operator!=(r2p::StaticList<r2p::RemoteSubscriber>::Iterator const&) const
 .text._ZN3r2p10StaticListINS_16RemoteSubscriberEE8IteratorppEv
                0x08007fc0       0x30 build/obj/Topic.o
                0x08007fc0                r2p::StaticList<r2p::RemoteSubscriber>::Iterator::operator++()
 .text._ZNK3r2p10StaticListINS_16RemoteSubscriberEE8IteratorptEv
                0x08007ff0       0x10 build/obj/Topic.o
                0x08007ff0                r2p::StaticList<r2p::RemoteSubscriber>::Iterator::operator->() const
 .text._ZN3r2p5Topic5allocINS_7MessageEEEbRPT_
                0x08008000       0x30 build/obj/Topic.o
                0x08008000                bool r2p::Topic::alloc<r2p::Message>(r2p::Message*&)
 .text._ZN3r2p10StaticListINS_15LocalSubscriberEE11link_unsafeERNS2_4LinkE
                0x08008030       0x50 build/obj/Topic.o
                0x08008030                r2p::StaticList<r2p::LocalSubscriber>::link_unsafe(r2p::StaticList<r2p::LocalSubscriber>::Link&)
 .text._ZN3r2p10StaticListINS_16RemoteSubscriberEE11link_unsafeERNS2_4LinkE